.001029
0.00000000179
-0.00000001570
3
-0.00000000719
-0.00000000814
-0.00000000268
0.00000000106
0.00000001004
-0.00000001029
0.00000000179
-0.00000001570
# 
# TAPR TICC Timestamping Counter
# Copyright 2016-2025 N8UR, K9TRV, NH6Z, WA8YWQ
# 
# #####################
# TICC Configuration: 
# Software Version: 20251215.1 (RELEASE)
# EEPROM Version: 13, Board Version: D
# Board Serial Number: 46F08E3E
# Measurement Mode: Time Interval ch0->ch1
# Timestamp Wrap: 0 (no wrap)
# Output Decimal Places: 11
# SyncMode: P
# Serial Baud Rate: 115200
# Channel Names: A/B (C)
# Poll Character: none
# Clock Speed: 10.000000 MHz
# Coarse tick: 100.000000 usec
# Cal Periods: 20
# Propagation Delay ps: 0 (ch0), 0 (ch1)
# Timeout: 0x05
# Time Dilation ps: 2500 (ch0), 2500 (ch1)
# fixedTime2 ps: 0 (ch0), 0 (ch1)
# FUDGE0 ps: 0 (ch0), 0 (ch1)
# #####################
# 
# Type any character for config menu
# ............................
# 
# time interval ch0->ch1 (seconds with 11 decimal places)
-0.00000001103
0.00000000244
-0.00000001198
0.00000000348
-0.00000000754
-0.00000002399
-0.00000001446
-0.00000002406
-0.00000001088
-0.00000001960
-0.00000000729
-0.00000001728
-0.00000000597
-0.00000001450
-0.00000000333
-0.00000001225
-0.00000002368
-0.00000000398
-0.00000001493
0.00000000686
0.00000000082
0.00000000036
-0.00000000508
-0.00000000720
-0.00000001208
-0.00000001132
-0.00000001747
-0.00000002015
-0.00000002600
-0.00000000332
-0.00000000012
0.00000000011
0.00000000104
0.00000000577
-0.00000001736
-0.00000001338
-0.00000001062
0.00000000137
0.00000000673
-0.00000000223
0.00000000753
-0.00000000295
-0.00000001977
-0.00000000285
-0.00000001803
0.00000000032
-0.00000001254
-0.00000002398
-0.00000000867
-0.00000002164
-0.00000000774
-0.00000002070
-0.00000000147
-0.00000001263
0.00000000696
-0.00000000312
