I"# 
# TAPR TICC Timestamping Counter
# Copyright 2016-2025 N8UR, K9TRV, NH6Z, WA8YWQ
# 
# #####################
# TICC Configuration: 
# Software Version: 20251215.1 (RELEASE)
# EEPROM Version: 13, Board Version: D
# Board Serial Number: 46F08E3E
# Measurement Mode: Time Interval ch0->ch1
# Timestamp Wrap: 0 (no wrap)
# Output Decimal Places: 11
# SyncMode: P
# Serial Baud Rate: 115200
# Channel Names: A/B (C)
# Poll Character: none
# Clock Speed: 10.000000 MHz
# Coarse tick: 100.000000 usec
# Cal Periods: 20
# Propagation Delay ps: 0 (ch0), 0 (ch1)
# Timeout: 0x05
# Time Dilation ps: 2500 (ch0), 2500 (ch1)
# fixedTime2 ps: 0 (ch0), 0 (ch1)
# FUDGE0 ps: 0 (ch0), 0 (ch1)
# #####################
# 
# Type any character for config menu
# ............................
# 
# time interval ch0->ch1 (seconds with 11 decimal places)
0.00000042447
0.00000041354
0.00000042311
0.00000041231
0.00000042418
0.00000043735
0.00000041906
0.00000042414
0.00000040511
0.00000041102
0.00000041062
0.00000041358
0.00000041662
0.00000041424
0.00000041463
0.00000041157
0.00000040912
0.00000042739
0.00000042379
0.00000041963
0.00000040952
0.00000042749
0.00000041950
0.00000043497
0.00000042152
0.00000040817
0.00000041835
0.00000042439
0.00000041088
0.00000042178
0.00000042759
0.00000040131
0.00000040978
0.00000041809
0.00000042461
0.00000042677
0.00000043023
0.00000040414
0.00000040531
0.00000040273
0.00000042921
0.00000042292
0.00000041417
0.00000040742
0.00000042745
0.00000041726
0.00000044206
0.00000043217
0.00000042653
0.00000041920
0.00000040970
0.00000042700
0.00000041587
0.00000042973
0.00000041462
0.00000043160
0.00000041817
