Ë# 
# TAPR TICC Timestamping Counter
# Copyright 2016-2025 N8UR, K9TRV, NH6Z, WA8YWQ
# 
# #####################
# TICC Configuration: 
# Software Version: 20251215.1 (RELEASE)
# EEPROM Version: 13, Board Version: D
# Board Serial Number: 46F08E3E
# Measurement Mode: Time Interval ch0->ch1
# Timestamp Wrap: 0 (no wrap)
# Output Decimal Places: 11
# SyncMode: P
# Serial Baud Rate: 115200
# Channel Names: A/B (C)
# Poll Character: none
# Clock Speed: 10.000000 MHz
# Coarse tick: 100.000000 usec
# Cal Periods: 20
# Propagation Delay ps: 0 (ch0), 0 (ch1)
# Timeout: 0x05
# Time Dilation ps: 2500 (ch0), 2500 (ch1)
# fixedTime2 ps: 0 (ch0), 0 (ch1)
# FUDGE0 ps: 0 (ch0), 0 (ch1)
# #####################
# 
# Type any character for config menu
# ............................
# 
# time interval ch0->ch1 (seconds with 11 decimal places)
-0.00000000839
-0.00000000829
-0.00000000840
-0.00000000831
-0.00000000849
-0.00000000851
-0.00000000876
-0.00000000842
-0.00000000812
-0.00000000851
-0.00000000821
-0.00000000832
-0.00000000808
-0.00000000869
-0.00000000861
-0.00000000849
-0.00000000872
-0.00000000863
-0.00000000874
-0.00000000859
-0.00000000861
-0.00000000808
-0.00000000896
-0.00000000823
-0.00000000828
-0.00000000824
-0.00000000870
-0.00000000848
-0.00000000862
-0.00000000855
-0.00000000813
-0.00000000807
-0.00000000838
-0.00000000856
-0.00000000833
-0.00000000853
-0.00000000835
-0.00000000869
-0.00000000838
-0.00000000849
-0.00000000876
-0.00000000834
-0.00000000858
-0.00000000790
-0.00000000858
-0.00000000854
-0.00000000867
-0.00000000838
-0.00000000848
-0.00000000863
-0.00000000846
-0.00000000866
-0.00000000831
-0.00000000876
-0.00000000845
-0.00000000869
-0.00000000841
-0.00000000853
-0.00000000872
-0.00000000816
-0.00000000843
-0.00000000854
-0.00000000834
-0.00000000881
-0.00000000848
-0.00000000849
-0.00000000868
-0.00000000844
-0.00000000820
-0.00000000875
-0.00000000864
-0.00000000858
-0.00000000871
-0.00000000850
-0.00000000855
-0.00000000863
-0.00000000861
-0.00000000837
-0.00000000831
-0.00000000879
-0.00000000822
-0.00000000887
-0.00000000845
-0.00000000869
-0.00000000857
-0.00000000797
-0.00000000831
-0.00000000859
-0.00000000822
-0.00000000865
-0.00000000820
-0.00000000864
-0.00000000873
-0.00000000862
-0.00000000864
-0.00000000879
-0.00000000830
-0.00000000874
-0.00000000819
-0.00000000843
-0.00000000815
-0.00000000844
-0.00000000850
-0.00000000841
-0.00000000841
-0.00000000872
-0.00000000840
-0.00000000855
-0.00000000887
-0.00000000846
-0.00000000858
-0.00000000832
-0.00000000832
-0.00000000884
-0.00000000845
-0.00000000838
-0.00000000825
-0.00000000848
-0.00000000850
-0.00000000828
-0.00000000851
-0.00000000824
-0.00000000854
-0.00000000840
-0.00000000844
-0.00000000841
-0.00000000834
-0.00000000823
-0.00000000867
-0.00000000854
-0.00000000871
-0.00000000832
-0.00000000840
-0.00000000874
-0.00000000815
-0.00000000859
-0.00000000847
-0.00000000868
-0.00000000872
-0.00000000831
-0.00000000871
-0.00000000840
-0.00000000809
-0.00000000848
-0.00000000845
-0.00000000835
-0.00000000849
-0.00000000854
-0.00000000866
-0.00000000850
-0.00000000857
-0.00000000850
-0.00000000837
-0.00000000814
-0.00000000841
-0.00000000811
-0.00000000873
-0.00000000853
-0.00000000826
-0.00000000850
-0.00000000834
-0.00000000840
-0.00000000814
-0.00000000859
-0.00000000814
-0.00000000828
-0.00000000845
-0.00000000831
-0.00000000825
-0.00000000833
-0.00000000827
-0.00000000850
-0.00000000825
-0.00000000858
-0.00000000849
-0.00000000850
-0.00000000868
-0.00000000870
-0.00000000871
-0.00000000851
-0.00000000827
-0.00000000849
-0.00000000870
-0.00000000818
-0.00000000827
-0.00000000851
-0.00000000839
-0.00000000828
-0.00000000852
-0.00000000867
-0.00000000856
-0.00000000871
-0.00000000849
-0.00000000863
-0.00000000828
-0.00000000838
-0.00000000831
-0.00000000843
-0.00000000834
-0.00000000856
-0.00000000837
-0.00000000865
-0.00000000868
-0.00000000816
-0.00000000838
-0.00000000836
-0.00000000847
-0.00000000856
-0.00000000839
-0.00000000860
-0.00000000871
-0.00000000829
-0.00000000838
-0.00000000841
-0.00000000859
-0.00000000858
-0.00000000862
-0.00000000888
-0.00000000846
-0.00000000830
-0.00000000860
-0.00000000814
-0.00000000821
-0.00000000843
-0.00000000851
-0.00000000865
-0.00000000866
-0.00000000854
-0.00000000873
-0.00000000856
-0.00000000840
-0.00000000819
-0.00000000808
-0.00000000851
-0.00000000861
-0.00000000854
-0.00000000859
-0.00000000870
-0.00000000837
-0.00000000826
-0.00000000822
-0.00000000847
-0.00000000834
-0.00000000858
-0.00000000830
-0.00000000830
-0.00000000877
-0.00000000850
-0.00000000856
-0.00000000869
-0.00000000834
-0.00000000833
-0.00000000838
-0.00000000832
-0.00000000856
-0.00000000857
-0.00000000834
-0.00000000836
-0.00000000831
-0.00000000849
-0.00000000861
-0.00000000868
-0.00000000865
-0.00000000818
-0.00000000863
-0.00000000864
-0.00000000856
-0.00000000847
-0.00000000838
-0.00000000819
-0.00000000836
-0.00000000848
-0.00000000840
-0.00000000856
-0.00000000845
-0.00000000854
-0.00000000854
-0.00000000840
-0.00000000843
-0.00000000856
-0.00000000873
-0.00000000852
-0.00000000860
-0.00000000844
-0.00000000837
-0.00000000860
-0.00000000812
-0.00000000858
-0.00000000859
-0.00000000837
-0.00000000854
-0.00000000881
-0.00000000834
-0.00000000850
-0.00000000849
-0.00000000858
-0.00000000857
-0.00000000875
-0.00000000796
-0.00000000860
-0.00000000804
-0.00000000833
-0.00000000864
-0.00000000846
-0.00000000807
-0.00000000841
-0.00000000821
-0.00000000872
-0.00000000863
-0.00000000835
-0.00000000870
-0.00000000827
-0.00000000860
-0.00000000866
-0.00000000864
-0.00000000864
-0.00000000832
-0.00000000808
-0.00000000849
-0.00000000787
-0.00000000843
-0.00000000844
-0.00000000865
-0.00000000882
-0.00000000819
-0.00000000838
-0.00000000879
-0.00000000846
-0.00000000836
-0.00000000837
-0.00000000855
-0.00000000828
-0.00000000857
-0.00000000874
-0.00000000835
-0.00000000814
-0.00000000847
-0.00000000787
-0.00000000845
