#
# TAPR TICC Timestamping Counter
# Copyright 2016-2025 N8UR, K9TRV, NH6Z, WA8YWQ
#
#####################
# TICC Configuration:
# Software Version: 20251030.1 (RELEASE)
# EEPROM Version: 12, Board Version: D
# Board Serial Number: 606E9B78
# Measurement Mode: Time Interval A->B
# Timestamp Wrap: 0 (no wrap)
# Output Decimal Places: 11
# SyncMode: P
# Serial Baud Rate: 115200
# Channel Names: A/B
# Poll Character: none
# Clock Speed: 10.000000 MHz
# Coarse tick: 100.000000 usec
# Cal Periods: 20
# PropDelay: 0 (ch0), 0 (ch1)
# Timeout: 0x05
# Time Dilation: 2500 (ch0), 2500 (ch1)
# FIXED_TIME2: 0 (ch0), 0 (ch1)
# FUDGE0: 0 (ch0), 0 (ch1)
#####################
#
# Type any character for config menu
# ............................
#
# time interval A->B (seconds with 11 decimal places)
-1.99999941041
-1.99999941238
-1.99999940949
-1.99999941470
-1.99999941521
-1.99999941979
-1.99999941240
-1.99999941030
-1.99999941257
-1.99999942022
-1.99999941736
-1.99999941115
-1.99999941281
-1.99999940878
-1.99999940282
-1.99999941004
-1.99999941367
-1.99999940861
-1.99999941098
-1.99999941175
-1.99999941252
-1.99999941550
-1.99999941444
-1.99999941092
-1.99999940818
-1.99999941509
-1.99999941429
-1.99999941083
-1.99999941634
-1.99999941374
-1.99999941128
-1.99999941005
-1.99999940943
-1.99999940845
-1.99999941298
-1.99999941234
-1.99999940916
-1.99999940588
-1.99999940571
-1.99999940789
-1.99999941313
-1.99999940699
-1.99999941237
-1.99999941762
-1.99999941137
-1.99999940853
-1.99999941230
-1.99999941563
-1.99999941586
-1.99999941212
-1.99999941089
-1.99999941037
-1.99999940999
-1.99999940887
-1.99999940381
-1.99999941057
-1.99999941805
-1.99999941563
-1.99999942174
-1.99999942136
-1.99999940228
-1.99999940773
-1.99999942001
-1.99999941823
-1.99999941636
-1.99999941105
-1.99999940436
-1.99999939957
-1.99999940500
-1.99999941179
-1.99999940991
-1.99999940262
-1.99999940657
-1.99999941642
-1.99999941711
-1.99999941175
-1.99999940820
-1.99999941459
-1.99999941397
-1.99999940962
-1.99999941289
-1.99999941038
-1.99999940778
-1.99999941737
-1.99999941340
-1.99999941270
-1.99999940852
-1.99999941204
-1.99999940832
-1.99999940194
-1.99999940443
-1.99999941838
-1.99999943029
-1.99999942729
-1.99999942092
-1.99999941125
-1.99999941067
-1.99999940950
-1.99999940551
-1.99999941156
-1.99999940667
-1.99999940061
-1.99999940772
-1.99999941376
-1.99999942505
-1.99999942950
-1.99999942590
-1.99999941848
-1.99999942028
-1.99999941437
-1.99999941763
-1.99999941013
-1.99999940822
-1.99999941480
-1.99999941827
-1.99999941360
-1.99999941090
-1.99999940696
-1.99999940598
-1.99999941882
-1.99999941674
-1.99999940882
-1.99999940959
-1.99999940578
-1.99999940207
-1.99999940487
-1.99999941636
-1.99999941378
-1.99999941196
-1.99999941112
-1.99999941514
-1.99999941449
-1.99999940788
-1.99999940408
-1.99999940698
-1.99999941446
-1.99999941969
-1.99999942123
-1.99999941245
-1.99999940910
-1.99999940744
-1.99999941096
-1.99999941116
-1.99999940473
-1.99999940294
-1.99999941181
-1.99999941176
-1.99999940187
-1.99999940459
-1.99999941325
-1.99999942475
-1.99999942575
-1.99999942735
-1.99999941557
-1.99999940731
-1.99999940993
-1.99999940965
-1.99999940772
-1.99999940768
-1.99999940736
-1.99999941469
-1.99999940652
-1.99999941143
-1.99999941943
-1.99999941168
-1.99999941339
-1.99999941747
-1.99999942217
-1.99999941899
-1.99999942734
-1.99999942243
-1.99999941432
-1.99999941167
-1.99999940658
-1.99999940736
-1.99999940984
-1.99999940811
-1.99999941361
-1.99999941060
-1.99999941120
-1.99999940958
-1.99999941694
-1.99999941717
-1.99999941472
-1.99999941367
-1.99999941379
-1.99999941460
-1.99999941386
-1.99999940879
-1.99999941040
-1.99999941183
-1.99999940941
-1.99999941116
-1.99999941334
-1.99999941335
-1.99999940737
-1.99999940791
-1.99999941765
-1.99999941885
-1.99999941371
-1.99999940925
-1.99999940110
-1.99999940473
-1.99999942556
-1.99999943001
-1.99999942043
-1.99999940960
-1.99999941350
-1.99999942052
-1.99999942123
-1.99999941115
-1.99999940623
-1.99999940724
-1.99999941224
-1.99999940985
-1.99999940622
-1.99999940611
-1.99999940889
-1.99999940975
-1.99999940857
-1.99999940556
-1.99999941218
-1.99999940883
-1.99999940703
-1.99999941087
-1.99999941905
-1.99999940987
-1.99999940278
-1.99999941011
-1.99999941128
-1.99999940845
-1.99999941048
-1.99999941411
-1.99999941767
-1.99999941402
-1.99999940937
-1.99999941301
-1.99999940919
-1.99999941824
-1.99999942154
-1.99999941444
-1.99999940670
-1.99999940563
-1.99999941167
-1.99999941391
-1.99999941634
-1.99999941167
-1.99999941333
-1.99999941238
-1.99999941044
-1.99999941309
-1.99999941829
-1.99999942150
-1.99999942015
-1.99999941770
-1.99999940685
-1.99999940327
-1.99999940773
-1.99999941193
-1.99999940737
-1.99999940927
-1.99999941530
-1.99999941668
-1.99999941648
-1.99999940821
-1.99999940832
-1.99999940436
-1.99999941188
-1.99999941573
-1.99999941843
-1.99999941331
-1.99999940966
-1.99999941378
-1.99999941342
-1.99999941273
-1.99999941082
-1.99999940875
-1.99999941341
-1.99999941633
-1.99999941448
-1.99999940994
-1.99999940953
-1.99999940945
-1.99999941411
-1.99999941921
-1.99999941192
-1.99999940677
-1.99999940820
-1.99999941617
-1.99999941774
-1.99999942059
-1.99999941741
-1.99999941087
-1.99999941209
-1.99999940807
-1.99999940748
-1.99999941356
-1.99999942338
-1.99999942058
-1.99999942390
-1.99999941935
-1.99999941547
-1.99999941178
-1.99999941465
-1.99999941456
-1.99999941159
-1.99999941254
-1.99999941669
-1.99999941495
-1.99999941324
-1.99999941109
-1.99999940786
-1.99999940799
-1.99999940955
-1.99999941968
-1.99999941758
-1.99999941205
-1.99999941252
-1.99999941333
-1.99999941646
-1.99999941087
-1.99999941325
-1.99999940838
-1.99999940336
-1.99999940239
-1.99999941742
-1.99999943074
-1.99999942657
-1.99999942252
-1.99999941288
-1.99999941093
-1.99999941521
-1.99999941394
-1.99999941800
-1.99999941143
-1.99999941092
-1.99999941578
-1.99999941648
-1.99999941040
-1.99999941302
-1.99999941449
-1.99999941188
-1.99999941486
-1.99999941246
-1.99999940874
-1.99999940479
-1.99999940673
-1.99999941595
-1.99999941355
-1.99999940955
-1.99999940725
-1.99999941026
-1.99999940873
-1.99999940624
-1.99999940767
-1.99999941374
-1.99999942042
-1.99999942443
-1.99999942438
-1.99999941670
-1.99999941257
-1.99999940881
-1.99999940878
-1.99999941577
-1.99999942365
-1.99999941640
-1.99999940997
-1.99999940781
-1.99999940705
-1.99999940559
-1.99999940603
-1.99999941217
-1.99999941530
-1.99999941206
-1.99999940556
-1.99999941328
-1.99999941974
-1.99999942361
-1.99999942717
-1.99999942252
-1.99999941491
-1.99999941152
-1.99999940921
-1.99999941927
-1.99999941498
-1.99999940898
-1.99999940852
-1.99999940659
-1.99999941489
-1.99999941844
-1.99999941522
-1.99999941649
-1.99999941598
-1.99999941281
-1.99999941052
-1.99999940929
-1.99999941480
-1.99999940968
-1.99999940906
-1.99999941356
-1.99999942062
-1.99999941655
-1.99999940678
-1.99999941015
-1.99999940971
-1.99999940618
-1.99999941436
-1.99999941400
-1.99999941404
-1.99999941955
-1.99999941353
-1.99999941204
-1.99999942020
-1.99999941740
-1.99999941267
-1.99999940890
-1.99999940614
-1.99999941124
-1.99999941930
-1.99999942313
-1.99999941552
-1.99999941166
-1.99999940881
-1.99999941301
-1.99999941072
-1.99999940326
-1.99999941022
-1.99999941757
-1.99999941924
-1.99999941465
-1.99999940874
-1.99999941127
-1.99999941381
-1.99999940801
-1.99999940728
-1.99999941579
-1.99999942390
-1.99999941679
-1.99999941376
-1.99999941277
-1.99999941052
-1.99999940527
-1.99999940777
-1.99999941304
-1.99999941131
-1.99999940948
-1.99999940777
-1.99999940749
-1.99999940982
-1.99999941317
-1.99999942395
-1.99999942489
-1.99999942317
-1.99999941540
-1.99999941116
-1.99999940940
-1.99999940741
-1.99999941087
-1.99999941046
-1.99999941238
-1.99999941120
-1.99999941164
-1.99999941485
-1.99999941457
-1.99999941939
-1.99999941597
-1.99999940929
-1.99999940563
-1.99999941183
-1.99999941183
-1.99999941222
-1.99999940922
-1.99999941302
-1.99999942071
-1.99999942185
-1.99999942540
-1.99999941471
-1.99999941016
-1.99999940907
-1.99999940850
-1.99999941595
-1.99999941909
-1.99999941547
-1.99999941476
-1.99999941828
-1.99999941263
-1.99999940625
-1.99999940839
-1.99999941484
-1.99999941542
-1.99999940880
-1.99999940445
-1.99999940844
-1.99999942244
-1.99999942478
-1.99999941411
-1.99999940996
-1.99999940895
-1.99999941612
-1.99999941276
-1.99999941054
-1.99999940901
-1.99999941937
-1.99999941793
-1.99999940979
-1.99999940550
-1.99999941552
-1.99999941783
-1.99999941773
-1.99999942279
-1.99999941594
-1.99999940557
-1.99999941279
-1.99999941573
-1.99999941614
-1.99999942183
-1.99999941875
-1.99999941192
-1.99999941592
-1.99999941178
-1.99999941144
-1.99999941664
-1.99999942012
-1.99999941703
-1.99999941106
-1.99999942024
-1.99999941763
-1.99999940824
-1.99999941239
-1.99999940765
-1.99999940850
-1.99999941173
-1.99999941580
-1.99999941384
-1.99999940773
-1.99999940403
-1.99999941112
-1.99999941303
-1.99999941445
-1.99999941746
-1.99999941167
-1.99999941093
-1.99999941165
-1.99999941172
-1.99999941662
-1.99999941591
-1.99999941988
-1.99999940947
-1.99999941455
-1.99999941450
-1.99999941884
-1.99999941047
-1.99999941303
-1.99999941074
-1.99999941664
-1.99999940830
-1.99999941020
-1.99999940955
-1.99999941665
-1.99999942076
-1.99999941078
-1.99999940886
-1.99999940732
-1.99999940978
-1.99999941767
-1.99999941372
-1.99999941393
-1.99999941076
-1.99999941382
-1.99999941640
-1.99999940751
-1.99999941065
-1.99999940605
-1.99999941178
-1.99999941638
-1.99999941736
-1.99999941740
-1.99999941664
-1.99999941522
-1.99999941339
-1.99999940770
-1.99999941774
-1.99999941774
-1.99999942020
-1.99999941878
-1.99999941130
-1.99999941186
-1.99999941435
-1.99999941533
-1.99999940806
-1.99999940224
-1.99999940691
-1.99999941045
-1.99999941798
-1.99999941369
-1.99999941168
-1.99999941463
-1.99999940972
-1.99999939826
-1.99999940086
-1.99999941932
-1.99999942368
-1.99999941805
-1.99999941422
-1.99999942175
-1.99999941305
-1.99999940796
-1.99999941435
-1.99999941511
-1.99999941983
-1.99999941601
-1.99999941098
-1.99999940918
-1.99999940778
-1.99999941516
-1.99999941404
-1.99999940973
-1.99999941436
-1.99999941397
-1.99999941393
-1.99999941945
-1.99999941755
-1.99999941323
-1.99999940964
-1.99999941337
-1.99999941943
-1.99999941830
-1.99999941492
-1.99999941292
-1.99999941724
-1.99999940978
-1.99999940441
-1.99999940657
-1.99999941515
-1.99999942073
-1.99999941640
-1.99999941445
-1.99999941007
-1.99999940798
-1.99999940770
-1.99999941068
-1.99999940678
-1.99999939759
-1.99999940203
-1.99999940961
-1.99999941603
-1.99999942053
-1.99999942226
-1.99999941840
-1.99999942154
-1.99999941321
-1.99999940817
-1.99999941722
-1.99999941714
-1.99999940989
-1.99999941090
-1.99999941093
-1.99999941520
-1.99999941717
-1.99999941667
-1.99999941627
-1.99999941969
-1.99999941564
-1.99999941545
-1.99999940934
-1.99999941513
-1.99999940977
-1.99999940800
-1.99999941537
-1.99999941200
-1.99999940958
-1.99999940793
-1.99999941846
-1.99999941442
-1.99999941286
-1.99999941278
-1.99999941291
-1.99999941349
-1.99999941669
-1.99999941864
-1.99999940877
-1.99999940834
-1.99999941020
-1.99999941255
-1.99999942046
-1.99999942366
-1.99999941690
-1.99999941821
-1.99999941380
-1.99999941324
-1.99999941202
-1.99999941475
-1.99999941519
-1.99999941479
-1.99999940952
-1.99999941554
-1.99999941615
-1.99999941314
-1.99999941888
-1.99999941290
-1.99999940641
-1.99999941329
-1.99999941390
-1.99999941571
-1.99999941248
-1.99999941515
-1.99999941074
-1.99999941065
-1.99999941461
-1.99999941806
-1.99999942134
-1.99999941345
-1.99999941110
-1.99999941163
-1.99999941060
-1.99999941749
-1.99999941303
-1.99999941098
-1.99999940821
-1.99999940439
-1.99999941194
-1.99999941359
-1.99999942019
-1.99999941977
-1.99999940757
-1.99999940728
-1.99999940860
-1.99999941798
-1.99999942397
-1.99999940860
-1.99999940699
-1.99999942357
-1.99999942438
-1.99999941272
-1.99999940783
-1.99999941901
-1.99999941846
-1.99999941173
-1.99999941285
-1.99999940830
-1.99999940796
-1.99999940532
-1.99999940827
-1.99999940830
-1.99999940021
-1.99999940563
-1.99999941889
-1.99999943092
-1.99999942597
-1.99999941642
-1.99999940598
-1.99999939796
-1.99999939461
-1.99999941026
-1.99999942387
-1.99999942404
-1.99999942259
-1.99999941215
-1.99999940323
-1.99999941279
-1.99999941633
-1.99999940897
-1.99999940935
-1.99999940330
-1.99999939567
