I"# 
# TAPR TICC Timestamping Counter
# Copyright 2016-2025 N8UR, K9TRV, NH6Z, WA8YWQ
# 
# #####################
# TICC Configuration: 
# Software Version: 20251215.1 (RELEASE)
# EEPROM Version: 13, Board Version: D
# Board Serial Number: 46F08E3E
# Measurement Mode: Time Interval ch0->ch1
# Timestamp Wrap: 0 (no wrap)
# Output Decimal Places: 11
# SyncMode: P
# Serial Baud Rate: 115200
# Channel Names: A/B (C)
# Poll Character: none
# Clock Speed: 10.000000 MHz
# Coarse tick: 100.000000 usec
# Cal Periods: 20
# Propagation Delay ps: 0 (ch0), 0 (ch1)
# Timeout: 0x05
# Time Dilation ps: 2500 (ch0), 2500 (ch1)
# fixedTime2 ps: 0 (ch0), 0 (ch1)
# FUDGE0 ps: 0 (ch0), 0 (ch1)
# #####################
# 
# Type any character for config menu
# ............................
# 
# time interval ch0->ch1 (seconds with 11 decimal places)
0.00000042447
0.00000041354
0.00000042311
0.00000041231
0.00000042418
0.00000043735
0.00000041906
0.00000042414
0.00000040511
0.00000041102
0.00000041062
0.00000041358
0.00000041662
0.00000041424
0.00000041463
0.00000041157
0.00000040912
0.00000042739
0.00000042379
0.00000041963
0.00000040952
0.00000042749
0.00000041950
0.00000043497
0.00000042152
0.00000040817
0.00000041835
0.00000042439
0.00000041088
0.00000042178
0.00000042759
0.00000040131
0.00000040978
0.00000041809
0.00000042461
0.00000042677
0.00000043023
0.00000040414
0.00000040531
0.00000040273
0.00000042921
0.00000042292
0.00000041417
0.00000040742
0.00000042745
0.00000041726
0.00000044206
0.00000043217
0.00000042653
0.00000041920
0.00000040970
0.00000042700
0.00000041587
0.00000042973
0.00000041462
0.00000043160
0.00000041817
0.00000043426
0.00000041688
0.00000042710
0.00000040520
0.00000041305
0.00000041497
0.00000042353
0.00000042472
0.00000042960
0.00000043412
0.00000043257
0.00000043616
0.00000043565
0.00000043916
0.00000044270
0.00000041181
0.00000041324
0.00000041665
0.00000041275
0.00000041156
0.00000040889
0.00000042638
0.00000042176
0.00000041541
0.00000042698
0.00000041745
0.00000043229
0.00000041420
0.00000042518
0.00000040304
0.00000041425
0.00000041931
0.00000042884
0.00000043645
0.00000041209
0.00000041999
0.00000042324
0.00000042636
0.00000043152
0.00000043483
0.00000041311
0.00000041092
0.00000041187
0.00000041444
0.00000041315
0.00000044292
0.00000043863
0.00000041195
0.00000040971
0.00000042731
0.00000042177
0.00000041851
0.00000043302
0.00000042785
0.00000041461
0.00000043167
0.00000041555
0.00000043053
0.00000042075
0.00000043250
0.00000042059
0.00000042981
0.00000041782
0.00000043294
0.00000041698
0.00000042531
0.00000043664
0.00000041420
0.00000042232
0.00000042545
0.00000040928
0.00000040892
0.00000040679
0.00000041061
0.00000041145
0.00000041640
0.00000041665
0.00000042041
0.00000041671
0.00000041692
0.00000041437
0.00000041504
0.00000043548
0.00000042793
0.00000042092
0.00000041073
0.00000040932
0.00000042849
0.00000042637
0.00000041919
0.00000041260
0.00000042967
0.00000042143
0.00000041208
0.00000042134
0.00000040698
0.00000041532
0.00000041387
0.00000041671
0.00000041453
0.00000041782
0.00000041863
0.00000042032
0.00000041687
0.00000041834
0.00000042016
0.00000042039
0.00000041867
0.00000041816
0.00000040886
0.00000042792
0.00000042543
0.00000041630
0.00000043754
0.00000043363
0.00000042057
0.00000041197
0.00000042825
0.00000041464
0.00000043059
0.00000041887
0.00000043049
0.00000041721
0.00000042822
0.00000041038
0.00000041376
0.00000042026
0.00000042698
0.00000042708
0.00000043173
0.00000043354
0.00000040824
0.00000043607
0.00000043328
0.00000043583
0.00000043392
0.00000043316
0.00000042412
0.00000042253
0.00000041499
0.00000040883
0.00000042744
0.00000041646
0.00000044186
0.00000042899
0.00000041893
0.00000043738
0.00000042179
0.00000040924
0.00000042181
0.00000042879
0.00000041596
0.00000043018
0.00000041230
0.00000042298
0.00000043318
0.00000041898
0.00000042888
0.00000040633
0.00000041228
0.00000041493
0.00000041469
0.00000041766
0.00000041639
0.00000042093
0.00000042124
0.00000042356
0.00000041865
0.00000041692
0.00000040949
0.00000040648
0.00000042980
0.00000042413
0.00000042550
0.00000044810
0.00000041940
0.00000041471
0.00000043257
0.00000042706
0.00000041889
0.00000040511
0.00000042145
0.00000040910
0.00000041829
0.00000043119
0.00000041540
0.00000042621
0.00000043619
0.00000041509
0.00000042253
0.00000042561
0.00000043153
0.00000041176
0.00000041541
0.00000041317
0.00000041430
0.00000040962
0.00000041019
0.00000042710
0.00000042339
0.00000041249
0.00000040137
0.00000041821
0.00000043314
0.00000042674
0.00000043750
0.00000042541
0.00000040679
0.00000041877
0.00000042549
0.00000041135
0.00000041777
0.00000042618
0.00000042689
0.00000040609
0.00000041183
0.00000041288
0.00000042208
0.00000042320
0.00000042740
0.00000042863
0.00000043591
0.00000044101
0.00000041164
0.00000041290
0.00000041435
0.00000041132
0.00000041257
0.00000041094
0.00000042968
0.00000042525
0.00000041934
0.00000041372
0.00000043034
0.00000042543
0.00000041606
0.00000042411
0.00000041043
0.00000042252
0.00000040533
0.00000041747
0.00000042341
0.00000043532
0.00000042208
0.00000043183
0.00000041801
0.00000042610
0.00000043436
0.00000041044
0.00000041634
0.00000041645
0.00000042440
0.00000042725
0.00000043381
0.00000043176
0.00000042933
0.00000043184
0.00000043524
0.00000043282
0.00000042842
0.00000043095
0.00000042849
0.00000043114
0.00000042934
0.00000042312
0.00000042483
0.00000041732
0.00000041172
0.00000042378
0.00000041660
0.00000040104
0.00000041632
0.00000042743
0.00000041061
0.00000042707
0.00000043895
0.00000042622
0.00000043443
0.00000041861
0.00000042597
0.00000041188
0.00000041833
0.00000043145
0.00000043738
0.00000041732
0.00000042888
0.00000043279
0.00000041223
0.00000041160
0.00000041221
0.00000040844
0.00000041003
0.00000043101
0.00000043068
0.00000042522
0.00000042436
0.00000042547
0.00000042073
0.00000042209
0.00000041828
0.00000041612
0.00000040729
0.00000042717
0.00000041700
0.00000041011
0.00000042906
0.00000041436
0.00000042440
0.00000041472
0.00000042910
0.00000042243
0.00000043567
0.00000042732
0.00000041442
0.00000041988
0.00000040331
0.00000040771
0.00000041683
0.00000041866
0.00000042766
0.00000043021
0.00000041165
0.00000041512
0.00000041387
0.00000041757
0.00000042149
0.00000042045
0.00000042501
0.00000043014
0.00000042671
0.00000042829
0.00000042402
0.00000042275
0.00000042123
0.00000041189
0.00000040723
0.00000042861
0.00000041675
0.00000041169
0.00000042598
0.00000041645
0.00000042836
0.00000041727
0.00000043035
0.00000040963
0.00000042091
0.00000043289
0.00000041199
0.00000042227
0.00000043126
0.00000040827
0.00000041194
0.00000041307
0.00000041213
0.00000041269
0.00000041815
0.00000041994
0.00000042330
0.00000042119
0.00000042459
0.00000042313
0.00000041741
0.00000041613
0.00000041513
0.00000041082
0.00000042442
0.00000041819
0.00000040934
0.00000043217
0.00000042563
0.00000041374
0.00000043350
0.00000042717
0.00000041283
0.00000042800
0.00000042035
0.00000043247
0.00000042245
0.00000043696
0.00000041909
0.00000043237
0.00000041828
0.00000042265
0.00000043483
0.00000041400
0.00000042224
0.00000042786
0.00000042966
0.00000041518
0.00000042563
0.00000042971
0.00000044186
0.00000042269
0.00000042422
0.00000042831
0.00000042906
0.00000043631
0.00000041059
0.00000041707
0.00000042155
0.00000042163
0.00000042584
0.00000042923
0.00000042500
0.00000042562
0.00000042456
0.00000042632
0.00000041977
0.00000041973
0.00000041933
0.00000041065
0.00000043444
0.00000043266
0.00000042267
0.00000041789
0.00000040498
0.00000041983
0.00000040436
0.00000042261
0.00000043858
0.00000042327
0.00000043909
0.00000042941
0.00000041704
0.00000043215
0.00000041930
0.00000042364
0.00000040535
0.00000041101
0.00000041060
0.00000041524
0.00000041259
0.00000041463
0.00000041394
0.00000040870
0.00000043490
0.00000042699
0.00000042601
0.00000042123
0.00000041734
0.00000043379
0.00000042657
0.00000041407
0.00000043252
0.00000042668
0.00000041201
0.00000042604
0.00000041773
0.00000043419
0.00000041905
0.00000043346
0.00000041625
0.00000043062
0.00000041580
0.00000042314
0.00000042702
0.00000040824
0.00000041233
0.00000041219
0.00000041691
0.00000042125
0.00000042245
0.00000042174
0.00000042552
0.00000042948
0.00000042927
0.00000043290
0.00000043081
0.00000043514
0.00000043920
0.00000043683
0.00000040966
0.00000040393
0.00000040113
0.00000042301
0.00000041385
0.00000043434
0.00000042611
0.00000041736
0.00000043138
0.00000042266
0.00000041624
0.00000043141
0.00000042311
0.00000041031
0.00000042746
0.00000041304
0.00000042992
0.00000042160
0.00000043126
0.00000042192
0.00000043396
0.00000042185
0.00000043151
0.00000041567
0.00000042117
0.00000043080
0.00000041423
0.00000042795
0.00000043723
0.00000042370
0.00000042879
0.00000044175
0.00000042141
0.00000043136
0.00000040963
0.00000041776
0.00000041669
0.00000041637
0.00000041334
0.00000041427
0.00000040794
0.00000040634
0.00000042986
0.00000043006
0.00000042463
0.00000042460
0.00000041873
0.00000041838
0.00000044323
0.00000044383
0.00000044259
0.00000040975
0.00000043453
0.00000043243
0.00000042861
0.00000041833
0.00000041211
0.00000042797
0.00000041955
0.00000041121
0.00000042631
0.00000040819
0.00000041949
0.00000040751
0.00000041408
0.00000042749
0.00000043820
0.00000041743
0.00000042773
0.00000043207
0.00000041284
0.00000042142
0.00000042508
0.00000042866
0.00000042547
0.00000043008
0.00000042958
0.00000043412
0.00000043263
0.00000043413
0.00000043013
0.00000043207
0.00000043402
0.00000042993
0.00000042784
0.00000042387
0.00000042421
0.00000041750
0.00000041380
0.00000041020
0.00000042537
0.00000041797
0.00000041143
0.00000042669
0.00000041663
0.00000043380
0.00000041920
0.00000043821
0.00000042798
0.00000041072
0.00000042472
0.00000040384
0.00000041258
0.00000041409
0.00000042012
0.00000042644
0.00000043380
0.00000043552
0.00000041621
0.00000041748
0.00000042413
0.00000042500
0.00000043086
0.00000043028
0.00000043396
0.00000043554
0.00000043224
0.00000043539
0.00000043354
0.00000043519
0.00000043484
0.00000042818
0.00000042645
0.00000041772
0.00000040934
0.00000042500
0.00000040987
0.00000042837
0.00000041703
0.00000043368
0.00000042360
0.00000043358
0.00000042708
0.00000041836
0.00000042894
0.00000041419
0.00000042130
0.00000040761
0.00000041594
0.00000042991
0.00000043686
0.00000042706
0.00000043829
0.00000042616
0.00000043438
0.00000041864
0.00000043097
0.00000041432
0.00000041752
0.00000042512
0.00000042529
0.00000042573
0.00000041939
0.00000042190
0.00000041893
0.00000042392
0.00000042220
0.00000042734
0.00000042263
0.00000042321
0.00000042023
0.00000042190
0.00000041783
0.00000041032
0.00000040930
0.00000043020
0.00000042503
0.00000041563
0.00000040970
0.00000042740
0.00000041714
0.00000043358
0.00000041936
0.00000040573
0.00000042295
0.00000043130
0.00000042355
0.00000043453
0.00000041945
0.00000042929
0.00000041896
0.00000043114
0.00000041933
0.00000043117
0.00000041596
0.00000043314
0.00000041897
0.00000043599
0.00000042053
0.00000042893
0.00000041536
0.00000042243
0.00000040442
0.00000041536
0.00000042959
0.00000043414
0.00000041226
0.00000042020
0.00000042332
0.00000042283
0.00000042550
0.00000042367
0.00000042452
0.00000042766
0.00000042733
0.00000043159
0.00000042929
0.00000043169
0.00000042967
0.00000042953
0.00000043639
0.00000043678
0.00000044081
0.00000043826
0.00000041479
0.00000041023
0.00000040948
0.00000040144
0.00000042239
0.00000041186
0.00000042971
0.00000041402
0.00000042149
0.00000041194
0.00000042250
0.00000043478
0.00000041567
0.00000042885
0.00000041134
0.00000042069
0.00000043243
0.00000043749
0.00000041552
0.00000042573
0.00000042730
0.00000040282
0.00000040830
0.00000040725
0.00000041243
0.00000040755
0.00000042837
0.00000042627
0.00000042195
0.00000042009
0.00000041324
0.00000043852
0.00000042962
0.00000042562
0.00000042190
0.00000041004
0.00000042990
0.00000041774
0.00000043759
0.00000042540
0.00000041899
0.00000043545
0.00000042414
0.00000041880
0.00000043175
0.00000042544
0.00000041719
0.00000042785
0.00000041543
0.00000042810
0.00000040622
0.00000041049
0.00000042092
0.00000042435
0.00000043629
0.00000041653
0.00000042449
0.00000042908
0.00000043971
0.00000041975
0.00000043007
0.00000043710
0.00000041440
0.00000042110
0.00000042821
0.00000042791
0.00000043240
0.00000043594
0.00000043631
0.00000044410
0.00000042288
0.00000042387
0.00000042870
0.00000043101
0.00000042931
0.00000042644
0.00000042478
0.00000041818
0.00000042191
0.00000042409
0.00000041983
0.00000042174
0.00000041744
0.00000041607
0.00000041454
0.00000043397
0.00000043154
0.00000042468
0.00000042338
0.00000041807
0.00000044372
0.00000043837
0.00000043676
0.00000042871
0.00000042328
0.00000041074
0.00000042749
0.00000041377
0.00000043343
0.00000042040
0.00000043750
0.00000042661
0.00000043371
0.00000042184
0.00000042795
0.00000041478
0.00000042145
0.00000043350
0.00000041152
0.00000042090
0.00000043155
0.00000043754
0.00000041766
0.00000042579
0.00000042860
0.00000043625
0.00000041050
0.00000040992
0.00000041492
0.00000042194
0.00000042320
0.00000042739
0.00000042598
0.00000042823
0.00000043158
0.00000043084
0.00000043004
0.00000043554
0.00000043548
0.00000043252
0.00000043100
0.00000042710
0.00000042013
0.00000041667
0.00000040768
0.00000043217
0.00000042550
0.00000041612
0.00000043716
0.00000042739
0.00000042332
0.00000041274
0.00000043213
0.00000042835
0.00000041722
0.00000043417
0.00000042220
0.00000040875
0.00000042853
0.00000041761
0.00000043548
0.00000042852
0.00000041487
0.00000042878
0.00000041071
0.00000042435
0.00000040530
0.00000041632
0.00000042464
0.00000043514
0.00000041513
0.00000042872
0.00000043731
0.00000042038
0.00000042327
0.00000043143
0.00000041310
0.00000041697
0.00000042301
0.00000042576
0.00000042742
0.00000043228
0.00000043882
0.00000041352
0.00000041865
0.00000042659
0.00000042979
0.00000043936
0.00000041253
0.00000041545
0.00000041281
0.00000041588
0.00000041062
0.00000040978
0.00000043039
0.00000042971
0.00000042268
0.00000041941
0.00000041042
0.00000042833
0.00000042461
0.00000041672
0.00000043552
0.00000043530
0.00000042733
0.00000042639
0.00000044243
0.00000043048
0.00000042641
0.00000041357
0.00000042730
0.00000041824
0.00000042915
0.00000041175
0.00000042649
0.00000041346
0.00000043028
0.00000044299
0.00000043452
0.00000041993
0.00000043430
0.00000041951
0.00000043336
0.00000042305
0.00000043119
0.00000041295
0.00000042258
0.00000042636
0.00000040866
0.00000041409
0.00000041802
0.00000042474
0.00000042537
0.00000043175
0.00000043522
0.00000043755
0.00000041655
0.00000041721
0.00000042287
0.00000042745
0.00000043545
0.00000043813
0.00000043879
0.00000041684
0.00000041440
0.00000040965
0.00000040923
0.00000040848
0.00000043046
0.00000042816
0.00000042208
0.00000042000
0.00000041119
0.00000043468
0.00000043165
0.00000043198
0.00000042516
0.00000042384
0.00000041850
0.00000041691
0.00000043169
0.00000042760
0.00000042382
0.00000041581
0.00000043136
0.00000042530
0.00000041255
0.00000043225
0.00000041939
0.00000043746
0.00000042374
0.00000041811
0.00000043453
0.00000042120
0.00000044217
0.00000043288
0.00000043077
0.00000041940
0.00000043743
0.00000042785
0.00000041484
0.00000043054
0.00000042520
0.00000043937
0.00000043232
0.00000042088
0.00000041199
0.00000042580
0.00000041662
0.00000043076
0.00000041765
0.00000043479
0.00000041799
0.00000043436
0.00000042057
0.00000042931
0.00000041432
0.00000042019
0.00000043109
0.00000041140
0.00000042531
0.00000043262
0.00000043820
0.00000041647
0.00000042402
0.00000043473
0.00000041283
0.00000041713
0.00000042632
0.00000042874
0.00000043137
0.00000041432
0.00000041986
0.00000042935
0.00000043285
0.00000043452
0.00000041528
0.00000041729
0.00000042664
0.00000042859
0.00000042499
0.00000042790
0.00000042323
0.00000041638
0.00000041287
0.00000040282
0.00000042673
0.00000041911
0.00000044303
0.00000043807
0.00000043324
0.00000043645
0.00000042994
0.00000042953
0.00000042425
0.00000041966
0.00000041996
0.00000041233
0.00000043113
0.00000042275
0.00000040931
0.00000042675
0.00000041409
0.00000043207
0.00000041618
0.00000042159
0.00000040630
0.00000041319
0.00000041948
0.00000041878
0.00000041959
0.00000042458
0.00000042510
0.00000042501
0.00000042746
0.00000042635
0.00000043150
0.00000043513
0.00000044272
0.00000044569
0.00000041909
0.00000042242
0.00000042240
0.00000042584
0.00000042770
0.00000042380
0.00000042137
0.00000041741
0.00000041889
0.00000041736
0.00000042222
0.00000044760
0.00000041852
0.00000042141
0.00000041907
0.00000041557
0.00000041595
0.00000041319
0.00000043799
0.00000043955
0.00000043529
0.00000043263
0.00000043261
0.00000042661
0.00000042533
0.00000042759
0.00000042200
0.00000041888
0.00000041692
0.00000043369
0.00000042760
0.00000042869
0.00000042493
0.00000041961
0.00000043588
0.00000042884
0.00000041793
0.00000041198
0.00000042838
0.00000042303
0.00000041091
0.00000042606
0.00000041867
0.00000043238
0.00000041759
0.00000043452
0.00000041604
0.00000043169
0.00000041671
0.00000043492
0.00000041865
0.00000042954
0.00000041756
0.00000042714
0.00000041038
0.00000042503
0.00000043137
0.00000041118
0.00000042366
0.00000042817
0.00000043317
0.00000041509
0.00000041742
0.00000041805
0.00000042537
0.00000042495
0.00000042425
0.00000043092
0.00000043352
0.00000044177
0.00000044353
0.00000041905
0.00000042397
0.00000042371
0.00000042568
0.00000043307
0.00000043353
0.00000043528
0.00000040860
0.00000042838
0.00000042867
0.00000042503
0.00000042642
0.00000042362
0.00000042040
0.00000042292
0.00000042136
0.00000042313
0.00000042343
0.00000041980
0.00000041956
0.00000041381
0.00000040971
0.00000043598
0.00000042837
0.00000042625
0.00000042412
0.00000041783
0.00000041474
0.00000043179
0.00000042730
0.00000041825
0.00000041357
0.00000042692
0.00000042380
0.00000043963
0.00000043186
0.00000041859
0.00000043144
0.00000041467
0.00000043186
0.00000041872
0.00000043951
0.00000042905
0.00000044956
0.00000043313
0.00000042256
0.00000039966
0.00000040960
0.00000041493
0.00000042496
0.00000043099
0.00000044225
0.00000042403
0.00000043512
0.00000041396
0.00000042237
0.00000042571
0.00000043586
0.00000041380
0.00000042394
0.00000043056
0.00000044420
0.00000042769
0.00000044178
0.00000042339
0.00000043804
0.00000042086
0.00000042828
0.00000041600
0.00000042287
0.00000043098
0.00000041297
0.00000042598
0.00000043341
0.00000041599
0.00000042919
0.00000043605
0.00000041490
0.00000042429
0.00000042750
0.00000040471
0.00000041183
0.00000041483
0.00000042450
0.00000042375
0.00000042112
0.00000042458
0.00000042419
0.00000043077
0.00000043664
0.00000043554
0.00000043605
0.00000040797
0.00000040564
0.00000043709
0.00000044168
0.00000044058
0.00000042151
0.00000042064
0.00000042205
0.00000042141
0.00000042173
0.00000042503
0.00000042177
0.00000042340
0.00000041903
0.00000042232
0.00000041945
0.00000042080
0.00000041565
0.00000041606
0.00000041014
0.00000043520
0.00000042808
0.00000042498
0.00000041725
0.00000041462
0.00000043242
0.00000042706
0.00000041989
0.00000041718
0.00000043285
0.00000042863
0.00000041994
0.00000041624
0.00000043568
0.00000043225
0.00000042069
0.00000041409
0.00000043099
0.00000042609
0.00000041192
0.00000042991
0.00000042134
0.00000043472
0.00000042376
0.00000041518
0.00000042775
0.00000042070
0.00000043423
0.00000041839
0.00000042585
0.00000041190
0.00000042057
0.00000043045
0.00000044073
0.00000042811
0.00000043757
0.00000041935
0.00000043089
0.00000043721
0.00000041351
0.00000041942
0.00000042950
0.00000043432
0.00000041613
0.00000042411
0.00000043015
0.00000043392
0.00000041331
0.00000042583
0.00000042981
0.00000043170
0.00000040926
0.00000041398
0.00000041496
0.00000041907
0.00000041562
0.00000041342
0.00000040954
0.00000040933
0.00000043282
0.00000042640
0.00000042195
0.00000041523
0.00000040656
0.00000043052
0.00000042692
0.00000042226
0.00000041628
0.00000043647
0.00000043599
0.00000043031
0.00000042533
0.00000042151
0.00000041715
0.00000043472
0.00000042297
0.00000041108
0.00000042076
0.00000040645
0.00000042241
0.00000043537
0.00000042121
0.00000043593
0.00000042294
0.00000043877
0.00000042746
0.00000044340
0.00000043730
0.00000042208
0.00000043319
0.00000041723
0.00000042441
0.00000041224
0.00000042014
0.00000042600
0.00000040819
0.00000042069
0.00000042650
0.00000043756
0.00000041740
0.00000042811
0.00000043301
0.00000040932
0.00000041707
0.00000041698
0.00000042513
0.00000042678
0.00000043102
0.00000044140
0.00000041857
0.00000042797
0.00000043187
0.00000043559
0.00000041523
0.00000041364
0.00000041755
0.00000041662
0.00000041945
0.00000041665
0.00000042053
0.00000041766
0.00000041967
0.00000041825
0.00000042477
0.00000042712
0.00000042811
0.00000042929
0.00000042570
0.00000042706
0.00000042396
0.00000042369
0.00000042212
0.00000041811
0.00000041791
0.00000041345
0.00000043609
0.00000042966
0.00000042334
0.00000041455
0.00000041091
0.00000042642
0.00000041773
0.00000043205
0.00000042133
0.00000041204
0.00000043072
0.00000041737
0.00000043578
0.00000041979
0.00000043666
0.00000042252
0.00000044102
0.00000042620
0.00000043819
0.00000042815
0.00000041256
0.00000042439
0.00000041044
0.00000042903
0.00000043941
0.00000042920
0.00000044140
0.00000042724
0.00000041590
0.00000042640
0.00000041401
0.00000042141
0.00000043404
0.00000041611
0.00000042256
0.00000043420
0.00000041858
0.00000042166
0.00000042454
0.00000042908
0.00000040768
0.00000041120
0.00000042030
0.00000042394
0.00000042516
0.00000043110
0.00000043421
0.00000044095
0.00000041530
0.00000042267
0.00000042786
0.00000042463
0.00000042741
0.00000042554
0.00000042535
0.00000041909
0.00000041817
0.00000041214
0.00000041085
0.00000043081
0.00000042901
0.00000042173
0.00000042350
0.00000041900
0.00000043977
0.00000044128
0.00000043621
0.00000043132
0.00000042520
0.00000042283
0.00000041682
0.00000043678
0.00000043665
0.00000042958
0.00000042864
0.00000042712
0.00000042267
0.00000042423
0.00000044699
0.00000041380
0.00000043606
0.00000043663
0.00000043308
0.00000043405
0.00000042613
0.00000041757
0.00000041890
0.00000044098
0.00000044236
0.00000043030
0.00000041893
0.00000041213
0.00000042786
0.00000041879
0.00000043207
0.00000042163
0.00000040857
0.00000042806
0.00000041616
0.00000043259
0.00000041831
0.00000043730
0.00000042522
0.00000044384
0.00000043065
0.00000041720
0.00000043484
0.00000041953
0.00000043581
0.00000041857
0.00000043235
0.00000041364
0.00000041873
0.00000043186
0.00000041321
0.00000042584
0.00000043286
0.00000041115
0.00000041913
0.00000042233
0.00000043124
0.00000043559
0.00000041721
0.00000041923
0.00000041931
0.00000042595
0.00000042780
0.00000043729
0.00000044093
0.00000042799
0.00000042958
0.00000043061
0.00000043622
0.00000041330
0.00000041213
0.00000041183
0.00000041879
0.00000042214
0.00000042361
0.00000042863
0.00000042799
0.00000043556
0.00000043581
0.00000044105
0.00000042279
0.00000042109
0.00000041982
0.00000042644
0.00000042843
0.00000043189
0.00000042903
0.00000043105
0.00000042707
0.00000042949
0.00000042698
0.00000042511
0.00000042937
0.00000042819
0.00000042455
0.00000041691
0.00000041571
0.00000041076
0.00000043276
0.00000042829
0.00000042274
0.00000041956
0.00000044498
0.00000043956
0.00000043444
0.00000042977
0.00000043083
0.00000042738
0.00000042290
0.00000041424
0.00000040995
0.00000042251
0.00000042176
0.00000041370
0.00000042987
0.00000041885
0.00000041634
0.00000043451
0.00000042678
0.00000042298
0.00000043884
0.00000042723
0.00000041992
0.00000040701
0.00000042097
0.00000042859
0.00000041677
0.00000042692
0.00000043869
0.00000042292
0.00000043382
0.00000042236
0.00000043005
0.00000041351
0.00000042762
0.00000043696
0.00000041848
0.00000043294
0.00000041510
0.00000042593
0.00000044190
0.00000042388
0.00000043116
0.00000042040
0.00000042908
0.00000041823
0.00000042988
0.00000044631
0.00000043050
0.00000041540
0.00000042612
0.00000040530
0.00000040929
0.00000041817
0.00000042378
0.00000043165
0.00000043306
0.00000041614
0.00000041883
0.00000041928
0.00000042408
0.00000042287
0.00000042040
0.00000042226
0.00000042093
0.00000041864
0.00000042045
0.00000041525
0.00000041432
0.00000044561
0.00000044377
0.00000044317
0.00000041935
0.00000042570
0.00000042300
0.00000042231
0.00000042707
0.00000042805
0.00000042637
0.00000042674
0.00000042578
0.00000042659
0.00000043379
0.00000043398
0.00000043280
0.00000043756
0.00000043334
0.00000040667
0.00000038220
0.00000040240
0.00000039419
0.00000041133
0.00000040687
0.00000042208
0.00000041342
0.00000043414
0.00000042177
0.00000040897
0.00000042521
0.00000042005
0.00000043797
0.00000042332
0.00000040958
0.00000042560
0.00000041369
0.00000042526
0.00000041154
0.00000042407
0.00000043731
0.00000042049
0.00000043008
0.00000041809
0.00000042578
0.00000043146
0.00000041184
0.00000042151
0.00000042717
0.00000043947
0.00000041886
0.00000042282
0.00000042772
0.00000043271
0.00000041672
0.00000042035
0.00000042542
0.00000042940
0.00000043853
0.00000041595
0.00000042062
0.00000042939
0.00000042935
0.00000043169
0.00000043188
0.00000043610
0.00000044500
0.00000041973
0.00000042827
0.00000043182
0.00000043305
0.00000041266
0.00000041450
0.00000041681
0.00000042592
0.00000042461
0.00000042887
0.00000042976
0.00000043617
0.00000044060
0.00000042298
0.00000042395
0.00000043029
0.00000042878
0.00000043045
0.00000044022
0.00000044578
0.00000042685
0.00000042662
0.00000042552
0.00000043225
0.00000043732
0.00000044237
0.00000042239
0.00000042438
0.00000042405
0.00000042201
0.00000042713
0.00000042597
0.00000043113
0.00000042887
0.00000042663
0.00000043074
0.00000042889
0.00000042846
0.00000042787
0.00000043193
0.00000043027
0.00000042762
0.00000042760
0.00000042844
0.00000043352
0.00000042928
0.00000043079
0.00000043099
0.00000043048
0.00000042727
0.00000042755
0.00000041784
0.00000041770
0.00000041083
0.00000042921
0.00000043100
0.00000042725
0.00000042273
0.00000041628
0.00000043701
0.00000043042
0.00000042683
0.00000042111
0.00000041805
0.00000043356
0.00000043117
0.00000042673
0.00000041763
0.00000043500
0.00000042815
0.00000042518
0.00000042327
0.00000044187
0.00000043345
0.00000042395
0.00000041689
0.00000040921
0.00000043338
0.00000042776
0.00000042395
0.00000042128
0.00000042378
0.00000042219
0.00000041813
0.00000041596
0.00000041038
0.00000043107
0.00000042476
0.00000042055
0.00000041017
0.00000042503
0.00000041651
0.00000043988
0.00000042920
0.00000041744
0.00000043250
0.00000042631
0.00000041742
0.00000043467
0.00000042487
0.00000042025
0.00000043455
0.00000042472
0.00000041450
0.00000043276
0.00000042109
0.00000043462
0.00000042423
0.00000041493
0.00000043548
0.00000042327
0.00000044031
0.00000042897
0.00000041996
0.00000043732
0.00000042263
0.00000040866
0.00000041774
0.00000042796
0.00000041747
0.00000042740
0.00000043781
0.00000042225
0.00000043981
0.00000042663
0.00000044049
0.00000042835
0.00000040951
0.00000041699
0.00000042607
0.00000041037
0.00000042614
0.00000043897
0.00000042350
0.00000043289
0.00000041714
0.00000042816
0.00000040738
0.00000041450
0.00000042493
0.00000043381
0.00000044275
0.00000043063
0.00000044028
0.00000042634
0.00000043739
0.00000042190
0.00000042724
0.00000040837
0.00000041718
0.00000041959
0.00000042177
0.00000042469
0.00000042569
0.00000043238
0.00000043442
0.00000044496
0.00000042543
0.00000042964
0.00000043929
0.00000042291
0.00000042739
0.00000042912
0.00000043502
0.00000040997
0.00000040989
0.00000041076
0.00000041553
0.00000041625
0.00000042043
0.00000042622
0.00000042721
0.00000042673
0.00000042771
0.00000042809
0.00000043546
0.00000043824
0.00000043604
0.00000041382
0.00000041242
0.00000040929
0.00000043031
0.00000042345
0.00000041694
0.00000041547
0.00000043447
0.00000042823
0.00000042456
0.00000041763
0.00000043510
0.00000042654
0.00000042652
0.00000042071
0.00000043912
0.00000042888
0.00000042027
0.00000041577
0.00000043034
0.00000042060
0.00000041704
0.00000043415
0.00000042317
0.00000041598
0.00000043080
0.00000042091
0.00000043787
0.00000042961
0.00000041546
0.00000042733
0.00000041520
0.00000043452
0.00000041990
0.00000043407
0.00000042165
0.00000043139
0.00000042175
0.00000043724
0.00000042339
0.00000043238
0.00000042288
0.00000042918
0.00000041990
0.00000043036
0.00000041510
0.00000043161
0.00000043853
0.00000041934
0.00000043122
0.00000041362
0.00000041793
0.00000042893
0.00000043538
0.00000041538
0.00000042621
0.00000043776
0.00000042525
0.00000043468
0.00000044607
0.00000042655
0.00000043057
0.00000041767
0.00000042292
0.00000042760
0.00000040983
0.00000041057
0.00000041740
0.00000041702
0.00000042109
0.00000042102
0.00000042655
0.00000042991
0.00000043075
0.00000043719
0.00000043788
0.00000041061
0.00000041563
0.00000041536
0.00000042338
0.00000042434
0.00000042606
0.00000043397
0.00000043436
0.00000044169
0.00000041733
0.00000042011
0.00000042811
0.00000042942
0.00000043611
0.00000043218
0.00000040877
0.00000040723
0.00000043153
0.00000043471
0.00000043404
0.00000043645
0.00000042900
0.00000042414
0.00000042543
0.00000042264
0.00000042568
0.00000042433
0.00000042111
0.00000041907
0.00000042014
0.00000041840
0.00000041801
0.00000042501
0.00000042758
0.00000042454
0.00000042067
0.00000041348
0.00000040645
0.00000043352
0.00000042999
0.00000042668
0.00000042549
0.00000041740
0.00000041335
0.00000043342
0.00000042395
0.00000041649
0.00000041379
0.00000042993
0.00000041972
0.00000041388
0.00000042912
0.00000041776
0.00000043661
0.00000042560
0.00000041488
0.00000042912
0.00000042017
0.00000043261
0.00000042046
0.00000043150
0.00000041523
0.00000042842
0.00000041942
0.00000043419
0.00000042313
0.00000043546
0.00000042347
0.00000043963
0.00000042392
0.00000040825
0.00000041643
0.00000042699
0.00000041563
0.00000042221
0.00000043002
0.00000040868
0.00000041436
0.00000042029
0.00000043076
0.00000043020
0.00000043324
0.00000040867
0.00000040946
0.00000041758
0.00000042201
0.00000042750
0.00000043090
0.00000043706
0.00000041264
0.00000041520
0.00000041855
0.00000042094
0.00000042621
0.00000043192
0.00000044254
0.00000042062
0.00000042771
0.00000043000
0.00000043305
0.00000041109
0.00000041562
0.00000042343
0.00000042590
0.00000043792
0.00000041772
0.00000042460
0.00000042959
0.00000043768
0.00000041864
0.00000042968
0.00000043401
0.00000041081
0.00000041386
0.00000041794
0.00000041933
0.00000041953
0.00000042639
0.00000043044
0.00000043372
0.00000044272
0.00000041544
0.00000041455
0.00000041084
0.00000040711
0.00000040989
0.00000043283
0.00000042969
0.00000043461
0.00000043493
0.00000044031
0.00000043961
0.00000044093
0.00000041803
0.00000041910
0.00000041760
0.00000041484
0.00000041705
0.00000041375
0.00000041016
0.00000043342
0.00000043751
0.00000043570
0.00000043243
0.00000042673
0.00000041609
0.00000041352
0.00000040830
0.00000042810
0.00000042579
0.00000041873
0.00000041398
0.00000043389
0.00000042718
0.00000042445
0.00000041549
0.00000043500
0.00000042833
0.00000041983
0.00000041162
0.00000043327
0.00000042644
0.00000042072
0.00000044008
0.00000043374
0.00000042708
0.00000042476
0.00000041601
0.00000043346
0.00000042346
0.00000041623
0.00000043175
0.00000042054
0.00000041645
0.00000043147
0.00000042126
0.00000043330
0.00000041714
0.00000043527
0.00000042395
0.00000043433
0.00000041440
0.00000042399
0.00000040935
0.00000042405
0.00000043361
0.00000041555
0.00000042573
0.00000043756
0.00000042226
0.00000043673
0.00000042200
0.00000043366
0.00000042602
0.00000043882
0.00000042449
0.00000043817
0.00000042483
0.00000041549
0.00000042634
0.00000040913
0.00000041922
0.00000042922
0.00000041565
0.00000042077
0.00000043065
0.00000041966
0.00000043149
0.00000043987
0.00000042275
0.00000042920
0.00000040822
0.00000041542
0.00000041731
0.00000041960
0.00000042074
0.00000042073
0.00000042110
0.00000042268
0.00000042312
0.00000042296
0.00000042247
0.00000042401
0.00000042795
0.00000042806
0.00000042734
0.00000042695
0.00000042717
0.00000042833
0.00000042741
0.00000042567
0.00000042559
0.00000043322
0.00000044065
0.00000044331
0.00000042121
0.00000042430
0.00000042280
0.00000042163
0.00000041634
0.00000041215
0.00000040958
0.00000043777
0.00000043655
0.00000043461
0.00000043399
0.00000043385
0.00000043477
0.00000043595
0.00000043409
0.00000042908
0.00000042590
0.00000042217
0.00000041878
0.00000041586
0.00000043761
0.00000043454
0.00000043538
0.00000043052
0.00000042438
0.00000041659
0.00000043444
0.00000042863
0.00000042098
0.00000041250
0.00000042692
0.00000042231
0.00000041130
0.00000042665
0.00000041416
0.00000042795
0.00000041713
0.00000043566
0.00000042234
0.00000044102
0.00000043378
0.00000043103
0.00000042971
0.00000045033
0.00000041404
0.00000043811
0.00000043247
0.00000042155
0.00000041579
0.00000043243
0.00000042386
0.00000041821
0.00000043096
0.00000042274
0.00000043993
0.00000043143
0.00000042574
0.00000041510
0.00000043031
0.00000041780
0.00000043312
0.00000042893
0.00000041876
0.00000043601
0.00000042565
0.00000041342
0.00000042674
0.00000041063
0.00000043079
0.00000042097
0.00000043766
0.00000042741
0.00000044412
0.00000043007
0.00000042257
0.00000043463
0.00000042012
0.00000041585
0.00000043062
0.00000041506
0.00000042727
0.00000041248
0.00000042660
0.00000041194
0.00000042284
0.00000042958
0.00000041305
0.00000042078
0.00000042788
0.00000040592
0.00000041458
0.00000042963
0.00000043608
0.00000041563
0.00000042329
0.00000043107
0.00000043887
0.00000042275
0.00000043412
0.00000044702
0.00000042619
0.00000043026
0.00000040945
0.00000041591
0.00000042730
0.00000043645
0.00000045092
0.00000043372
0.00000044662
0.00000042810
0.00000042902
0.00000040715
0.00000041963
0.00000042708
0.00000043365
0.00000044300
0.00000041917
0.00000042444
0.00000043238
0.00000040938
0.00000041493
0.00000042270
0.00000042187
0.00000042073
0.00000042195
0.00000042153
0.00000041717
0.00000041502
0.00000043839
0.00000043579
0.00000043618
0.00000043193
0.00000042293
0.00000041718
0.00000041517
0.00000043640
0.00000043936
0.00000043622
0.00000043221
0.00000042689
0.00000042578
0.00000042200
0.00000042320
0.00000041945
0.00000041617
0.00000041469
0.00000043348
0.00000042782
0.00000042761
0.00000042471
0.00000041827
0.00000041024
0.00000043282
0.00000042762
0.00000042171
0.00000042455
0.00000041844
0.00000043694
0.00000043781
0.00000043301
0.00000043027
0.00000042374
0.00000042149
0.00000041289
0.00000043571
0.00000043129
0.00000043052
0.00000043058
0.00000042240
0.00000041384
0.00000043635
0.00000042885
0.00000042368
0.00000041481
0.00000043957
0.00000043230
0.00000042518
0.00000042330
0.00000041707
0.00000043470
0.00000043025
0.00000042158
0.00000041583
0.00000042989
0.00000041876
0.00000043255
0.00000042456
0.00000041460
0.00000042729
0.00000041799
0.00000043167
0.00000041902
0.00000043505
0.00000042973
0.00000044486
0.00000043208
0.00000042091
0.00000043942
0.00000042591
0.00000040947
0.00000042162
0.00000043810
0.00000042358
0.00000043856
0.00000042911
0.00000044236
0.00000043502
0.00000042304
0.00000044155
0.00000042972
0.00000041699
0.00000042617
0.00000041035
0.00000042631
0.00000043843
0.00000042032
0.00000043506
0.00000042155
0.00000043081
0.00000041867
0.00000042922
0.00000041425
0.00000042814
0.00000043606
0.00000041747
0.00000042331
0.00000043511
0.00000041639
0.00000042390
0.00000043006
0.00000043764
0.00000041833
0.00000042486
0.00000043129
0.00000043577
0.00000041377
0.00000041675
0.00000041907
0.00000042204
0.00000042537
0.00000042671
0.00000043356
0.00000043708
0.00000040953
0.00000041136
0.00000041272
0.00000041648
0.00000041617
0.00000041497
0.00000041066
0.00000041726
0.00000041748
0.00000041482
0.00000041458
0.00000041568
0.00000041328
0.00000041459
0.00000041510
0.00000044578
0.00000041331
0.00000041968
0.00000041844
0.00000042111
0.00000042289
0.00000042369
0.00000042223
0.00000042273
0.00000042779
0.00000043038
0.00000043288
0.00000043586
0.00000043811
0.00000041762
0.00000041941
0.00000041749
0.00000041511
0.00000041580
0.00000041757
0.00000041752
0.00000041652
0.00000041536
0.00000041765
0.00000042143
0.00000042197
0.00000042356
0.00000043064
0.00000043244
0.00000043155
0.00000042844
0.00000042275
0.00000042520
0.00000042548
0.00000042991
0.00000042655
0.00000042477
0.00000042240
0.00000042535
0.00000042479
0.00000042345
0.00000042309
0.00000042121
0.00000041929
0.00000041491
0.00000040706
0.00000042413
0.00000041599
0.00000040908
0.00000042646
0.00000041783
0.00000043381
0.00000042514
0.00000042487
0.00000044506
0.00000043906
0.00000043965
0.00000044695
0.00000044658
0.00000044192
0.00000040765
0.00000039815
0.00000041316
0.00000040074
0.00000041652
0.00000043907
0.00000042647
0.00000044137
0.00000043049
0.00000042221
0.00000044426
0.00000043566
0.00000042498
0.00000041356
0.00000042656
0.00000041808
0.00000042980
0.00000041630
0.00000042632
0.00000041131
0.00000042282
0.00000043419
0.00000042532
0.00000043985
0.00000042574
0.00000044560
0.00000043337
0.00000042080
0.00000044108
0.00000043352
0.00000042570
0.00000044421
0.00000043601
0.00000043114
0.00000042353
0.00000041625
0.00000044115
0.00000043296
0.00000042302
0.00000041094
0.00000043184
0.00000042333
0.00000041363
0.00000043006
0.00000042209
0.00000044167
0.00000043098
0.00000041858
0.00000040600
0.00000041992
0.00000040335
0.00000041976
0.00000043591
0.00000042918
0.00000044621
0.00000044205
0.00000043465
0.00000042192
0.00000040679
0.00000041924
0.00000040700
0.00000042013
0.00000043047
0.00000041653
0.00000042891
0.00000041281
0.00000042666
0.00000043196
0.00000041300
0.00000041922
0.00000042500
0.00000042938
0.00000043069
0.00000041247
0.00000042096
0.00000042586
0.00000042935
0.00000043110
0.00000043072
0.00000042769
0.00000042360
0.00000042579
0.00000043339
0.00000043367
0.00000043466
0.00000043623
0.00000044174
0.00000044590
0.00000042326
0.00000043192
0.00000043484
0.00000043659
0.00000041038
0.00000041334
0.00000041729
0.00000042268
0.00000042635
0.00000043349
0.00000043551
0.00000043984
0.00000044445
0.00000042113
0.00000043019
0.00000043419
0.00000043503
0.00000041099
0.00000041211
0.00000041199
0.00000041347
0.00000042208
0.00000042441
0.00000042239
0.00000042086
0.00000041892
0.00000041541
0.00000041205
0.00000040823
0.00000043709
0.00000043432
0.00000043188
0.00000042883
0.00000042580
0.00000042280
0.00000042069
0.00000041842
0.00000041409
0.00000041462
0.00000043316
0.00000042876
0.00000042488
0.00000042345
0.00000041850
0.00000041879
0.00000043792
0.00000043176
0.00000042926
0.00000041940
0.00000040878
0.00000042367
0.00000041835
0.00000043621
0.00000042432
0.00000040890
0.00000042642
0.00000041253
0.00000042760
0.00000041173
0.00000041872
0.00000042768
0.00000041994
0.00000043377
0.00000041881
0.00000043422
0.00000042227
0.00000042952
0.00000041012
0.00000041520
0.00000042691
0.00000043504
0.00000041623
0.00000043067
0.00000043873
0.00000042107
0.00000043448
0.00000042501
0.00000043614
0.00000042201
0.00000043503
0.00000042767
0.00000041726
0.00000042921
0.00000041211
0.00000042717
0.00000041417
0.00000042322
0.00000043690
0.00000041550
0.00000042663
0.00000043839
0.00000042084
0.00000043612
0.00000042386
0.00000043460
0.00000042291
0.00000043735
0.00000042180
0.00000043224
0.00000041465
0.00000043025
0.00000041352
0.00000042341
0.00000043374
0.00000041598
0.00000042958
0.00000042177
0.00000043265
0.00000041570
0.00000043310
0.00000041805
0.00000042807
0.00000041851
0.00000042839
0.00000041052
0.00000042287
0.00000043383
0.00000041841
0.00000043004
0.00000040970
0.00000041459
0.00000042554
0.00000043481
0.00000044143
0.00000043075
0.00000043791
0.00000042035
0.00000042998
0.00000040805
0.00000041167
0.00000041625
0.00000042223
0.00000043708
0.00000044255
0.00000042408
0.00000043797
0.00000041985
0.00000042700
0.00000043683
0.00000042437
0.00000043275
0.00000044001
0.00000042469
0.00000043517
0.00000041669
0.00000042702
0.00000043569
0.00000042772
0.00000043923
0.00000042327
0.00000043290
0.00000041450
0.00000042489
0.00000042728
0.00000040285
0.00000043217
0.00000043734
0.00000041305
0.00000042572
0.00000043313
0.00000043642
0.00000041525
0.00000042701
0.00000043256
0.00000043404
0.00000041254
0.00000041696
0.00000041678
0.00000041971
0.00000042611
0.00000043704
0.00000044072
0.00000041823
0.00000042266
0.00000042738
0.00000043552
0.00000041243
0.00000041417
0.00000041501
0.00000041800
0.00000042081
0.00000042734
0.00000042969
0.00000043195
0.00000043531
0.00000043884
0.00000044307
0.00000042495
0.00000042668
0.00000042957
0.00000043073
0.00000043115
0.00000043242
0.00000041192
0.00000041438
0.00000042229
0.00000042585
0.00000043066
0.00000043083
0.00000043540
0.00000040876
0.00000040804
0.00000041186
0.00000041299
0.00000040960
0.00000043198
0.00000042739
0.00000042587
0.00000041920
0.00000042047
0.00000041624
0.00000043553
0.00000043615
0.00000043093
0.00000042433
0.00000042605
0.00000042173
0.00000041666
0.00000041851
0.00000044435
0.00000044193
0.00000044268
0.00000043763
0.00000043222
0.00000042927
0.00000042857
0.00000041913
0.00000040980
0.00000042693
0.00000042371
0.00000041400
0.00000043442
0.00000042571
0.00000041717
0.00000043608
0.00000042971
0.00000042144
0.00000044540
0.00000043921
0.00000043306
0.00000042779
0.00000042010
0.00000041909
0.00000043691
0.00000042549
0.00000041626
0.00000044009
0.00000043123
0.00000042344
0.00000044574
0.00000043626
0.00000042632
0.00000041653
0.00000041073
0.00000042807
0.00000042089
0.00000041365
0.00000043776
0.00000042922
0.00000042020
0.00000043970
0.00000042768
0.00000042200
0.00000043485
0.00000042400
0.00000041565
0.00000043488
0.00000042113
0.00000043561
0.00000042323
0.00000041408
0.00000043483
0.00000043068
0.00000041971
0.00000043371
0.00000043072
0.00000042230
0.00000043962
0.00000042657
0.00000042014
0.00000043578
0.00000042764
0.00000042078
0.00000043735
0.00000042996
0.00000042028
0.00000044050
0.00000043101
0.00000042360
0.00000043724
0.00000042508
0.00000041610
0.00000043603
0.00000042337
0.00000043562
0.00000042809
0.00000041400
0.00000043080
0.00000041830
0.00000042910
0.00000041513
0.00000043244
0.00000041889
0.00000043194
0.00000042561
0.00000043918
0.00000043112
0.00000044176
0.00000042525
0.00000041432
0.00000042444
0.00000043782
0.00000041789
0.00000042666
0.00000043848
0.00000041803
0.00000042669
0.00000043065
0.00000041038
0.00000041457
0.00000042517
0.00000043139
0.00000043501
0.00000041701
0.00000041735
0.00000041917
0.00000041952
0.00000042739
0.00000043175
0.00000043369
0.00000044298
0.00000041911
0.00000042095
0.00000042697
0.00000043037
0.00000043304
0.00000043368
0.00000041305
0.00000041459
0.00000041563
0.00000041516
0.00000042150
0.00000042177
0.00000042257
0.00000042136
0.00000042191
0.00000042338
0.00000042175
0.00000042831
0.00000042896
0.00000042721
0.00000042981
0.00000043024
0.00000042827
0.00000042513
0.00000042657
0.00000042568
0.00000042994
0.00000043017
0.00000042848
0.00000043007
0.00000043482
0.00000043589
0.00000043575
0.00000043696
0.00000044099
0.00000043840
0.00000041165
0.00000040886
0.00000041277
0.00000041144
0.00000043928
0.00000044510
0.00000041875
0.00000041896
0.00000042349
0.00000042134
0.00000042601
0.00000042450
0.00000042990
0.00000043057
0.00000043086
0.00000043525
0.00000043302
0.00000043728
0.00000043779
0.00000044470
0.00000042083
0.00000042249
0.00000042280
0.00000042767
0.00000042611
0.00000043083
0.00000043501
0.00000043407
0.00000043320
0.00000043560
0.00000043634
0.00000043565
0.00000043883
0.00000043606
0.00000043794
0.00000043663
0.00000043283
0.00000043839
0.00000043940
0.00000044113
0.00000044626
0.00000042936
0.00000043394
0.00000044194
0.00000041585
0.00000041653
0.00000041720
0.00000042124
0.00000042011
0.00000041832
0.00000041643
0.00000042027
0.00000042066
0.00000041817
0.00000041595
0.00000041264
0.00000041769
0.00000041770
0.00000041447
0.00000040918
0.00000043372
0.00000043889
0.00000043687
0.00000043416
0.00000043346
0.00000043088
0.00000043349
0.00000042986
0.00000042818
0.00000042771
0.00000042449
0.00000042092
0.00000041871
0.00000042218
0.00000041713
0.00000041445
0.00000041065
0.00000043534
0.00000043413
0.00000043151
0.00000042916
0.00000042653
0.00000042840
0.00000042404
0.00000041856
0.00000041274
0.00000041188
0.00000043224
0.00000042717
0.00000042461
0.00000041890
0.00000041308
0.00000044034
0.00000043697
0.00000043222
0.00000043022
0.00000042341
0.00000042121
0.00000041581
0.00000041136
0.00000043943
0.00000043219
0.00000042736
0.00000042712
0.00000041983
0.00000041085
0.00000043111
0.00000041853
0.00000041132
0.00000039964
0.00000041159
0.00000039490
0.00000040965
0.00000042190
0.00000043372
0.00000042572
0.00000043578
0.00000042776
0.00000043778
0.00000042180
0.00000043462
0.00000041837
0.00000043274
0.00000041978
0.00000043467
0.00000042931
0.00000044400
0.00000043908
0.00000042816
0.00000042425
0.00000044486
0.00000043930
0.00000043809
0.00000043554
0.00000043077
0.00000042438
0.00000041982
0.00000041730
0.00000043800
0.00000042994
0.00000042512
0.00000041765
0.00000043938
0.00000043182
0.00000043096
0.00000042748
0.00000042551
0.00000042409
0.00000043152
0.00000043389
0.00000043761
0.00000044168
0.00000044430
0.00000042260
0.00000042819
0.00000043349
0.00000044052
0.00000042480
0.00000043391
0.00000043869
0.00000042003
0.00000042740
0.00000043560
0.00000042182
0.00000042753
0.00000043208
0.00000041248
0.00000041566
0.00000042266
0.00000042553
0.00000043248
0.00000043883
0.00000042440
0.00000043245
0.00000044259
0.00000043017
0.00000043767
0.00000042256
0.00000043400
0.00000044907
0.00000043044
0.00000044250
0.00000042884
0.00000044074
0.00000042089
0.00000042568
0.00000040413
0.00000040977
0.00000042066
0.00000042853
