# ============================================================================
# Segment of a single TICC capture, split after the fact.
#
# Source        : TC-ART-default.log  (archived at analysis/data/raw/)
# This segment  : interval samples 9989-16325 of 16325 (evening)
# GM refclock   : chrony selecting "AC" -- refclock PHC /dev/ptp2:nocrossts
#                 (software PHC read, PTP_SYS_OFFSET_EXTENDED)
# Measured      : n=6337  mean=420.6 ns  sd=16.78 ns
#
# CORRECTION 2026-08-25: this file was originally named TC-ART-ptm.log
# and labeled as PTM-steered. It is NOT -- the entire source capture is
# AC-steered. The source file was created 16:03 on 2026-08-24 and holds
# 16325 samples at 1 Hz, so the capture ended ~20:35 -- before chronyd
# first started with the PTM refclock selected (~22:01). Corroborating:
# the segment means agree to 0.3 ns and the source has no step anywhere
# (a real switch shows ~376 ns -- the static EXTENDED-vs-PRECISE readout
# bias, see TC-ART-dpoll-5.log), and there is no TICC banner within the
# interval-mode data (the setup preamble holds several from mode changes;
# the board reprints it on any serial reopen). The higher sd vs the
# afternoon segment is low-frequency wander -- the per-second white noise
# of the halves matches (~8.4 vs 8.5 ns) -- likely environmental (evening
# vs afternoon), not a readout-mode effect.
# Leftover Timestamp-mode rows from the source are excluded.
# Split performed 2026-08-25; header corrected later the same day.
# ============================================================================
#
# TAPR TICC Timestamping Counter
# Copyright 2016-2025 N8UR, K9TRV, NH6Z, WA8YWQ
# 
# #####################
# TICC Configuration: 
# Software Version: 20251215.1 (RELEASE)
# EEPROM Version: 13, Board Version: D
# Board Serial Number: 46F08E3E
# Measurement Mode: Time Interval ch0->ch1
# Timestamp Wrap: 0 (no wrap)
# Output Decimal Places: 11
# SyncMode: P
# Serial Baud Rate: 115200
# Channel Names: A/B (C)
# Poll Character: none
# Clock Speed: 10.000000 MHz
# Coarse tick: 100.000000 usec
# Cal Periods: 20
# Propagation Delay ps: 0 (ch0), 0 (ch1)
# Timeout: 0x05
# Time Dilation ps: 2500 (ch0), 2500 (ch1)
# fixedTime2 ps: 0 (ch0), 0 (ch1)
# FUDGE0 ps: 0 (ch0), 0 (ch1)
# #####################
# 
# Type any character for config menu
# ............................
# 
# time interval ch0->ch1 (seconds with 11 decimal places)
0.00000039679
0.00000040115
0.00000039936
0.00000039259
0.00000040848
0.00000039709
0.00000040252
0.00000040855
0.00000041419
0.00000041640
0.00000041532
0.00000041087
0.00000040450
0.00000041276
0.00000039662
0.00000040630
0.00000041389
0.00000039546
0.00000040220
0.00000040717
0.00000041533
0.00000042157
0.00000042603
0.00000042873
0.00000040596
0.00000041141
0.00000042064
0.00000042964
0.00000041822
0.00000043145
0.00000041884
0.00000043491
0.00000042643
0.00000041895
0.00000043517
0.00000043307
0.00000042374
0.00000041376
0.00000040243
0.00000041753
0.00000041441
0.00000043124
0.00000041959
0.00000040957
0.00000041731
0.00000039896
0.00000039880
0.00000039544
0.00000041994
0.00000041040
0.00000039816
0.00000041858
0.00000040623
0.00000041817
0.00000039709
0.00000040212
0.00000039887
0.00000040106
0.00000042665
0.00000043116
0.00000043132
0.00000041186
0.00000043604
0.00000040647
0.00000040509
0.00000040145
0.00000041709
0.00000040309
0.00000041726
0.00000040137
0.00000041086
0.00000042553
0.00000040637
0.00000041998
0.00000040350
0.00000042103
0.00000042077
0.00000043996
0.00000043646
0.00000043166
0.00000043078
0.00000043034
0.00000043154
0.00000043566
0.00000044638
0.00000044051
0.00000043661
0.00000043773
0.00000044506
0.00000044958
0.00000043351
0.00000045046
0.00000044521
0.00000044174
0.00000044302
0.00000045283
0.00000043449
0.00000044416
0.00000042933
0.00000044335
0.00000043122
0.00000042094
0.00000043597
0.00000042598
0.00000041541
0.00000043111
0.00000042131
0.00000041726
0.00000043599
0.00000043272
0.00000042804
0.00000042951
0.00000042534
0.00000042485
0.00000042074
0.00000042309
0.00000041997
0.00000042259
0.00000042018
0.00000042447
0.00000042973
0.00000042570
0.00000042520
0.00000042199
0.00000042708
0.00000043234
0.00000043359
0.00000044183
0.00000042882
0.00000043797
0.00000040177
0.00000039111
0.00000041610
0.00000044108
0.00000043396
0.00000045522
0.00000045663
0.00000043126
0.00000042862
0.00000043157
0.00000043089
0.00000042947
0.00000042836
0.00000042457
0.00000041945
0.00000041770
0.00000040926
0.00000040459
0.00000042178
0.00000041545
0.00000040474
0.00000039734
0.00000041055
0.00000040026
0.00000041214
0.00000040405
0.00000041642
0.00000040810
0.00000042030
0.00000041111
0.00000042182
0.00000040442
0.00000039072
0.00000039743
0.00000040355
0.00000041327
0.00000041987
0.00000040396
0.00000040805
0.00000041209
0.00000042146
0.00000040174
0.00000040374
0.00000040305
0.00000040383
0.00000039745
0.00000041668
0.00000040896
0.00000039232
0.00000040160
0.00000040799
0.00000040793
0.00000041093
0.00000040947
0.00000039837
0.00000038187
0.00000035962
0.00000036716
0.00000036264
0.00000037727
0.00000039176
0.00000040873
0.00000042938
0.00000039014
0.00000040182
0.00000038561
0.00000039885
0.00000038140
0.00000042065
0.00000042785
0.00000041106
0.00000041569
0.00000039380
0.00000040556
0.00000041208
0.00000042390
0.00000040770
0.00000042305
0.00000044019
0.00000042864
0.00000042523
0.00000042114
0.00000042504
0.00000042320
0.00000043329
0.00000044786
0.00000046623
0.00000045798
0.00000048493
0.00000048231
0.00000051431
0.00000044375
0.00000043347
0.00000044632
0.00000043781
0.00000042175
0.00000040894
0.00000041419
0.00000039600
0.00000040048
0.00000040954
0.00000041196
0.00000042003
0.00000041816
0.00000042110
0.00000041402
0.00000041133
0.00000040165
0.00000039530
0.00000041066
0.00000040748
0.00000042209
0.00000041260
0.00000042330
0.00000041174
0.00000042503
0.00000041958
0.00000043758
0.00000043274
0.00000043627
0.00000043485
0.00000044561
0.00000042640
0.00000043387
0.00000041862
0.00000042259
0.00000040311
0.00000041508
0.00000042159
0.00000042732
0.00000043235
0.00000041698
0.00000041990
0.00000042499
0.00000040821
0.00000041153
0.00000041606
0.00000042526
0.00000042597
0.00000040395
0.00000039931
0.00000042224
0.00000041393
0.00000040953
0.00000042973
0.00000042453
0.00000041122
0.00000042061
0.00000040770
0.00000041681
0.00000040322
0.00000040883
0.00000041799
0.00000040039
0.00000040101
0.00000040765
0.00000041045
0.00000040896
0.00000041347
0.00000040733
0.00000040276
0.00000040107
0.00000039777
0.00000042496
0.00000042117
0.00000042398
0.00000042492
0.00000043223
0.00000043590
0.00000043878
0.00000041823
0.00000041611
0.00000041262
0.00000041079
0.00000040253
0.00000042659
0.00000041912
0.00000042135
0.00000041887
0.00000041679
0.00000041667
0.00000041264
0.00000041330
0.00000041061
0.00000041448
0.00000041373
0.00000043925
0.00000041637
0.00000041589
0.00000040951
0.00000040243
0.00000039653
0.00000040966
0.00000040150
0.00000041577
0.00000043510
0.00000042166
0.00000043444
0.00000042633
0.00000041245
0.00000042849
0.00000042126
0.00000040759
0.00000042781
0.00000042311
0.00000043859
0.00000042806
0.00000042423
0.00000044689
0.00000043936
0.00000044064
0.00000043847
0.00000044003
0.00000041939
0.00000042593
0.00000042845
0.00000043412
0.00000040951
0.00000041749
0.00000042682
0.00000043550
0.00000041099
0.00000041817
0.00000042764
0.00000043574
0.00000041323
0.00000042078
0.00000042579
0.00000042401
0.00000042118
0.00000042531
0.00000042856
0.00000042294
0.00000042376
0.00000042097
0.00000042417
0.00000042336
0.00000043038
0.00000043956
0.00000044742
0.00000043616
0.00000044765
0.00000043457
0.00000043070
0.00000042373
0.00000041733
0.00000044261
0.00000041303
0.00000041053
0.00000041634
0.00000041761
0.00000041997
0.00000042915
0.00000043567
0.00000041764
0.00000043161
0.00000044418
0.00000043665
0.00000042818
0.00000042355
0.00000043167
0.00000043686
0.00000045183
0.00000043833
0.00000043178
0.00000043407
0.00000043600
0.00000044255
0.00000045554
0.00000044116
0.00000044011
0.00000043719
0.00000043771
0.00000044872
0.00000043379
0.00000044948
0.00000044127
0.00000044549
0.00000044832
0.00000045057
0.00000042737
0.00000043173
0.00000044125
0.00000042053
0.00000042448
0.00000042816
0.00000040471
0.00000040857
0.00000041132
0.00000040932
0.00000040923
0.00000041383
0.00000041515
0.00000041657
0.00000041641
0.00000041549
0.00000040989
0.00000040765
0.00000039576
0.00000040842
0.00000042168
0.00000039887
0.00000040145
0.00000040551
0.00000040646
0.00000040433
0.00000040375
0.00000039332
0.00000040558
0.00000039129
0.00000040457
0.00000040976
0.00000041479
0.00000039881
0.00000040123
0.00000040030
0.00000042965
0.00000042932
0.00000040367
0.00000040315
0.00000040653
0.00000040555
0.00000039918
0.00000041943
0.00000041542
0.00000040500
0.00000042447
0.00000042290
0.00000041681
0.00000043992
0.00000044396
0.00000043913
0.00000043110
0.00000042590
0.00000041522
0.00000040203
0.00000042093
0.00000043400
0.00000041520
0.00000042734
0.00000041067
0.00000042008
0.00000042754
0.00000041514
0.00000042436
0.00000040521
0.00000041588
0.00000042213
0.00000040139
0.00000040445
0.00000040634
0.00000041014
0.00000041652
0.00000042004
0.00000042205
0.00000042339
0.00000043410
0.00000041344
0.00000041639
0.00000041713
0.00000041850
0.00000042847
0.00000043757
0.00000042474
0.00000043955
0.00000043144
0.00000043578
0.00000043776
0.00000044399
0.00000042434
0.00000043531
0.00000042772
0.00000044749
0.00000044326
0.00000044190
0.00000041753
0.00000043040
0.00000044310
0.00000043282
0.00000043056
0.00000042408
0.00000042741
0.00000042661
0.00000043038
0.00000043555
0.00000042195
0.00000043148
0.00000044542
0.00000043028
0.00000045264
0.00000044807
0.00000045462
0.00000043331
0.00000044334
0.00000042372
0.00000043709
0.00000042441
0.00000043679
0.00000043004
0.00000042205
0.00000041113
0.00000042645
0.00000042453
0.00000041890
0.00000043950
0.00000042802
0.00000041530
0.00000040248
0.00000042077
0.00000040562
0.00000041646
0.00000042753
0.00000041231
0.00000041702
0.00000042259
0.00000039845
0.00000039977
0.00000039818
0.00000039446
0.00000041248
0.00000039970
0.00000041030
0.00000039107
0.00000039431
0.00000038808
0.00000040691
0.00000039462
0.00000040533
0.00000041203
0.00000038870
0.00000039016
0.00000040896
0.00000039652
0.00000040765
0.00000038994
0.00000039214
0.00000042259
0.00000042021
0.00000041656
0.00000041007
0.00000040192
0.00000042180
0.00000040817
0.00000041720
0.00000040118
0.00000040844
0.00000042149
0.00000043193
0.00000042099
0.00000043342
0.00000042323
0.00000043841
0.00000042852
0.00000041904
0.00000040947
0.00000042828
0.00000041823
0.00000043215
0.00000041970
0.00000041232
0.00000042609
0.00000041521
0.00000043140
0.00000042675
0.00000041903
0.00000041639
0.00000040870
0.00000042672
0.00000041164
0.00000039907
0.00000040300
0.00000041436
0.00000042318
0.00000043301
0.00000042003
0.00000042757
0.00000041084
0.00000042428
0.00000041624
0.00000043151
0.00000043427
0.00000043481
0.00000044018
0.00000045096
0.00000044337
0.00000043523
0.00000043168
0.00000043843
0.00000044373
0.00000045019
0.00000043637
0.00000042320
0.00000044234
0.00000043316
0.00000042324
0.00000043760
0.00000042662
0.00000041706
0.00000041185
0.00000042784
0.00000041777
0.00000043486
0.00000042443
0.00000041782
0.00000043592
0.00000042776
0.00000041976
0.00000041924
0.00000041128
0.00000043692
0.00000042992
0.00000042744
0.00000042029
0.00000041860
0.00000043835
0.00000044124
0.00000044283
0.00000044010
0.00000044168
0.00000041391
0.00000042003
0.00000042607
0.00000043532
0.00000044221
0.00000042924
0.00000044013
0.00000043548
0.00000043060
0.00000042365
0.00000041975
0.00000041021
0.00000043362
0.00000042660
0.00000042754
0.00000042638
0.00000042794
0.00000042588
0.00000042770
0.00000042373
0.00000042576
0.00000042232
0.00000042622
0.00000042240
0.00000042384
0.00000042129
0.00000041180
0.00000040236
0.00000041109
0.00000039599
0.00000040625
0.00000041031
0.00000041611
0.00000041447
0.00000040902
0.00000040050
0.00000040729
0.00000038777
0.00000039086
0.00000038796
0.00000040923
0.00000039997
0.00000038277
0.00000039013
0.00000039533
0.00000042098
0.00000041968
0.00000041571
0.00000040470
0.00000039595
0.00000040826
0.00000039726
0.00000040332
0.00000041005
0.00000041078
0.00000041053
0.00000041312
0.00000040486
0.00000040030
0.00000041418
0.00000040488
0.00000042652
0.00000041552
0.00000040988
0.00000042576
0.00000041681
0.00000039986
0.00000041356
0.00000039538
0.00000040917
0.00000041663
0.00000042429
0.00000040217
0.00000041469
0.00000042868
0.00000043930
0.00000042905
0.00000041468
0.00000043253
0.00000042925
0.00000042281
0.00000042697
0.00000043100
0.00000044097
0.00000044592
0.00000043099
0.00000041024
0.00000042197
0.00000042698
0.00000041248
0.00000042240
0.00000042947
0.00000041453
0.00000041709
0.00000042021
0.00000041763
0.00000041964
0.00000041145
0.00000040494
0.00000039826
0.00000041006
0.00000042515
0.00000040704
0.00000041549
0.00000042287
0.00000039931
0.00000039584
0.00000042026
0.00000040981
0.00000040242
0.00000042128
0.00000040369
0.00000041664
0.00000042301
0.00000039436
0.00000038826
0.00000038566
0.00000040993
0.00000040214
0.00000042498
0.00000041042
0.00000039211
0.00000040378
0.00000040902
0.00000041947
0.00000042396
0.00000040790
0.00000041076
0.00000041955
0.00000042209
0.00000042478
0.00000040663
0.00000041080
0.00000041621
0.00000042538
0.00000043743
0.00000041782
0.00000042023
0.00000042187
0.00000042179
0.00000042052
0.00000042697
0.00000042825
0.00000043015
0.00000042969
0.00000042824
0.00000040595
0.00000040397
0.00000040317
0.00000041111
0.00000041282
0.00000042013
0.00000042554
0.00000043340
0.00000044450
0.00000042453
0.00000044117
0.00000042869
0.00000042430
0.00000044429
0.00000044706
0.00000044845
0.00000042822
0.00000044298
0.00000043492
0.00000045162
0.00000044899
0.00000044304
0.00000041815
0.00000041293
0.00000041223
0.00000040391
0.00000042305
0.00000041101
0.00000040663
0.00000042328
0.00000041983
0.00000041015
0.00000043087
0.00000042226
0.00000040695
0.00000040976
0.00000039117
0.00000039755
0.00000042747
0.00000042642
0.00000043083
0.00000043409
0.00000043614
0.00000043795
0.00000040613
0.00000039970
0.00000039091
0.00000040645
0.00000038744
0.00000039566
0.00000040195
0.00000040999
0.00000040705
0.00000040553
0.00000040156
0.00000041921
0.00000040849
0.00000039411
0.00000040458
0.00000041217
0.00000041976
0.00000042511
0.00000042948
0.00000040550
0.00000040318
0.00000039709
0.00000041649
0.00000041316
0.00000040472
0.00000043330
0.00000044347
0.00000045425
0.00000044229
0.00000042918
0.00000042451
0.00000042120
0.00000044117
0.00000041562
0.00000044393
0.00000041615
0.00000042052
0.00000042106
0.00000042559
0.00000042606
0.00000043173
0.00000040731
0.00000041177
0.00000041482
0.00000041117
0.00000041309
0.00000040691
0.00000040485
0.00000042439
0.00000042105
0.00000040961
0.00000040423
0.00000042262
0.00000040936
0.00000042444
0.00000040698
0.00000042224
0.00000040668
0.00000041593
0.00000041701
0.00000041992
0.00000042111
0.00000042307
0.00000042568
0.00000042147
0.00000042169
0.00000042276
0.00000042247
0.00000042183
0.00000041629
0.00000041477
0.00000041431
0.00000041126
0.00000041448
0.00000042366
0.00000043334
0.00000043987
0.00000042468
0.00000044145
0.00000042667
0.00000042307
0.00000044071
0.00000044051
0.00000044400
0.00000044245
0.00000041384
0.00000041762
0.00000041762
0.00000042340
0.00000042436
0.00000043532
0.00000044530
0.00000044209
0.00000043559
0.00000043813
0.00000044584
0.00000045957
0.00000045324
0.00000044259
0.00000044076
0.00000044878
0.00000043160
0.00000044463
0.00000044708
0.00000044749
0.00000045198
0.00000043738
0.00000043151
0.00000043030
0.00000043624
0.00000044548
0.00000046436
0.00000045804
0.00000045044
0.00000042572
0.00000043285
0.00000044533
0.00000043515
0.00000045652
0.00000045374
0.00000045615
0.00000043385
0.00000043812
0.00000042048
0.00000042511
0.00000043622
0.00000042278
0.00000043662
0.00000042882
0.00000042836
0.00000042298
0.00000044579
0.00000044383
0.00000041684
0.00000041561
0.00000041644
0.00000041686
0.00000041936
0.00000042416
0.00000043208
0.00000043826
0.00000042001
0.00000042395
0.00000042472
0.00000042964
0.00000043910
0.00000041334
0.00000041054
0.00000040547
0.00000040361
0.00000039279
0.00000040602
0.00000042468
0.00000041166
0.00000043015
0.00000041354
0.00000042026
0.00000040564
0.00000041192
0.00000041918
0.00000040562
0.00000041106
0.00000041818
0.00000041954
0.00000042187
0.00000041556
0.00000040883
0.00000039363
0.00000040344
0.00000040990
0.00000040816
0.00000041040
0.00000040470
0.00000039039
0.00000040555
0.00000041566
0.00000039325
0.00000039373
0.00000038935
0.00000040925
0.00000039320
0.00000040285
0.00000041340
0.00000039710
0.00000040349
0.00000040744
0.00000040816
0.00000040412
0.00000039913
0.00000041365
0.00000039969
0.00000040772
0.00000041454
0.00000042259
0.00000042507
0.00000042583
0.00000042500
0.00000041731
0.00000042028
0.00000042472
0.00000043293
0.00000044465
0.00000043184
0.00000044243
0.00000043411
0.00000042826
0.00000041754
0.00000043871
0.00000042897
0.00000042752
0.00000042731
0.00000042668
0.00000042227
0.00000042413
0.00000042070
0.00000042516
0.00000042979
0.00000042845
0.00000043446
0.00000043369
0.00000041027
0.00000041009
0.00000041200
0.00000041138
0.00000040484
0.00000039736
0.00000041432
0.00000040032
0.00000041344
0.00000039789
0.00000040343
0.00000041289
0.00000041679
0.00000042574
0.00000043027
0.00000041298
0.00000042209
0.00000042354
0.00000040095
0.00000040349
0.00000040339
0.00000040606
0.00000040654
0.00000043173
0.00000042407
0.00000041929
0.00000041371
0.00000040708
0.00000042436
0.00000041438
0.00000042988
0.00000041808
0.00000043216
0.00000041899
0.00000042265
0.00000040326
0.00000040840
0.00000041213
0.00000040737
0.00000040760
0.00000039918
0.00000042056
0.00000040673
0.00000042095
0.00000040123
0.00000040586
0.00000040818
0.00000040832
0.00000040393
0.00000039679
0.00000041203
0.00000040012
0.00000041190
0.00000042432
0.00000040810
0.00000041857
0.00000042685
0.00000040696
0.00000041208
0.00000041532
0.00000042414
0.00000043163
0.00000041240
0.00000041817
0.00000043070
0.00000044100
0.00000042361
0.00000043245
0.00000041942
0.00000042993
0.00000041811
0.00000043106
0.00000041539
0.00000042781
0.00000041546
0.00000042672
0.00000041803
0.00000042767
0.00000041509
0.00000042273
0.00000041045
0.00000041974
0.00000041079
0.00000042365
0.00000044009
0.00000043992
0.00000043772
0.00000044356
0.00000042456
0.00000044135
0.00000042958
0.00000044791
0.00000044402
0.00000044974
0.00000042771
0.00000043839
0.00000042494
0.00000044473
0.00000043768
0.00000043436
0.00000043309
0.00000043131
0.00000043539
0.00000043650
0.00000044470
0.00000042713
0.00000043794
0.00000042179
0.00000042955
0.00000041705
0.00000042741
0.00000040670
0.00000041037
0.00000041458
0.00000041914
0.00000042003
0.00000039494
0.00000040122
0.00000040020
0.00000040265
0.00000040531
0.00000040989
0.00000041003
0.00000040882
0.00000041259
0.00000041109
0.00000041141
0.00000041304
0.00000040652
0.00000040742
0.00000042913
0.00000043083
0.00000043042
0.00000043923
0.00000044219
0.00000042782
0.00000043913
0.00000042933
0.00000044498
0.00000043683
0.00000043915
0.00000044151
0.00000045807
0.00000044900
0.00000044995
0.00000044859
0.00000045484
0.00000044680
0.00000043765
0.00000043130
0.00000043106
0.00000043656
0.00000045261
0.00000044531
0.00000044330
0.00000044606
0.00000045310
0.00000043585
0.00000044452
0.00000042943
0.00000044493
0.00000043528
0.00000042765
0.00000044162
0.00000043023
0.00000041810
0.00000043220
0.00000041924
0.00000040440
0.00000041384
0.00000042055
0.00000039910
0.00000039918
0.00000039917
0.00000040288
0.00000042492
0.00000041869
0.00000041085
0.00000039859
0.00000041034
0.00000042293
0.00000040147
0.00000040659
0.00000040540
0.00000039950
0.00000039014
0.00000040174
0.00000041266
0.00000039977
0.00000040057
0.00000039741
0.00000039097
0.00000041000
0.00000040452
0.00000041482
0.00000039537
0.00000039972
0.00000040822
0.00000041029
0.00000041397
0.00000041268
0.00000041354
0.00000041065
0.00000041580
0.00000042741
0.00000043154
0.00000043883
0.00000044303
0.00000042877
0.00000041327
0.00000043301
0.00000042538
0.00000045220
0.00000042752
0.00000043780
0.00000045113
0.00000044105
0.00000043143
0.00000043003
0.00000042816
0.00000044211
0.00000045579
0.00000045408
0.00000045160
0.00000046211
0.00000044623
0.00000043705
0.00000043028
0.00000042736
0.00000043380
0.00000043538
0.00000045518
0.00000045003
0.00000045031
0.00000045356
0.00000042789
0.00000043867
0.00000043200
0.00000045464
0.00000045453
0.00000045361
0.00000043370
0.00000044501
0.00000043088
0.00000044160
0.00000042240
0.00000043693
0.00000042376
0.00000043816
0.00000042734
0.00000043959
0.00000041882
0.00000040154
0.00000041049
0.00000041122
0.00000041802
0.00000042247
0.00000041905
0.00000041879
0.00000041480
0.00000040947
0.00000040224
0.00000041636
0.00000040266
0.00000041355
0.00000042039
0.00000040491
0.00000040872
0.00000041487
0.00000041860
0.00000041583
0.00000041504
0.00000040761
0.00000040651
0.00000042794
0.00000042373
0.00000041785
0.00000040918
0.00000043166
0.00000042875
0.00000042162
0.00000041586
0.00000040867
0.00000042073
0.00000041618
0.00000041245
0.00000040311
0.00000042411
0.00000042181
0.00000041554
0.00000041459
0.00000043198
0.00000042939
0.00000042699
0.00000042154
0.00000041780
0.00000042492
0.00000043238
0.00000044679
0.00000043049
0.00000042113
0.00000043981
0.00000043341
0.00000042606
0.00000042606
0.00000042243
0.00000042070
0.00000042236
0.00000042007
0.00000042365
0.00000042408
0.00000042933
0.00000044273
0.00000042974
0.00000044425
0.00000043491
0.00000043177
0.00000045794
0.00000043026
0.00000043898
0.00000042311
0.00000044055
0.00000043932
0.00000044229
0.00000045300
0.00000044004
0.00000045608
0.00000045047
0.00000042229
0.00000044839
0.00000045260
0.00000043370
0.00000044633
0.00000043121
0.00000041633
0.00000042582
0.00000040762
0.00000041504
0.00000042167
0.00000042669
0.00000043298
0.00000041299
0.00000041702
0.00000041609
0.00000041690
0.00000041054
0.00000039788
0.00000040583
0.00000038451
0.00000038710
0.00000041184
0.00000040236
0.00000039214
0.00000039905
0.00000040232
0.00000040467
0.00000039696
0.00000041362
0.00000040387
0.00000038778
0.00000039629
0.00000041068
0.00000042241
0.00000040009
0.00000040453
0.00000041136
0.00000042118
0.00000042673
0.00000043921
0.00000042997
0.00000044298
0.00000043429
0.00000043040
0.00000042384
0.00000042745
0.00000043284
0.00000043444
0.00000044511
0.00000043510
0.00000044710
0.00000044425
0.00000043713
0.00000043766
0.00000043621
0.00000044264
0.00000042038
0.00000043081
0.00000043991
0.00000042167
0.00000043787
0.00000042223
0.00000043278
0.00000041759
0.00000042876
0.00000040499
0.00000040106
0.00000039401
0.00000038727
0.00000039481
0.00000039692
0.00000040342
0.00000040038
0.00000039514
0.00000041069
0.00000040515
0.00000041719
0.00000040346
0.00000041475
0.00000042404
0.00000043661
0.00000042608
0.00000044444
0.00000043861
0.00000043513
0.00000043032
0.00000042757
0.00000042182
0.00000041440
0.00000040676
0.00000043015
0.00000042408
0.00000041647
0.00000040647
0.00000042473
0.00000038356
0.00000039928
0.00000038095
0.00000041177
0.00000038977
0.00000041497
0.00000041685
0.00000038203
0.00000039452
0.00000037829
0.00000038265
0.00000041255
0.00000040828
0.00000039698
0.00000037986
0.00000038324
0.00000038402
0.00000040612
0.00000040081
0.00000038681
0.00000039456
0.00000039648
0.00000040316
0.00000040543
0.00000040436
0.00000040360
0.00000040625
0.00000040856
0.00000043984
0.00000042339
0.00000043492
0.00000042370
0.00000044453
0.00000044308
0.00000044425
0.00000044758
0.00000042516
0.00000043082
0.00000043857
0.00000041897
0.00000042671
0.00000043716
0.00000042770
0.00000041083
0.00000041965
0.00000039928
0.00000040198
0.00000040872
0.00000040702
0.00000040169
0.00000039231
0.00000040601
0.00000039822
0.00000040750
0.00000040930
0.00000041062
0.00000040370
0.00000039452
0.00000041348
0.00000041134
0.00000042765
0.00000041698
0.00000040578
0.00000042607
0.00000040912
0.00000038944
0.00000039629
0.00000040117
0.00000041001
0.00000041253
0.00000041337
0.00000041089
0.00000040249
0.00000039795
0.00000041535
0.00000039886
0.00000041070
0.00000041752
0.00000040100
0.00000040359
0.00000040841
0.00000040786
0.00000039815
0.00000041446
0.00000040595
0.00000041345
0.00000039492
0.00000039289
0.00000038984
0.00000040350
0.00000038777
0.00000039486
0.00000040118
0.00000039746
0.00000039182
0.00000040919
0.00000040174
0.00000041641
0.00000040021
0.00000041013
0.00000038999
0.00000039186
0.00000038913
0.00000040765
0.00000039388
0.00000040595
0.00000041575
0.00000039573
0.00000042072
0.00000042049
0.00000041556
0.00000041051
0.00000040340
0.00000042349
0.00000041707
0.00000041145
0.00000041257
0.00000044658
0.00000042629
0.00000044116
0.00000043121
0.00000042365
0.00000044801
0.00000042316
0.00000042678
0.00000043634
0.00000044917
0.00000046590
0.00000046439
0.00000043905
0.00000044260
0.00000042326
0.00000043788
0.00000043401
0.00000043779
0.00000045151
0.00000047242
0.00000044408
0.00000044378
0.00000045236
0.00000044304
0.00000043850
0.00000044375
0.00000045669
0.00000044976
0.00000045226
0.00000046223
0.00000044609
0.00000041884
0.00000044942
0.00000045663
0.00000044399
0.00000046153
0.00000045856
0.00000048462
0.00000048595
0.00000044520
0.00000046278
0.00000045913
0.00000045882
0.00000046181
0.00000044753
0.00000044431
0.00000044767
0.00000045514
0.00000046824
0.00000043037
0.00000043035
0.00000046458
0.00000045131
0.00000047012
0.00000047294
0.00000045607
0.00000046914
0.00000045748
0.00000042768
0.00000041987
0.00000042434
0.00000042562
0.00000043492
0.00000044655
0.00000045891
0.00000044904
0.00000044369
0.00000044213
0.00000044081
0.00000044918
0.00000043230
0.00000044589
0.00000043572
0.00000045433
0.00000044859
0.00000044548
0.00000041684
0.00000044055
0.00000044587
0.00000045056
0.00000043030
0.00000044189
0.00000042912
0.00000044441
0.00000043778
0.00000043372
0.00000043364
0.00000044172
0.00000045042
0.00000043523
0.00000044792
0.00000043906
0.00000040368
0.00000042652
0.00000041963
0.00000041001
0.00000042951
0.00000042923
0.00000042211
0.00000041174
0.00000042111
0.00000040755
0.00000041207
0.00000039567
0.00000040196
0.00000041200
0.00000041833
0.00000042912
0.00000042249
0.00000043480
0.00000042706
0.00000041469
0.00000043089
0.00000042914
0.00000042506
0.00000042430
0.00000042941
0.00000042780
0.00000043214
0.00000044130
0.00000042434
0.00000043991
0.00000043849
0.00000046034
0.00000045738
0.00000042798
0.00000042837
0.00000042470
0.00000041907
0.00000041526
0.00000041350
0.00000040377
0.00000039704
0.00000040667
0.00000041275
0.00000039579
0.00000039455
0.00000039004
0.00000038979
0.00000041613
0.00000040758
0.00000040130
0.00000042686
0.00000042724
0.00000042421
0.00000042472
0.00000042143
0.00000042179
0.00000042896
0.00000043953
0.00000044643
0.00000043324
0.00000044162
0.00000043132
0.00000041661
0.00000043057
0.00000042998
0.00000042439
0.00000045108
0.00000044751
0.00000044865
0.00000043027
0.00000043386
0.00000041418
0.00000041099
0.00000041334
0.00000040963
0.00000040401
0.00000040419
0.00000039810
0.00000042011
0.00000041194
0.00000040864
0.00000042803
0.00000041937
0.00000040869
0.00000042933
0.00000043373
0.00000043604
0.00000044681
0.00000042924
0.00000044483
0.00000043026
0.00000041536
0.00000042749
0.00000042156
0.00000043939
0.00000043267
0.00000042463
0.00000041851
0.00000041645
0.00000043707
0.00000043191
0.00000042689
0.00000042277
0.00000042662
0.00000042852
0.00000043299
0.00000044710
0.00000042726
0.00000043440
0.00000041769
0.00000042701
0.00000041191
0.00000042630
0.00000043411
0.00000041141
0.00000041208
0.00000041567
0.00000041032
0.00000039952
0.00000038884
0.00000040425
0.00000040986
0.00000041225
0.00000041634
0.00000041317
0.00000040820
0.00000040631
0.00000039436
0.00000040573
0.00000042032
0.00000039906
0.00000040176
0.00000040105
0.00000039079
0.00000040845
0.00000039308
0.00000039761
0.00000040325
0.00000039732
0.00000039179
0.00000040296
0.00000039112
0.00000040406
0.00000040971
0.00000041529
0.00000041241
0.00000041201
0.00000040343
0.00000039998
0.00000042073
0.00000041265
0.00000040565
0.00000042923
0.00000042349
0.00000042276
0.00000042407
0.00000042079
0.00000041676
0.00000041815
0.00000041337
0.00000041594
0.00000041935
0.00000042594
0.00000043807
0.00000042070
0.00000043400
0.00000044332
0.00000042797
0.00000043955
0.00000042426
0.00000041452
0.00000042325
0.00000040066
0.00000040119
0.00000040651
0.00000040564
0.00000040336
0.00000040043
0.00000042088
0.00000041390
0.00000040753
0.00000042648
0.00000042422
0.00000041474
0.00000040822
0.00000042945
0.00000042558
0.00000042758
0.00000042652
0.00000042282
0.00000041903
0.00000042072
0.00000041958
0.00000042189
0.00000042872
0.00000043017
0.00000043918
0.00000041881
0.00000043449
0.00000044820
0.00000044348
0.00000043491
0.00000043056
0.00000041941
0.00000040735
0.00000040164
0.00000041753
0.00000041126
0.00000042732
0.00000042324
0.00000041601
0.00000043990
0.00000043260
0.00000043428
0.00000043525
0.00000043100
0.00000042734
0.00000041777
0.00000041345
0.00000040488
0.00000042679
0.00000041709
0.00000040924
0.00000042369
0.00000040483
0.00000041099
0.00000041069
0.00000040997
0.00000040155
0.00000039629
0.00000041192
0.00000039084
0.00000039653
0.00000039960
0.00000040246
0.00000040040
0.00000040339
0.00000040739
0.00000040833
0.00000040212
0.00000040301
0.00000040323
0.00000042281
0.00000041844
0.00000040801
0.00000042941
0.00000042142
0.00000041784
0.00000041684
0.00000043978
0.00000041753
0.00000041830
0.00000041925
0.00000042512
0.00000042793
0.00000043479
0.00000041036
0.00000041475
0.00000041747
0.00000042600
0.00000042518
0.00000042944
0.00000042587
0.00000039795
0.00000039260
0.00000041334
0.00000040147
0.00000041660
0.00000039853
0.00000040412
0.00000041294
0.00000041163
0.00000040976
0.00000039999
0.00000039017
0.00000040530
0.00000041707
0.00000039683
0.00000040538
0.00000040489
0.00000040279
0.00000040185
0.00000041968
0.00000041077
0.00000039450
0.00000040578
0.00000040843
0.00000040884
0.00000040571
0.00000040281
0.00000038806
0.00000039059
0.00000039095
0.00000037961
0.00000039261
0.00000039924
0.00000040841
0.00000040794
0.00000041244
0.00000041538
0.00000041531
0.00000041887
0.00000041350
0.00000040985
0.00000040248
0.00000041223
0.00000039772
0.00000040212
0.00000040638
0.00000040543
0.00000040614
0.00000039800
0.00000039131
0.00000040677
0.00000040038
0.00000041216
0.00000042821
0.00000041019
0.00000041907
0.00000039277
0.00000038916
0.00000038298
0.00000040431
0.00000041566
0.00000039629
0.00000040301
0.00000041349
0.00000041773
0.00000042350
0.00000042695
0.00000043581
0.00000041088
0.00000040881
0.00000040866
0.00000040476
0.00000040719
0.00000040150
0.00000042724
0.00000042785
0.00000042445
0.00000041673
0.00000041015
0.00000041175
0.00000041252
0.00000042118
0.00000043394
0.00000044468
0.00000043671
0.00000045306
0.00000044985
0.00000044368
0.00000044404
0.00000042014
0.00000043088
0.00000043950
0.00000045665
0.00000044477
0.00000044249
0.00000043987
0.00000044462
0.00000044716
0.00000042935
0.00000043255
0.00000041452
0.00000041393
0.00000041681
0.00000041224
0.00000040583
0.00000040623
0.00000042845
0.00000043110
0.00000042724
0.00000042784
0.00000042424
0.00000042451
0.00000042066
0.00000042095
0.00000041248
0.00000040865
0.00000040154
0.00000041503
0.00000040312
0.00000041481
0.00000043353
0.00000042365
0.00000044298
0.00000042987
0.00000042127
0.00000043031
0.00000042010
0.00000042968
0.00000041834
0.00000040173
0.00000040955
0.00000042470
0.00000040929
0.00000042704
0.00000040859
0.00000042187
0.00000040054
0.00000041065
0.00000041537
0.00000041623
0.00000042174
0.00000041917
0.00000042107
0.00000041838
0.00000042336
0.00000042464
0.00000042809
0.00000042630
0.00000043403
0.00000043713
0.00000041536
0.00000041595
0.00000042429
0.00000042882
0.00000044287
0.00000043149
0.00000043996
0.00000042701
0.00000041057
0.00000042838
0.00000041356
0.00000043140
0.00000042264
0.00000043391
0.00000041935
0.00000040817
0.00000041203
0.00000041647
0.00000039044
0.00000039439
0.00000039703
0.00000042309
0.00000041649
0.00000041112
0.00000040951
0.00000040591
0.00000042529
0.00000041069
0.00000040128
0.00000041671
0.00000042845
0.00000041518
0.00000042572
0.00000040511
0.00000039976
0.00000039751
0.00000039529
0.00000042026
0.00000041870
0.00000041578
0.00000040866
0.00000040255
0.00000042170
0.00000041620
0.00000041207
0.00000043245
0.00000043139
0.00000042568
0.00000042522
0.00000042520
0.00000042876
0.00000043304
0.00000042809
0.00000042679
0.00000042105
0.00000040697
0.00000039251
0.00000039857
0.00000040855
0.00000040824
0.00000040861
0.00000040055
0.00000038464
0.00000039762
0.00000039942
0.00000040463
0.00000040262
0.00000039531
0.00000039205
0.00000040992
0.00000040109
0.00000042478
0.00000041587
0.00000041097
0.00000044078
0.00000043570
0.00000043058
0.00000042824
0.00000042364
0.00000041725
0.00000041793
0.00000041334
0.00000043602
0.00000043829
0.00000041014
0.00000040822
0.00000040635
0.00000040927
0.00000040481
0.00000043092
0.00000042649
0.00000042060
0.00000042044
0.00000041429
0.00000040532
0.00000040011
0.00000042048
0.00000040704
0.00000040004
0.00000041691
0.00000043204
0.00000041653
0.00000040703
0.00000041876
0.00000043544
0.00000043174
0.00000043092
0.00000042940
0.00000043269
0.00000044080
0.00000044638
0.00000043149
0.00000044076
0.00000043323
0.00000042703
0.00000044143
0.00000042878
0.00000041616
0.00000040855
0.00000041856
0.00000040163
0.00000041721
0.00000042574
0.00000040658
0.00000041339
0.00000041595
0.00000042113
0.00000042990
0.00000040362
0.00000039911
0.00000041631
0.00000040459
0.00000039542
0.00000040165
0.00000041588
0.00000042843
0.00000041402
0.00000042517
0.00000041348
0.00000043594
0.00000042840
0.00000042287
0.00000041808
0.00000042288
0.00000042553
0.00000043036
0.00000044275
0.00000042475
0.00000044090
0.00000042573
0.00000043846
0.00000042701
0.00000043990
0.00000043297
0.00000042171
0.00000044499
0.00000043544
0.00000042632
0.00000042718
0.00000043035
0.00000043463
0.00000044556
0.00000042549
0.00000044092
0.00000043090
0.00000042895
0.00000045120
0.00000045264
0.00000043431
0.00000044214
0.00000043382
0.00000045120
0.00000044592
0.00000043477
0.00000043155
0.00000042694
0.00000041271
0.00000042702
0.00000040733
0.00000041372
0.00000042443
0.00000040549
0.00000040698
0.00000040391
0.00000040611
0.00000040092
0.00000039788
0.00000041806
0.00000040827
0.00000039907
0.00000041244
0.00000040439
0.00000042327
0.00000041707
0.00000043951
0.00000043088
0.00000043319
0.00000044010
0.00000044371
0.00000042693
0.00000043836
0.00000042376
0.00000043657
0.00000041896
0.00000042925
0.00000041572
0.00000042442
0.00000043637
0.00000042051
0.00000043165
0.00000041058
0.00000042293
0.00000043495
0.00000041215
0.00000041745
0.00000042049
0.00000040172
0.00000040721
0.00000040553
0.00000040819
0.00000041413
0.00000042016
0.00000042414
0.00000042605
0.00000042628
0.00000042393
0.00000041724
0.00000040815
0.00000041954
0.00000041151
0.00000042932
0.00000041856
0.00000042608
0.00000041081
0.00000041719
0.00000038915
0.00000039237
0.00000039387
0.00000042829
0.00000043443
0.00000042189
0.00000043520
0.00000041921
0.00000043589
0.00000042352
0.00000044668
0.00000043798
0.00000044051
0.00000044366
0.00000044593
0.00000042817
0.00000044821
0.00000043811
0.00000043313
0.00000042827
0.00000042990
0.00000044032
0.00000044998
0.00000043611
0.00000043076
0.00000044923
0.00000045260
0.00000045393
0.00000042921
0.00000043994
0.00000042684
0.00000044432
0.00000044685
0.00000044886
0.00000043100
0.00000044340
0.00000043705
0.00000043791
0.00000044756
0.00000045658
0.00000044741
0.00000044212
0.00000043969
0.00000044576
0.00000045514
0.00000044393
0.00000043823
0.00000043470
0.00000043796
0.00000044310
0.00000045171
0.00000044070
0.00000043429
0.00000042710
0.00000042094
0.00000042188
0.00000042373
0.00000042246
0.00000042625
0.00000042634
0.00000042886
0.00000043174
0.00000043363
0.00000043650
0.00000041856
0.00000041673
0.00000041333
0.00000041185
0.00000040471
0.00000040196
0.00000041870
0.00000040793
0.00000040247
0.00000041975
0.00000041643
0.00000043499
0.00000043565
0.00000042997
0.00000042542
0.00000041993
0.00000042202
0.00000041958
0.00000042178
0.00000044345
0.00000043767
0.00000040414
0.00000042717
0.00000041868
0.00000040891
0.00000039882
0.00000041202
0.00000042041
0.00000040015
0.00000040333
0.00000040784
0.00000040356
0.00000040208
0.00000038857
0.00000040455
0.00000038834
0.00000038985
0.00000039613
0.00000040201
0.00000040174
0.00000040476
0.00000040583
0.00000042503
0.00000042055
0.00000041714
0.00000040964
0.00000042524
0.00000041595
0.00000040294
0.00000041271
0.00000040104
0.00000041649
0.00000043106
0.00000041664
0.00000043668
0.00000043210
0.00000042345
0.00000044672
0.00000044448
0.00000043969
0.00000044013
0.00000043389
0.00000042825
0.00000042606
0.00000041885
0.00000041620
0.00000040696
0.00000042768
0.00000041981
0.00000041053
0.00000040482
0.00000041985
0.00000041484
0.00000040553
0.00000042037
0.00000040981
0.00000041854
0.00000040453
0.00000041673
0.00000040602
0.00000041679
0.00000042819
0.00000042179
0.00000044045
0.00000043092
0.00000042952
0.00000042185
0.00000042475
0.00000042513
0.00000043192
0.00000043832
0.00000042086
0.00000043383
0.00000041319
0.00000041459
0.00000041821
0.00000041328
0.00000041196
0.00000040281
0.00000041896
0.00000041198
0.00000042194
0.00000040941
0.00000041935
0.00000039861
0.00000040717
0.00000040953
0.00000040626
0.00000040572
0.00000039927
0.00000041673
0.00000040736
0.00000042619
0.00000041055
0.00000039379
0.00000040369
0.00000041038
0.00000042288
0.00000042861
0.00000041115
0.00000042546
0.00000043564
0.00000042824
0.00000044519
0.00000043561
0.00000042910
0.00000042928
0.00000042664
0.00000043111
0.00000042979
0.00000042754
0.00000042319
0.00000042371
0.00000041723
0.00000040619
0.00000039163
0.00000040411
0.00000040987
0.00000041524
0.00000040102
0.00000041105
0.00000042338
0.00000043197
0.00000041875
0.00000042726
0.00000041458
0.00000042660
0.00000044651
0.00000043599
0.00000043118
0.00000042236
0.00000041691
0.00000041031
0.00000040670
0.00000043741
0.00000043695
0.00000044778
0.00000043127
0.00000045075
0.00000044274
0.00000044124
0.00000044930
0.00000042814
0.00000043637
0.00000041980
0.00000043768
0.00000042844
0.00000042485
0.00000045347
0.00000043029
0.00000043350
0.00000043180
0.00000040337
0.00000039892
0.00000041960
0.00000041195
0.00000039885
0.00000041235
0.00000039425
0.00000039735
0.00000039853
0.00000039595
0.00000038925
0.00000040517
0.00000038763
0.00000039681
0.00000039969
0.00000039987
0.00000039760
0.00000039611
0.00000041888
0.00000041384
0.00000041784
0.00000041981
0.00000042011
0.00000041830
0.00000041861
0.00000042129
0.00000041862
0.00000042601
0.00000042506
0.00000042144
0.00000042029
0.00000041504
0.00000040809
0.00000040039
0.00000042246
0.00000041158
0.00000040766
0.00000042742
0.00000042015
0.00000041218
0.00000040556
0.00000042429
0.00000040851
0.00000039776
0.00000040751
0.00000038925
0.00000040001
0.00000040323
0.00000040356
0.00000040075
0.00000039766
0.00000041506
0.00000040925
0.00000041996
0.00000040782
0.00000041191
0.00000041615
0.00000041465
0.00000041336
0.00000040044
0.00000039179
0.00000040299
0.00000041515
0.00000039293
0.00000039595
0.00000041853
0.00000041908
0.00000041241
0.00000040757
0.00000039907
0.00000040985
0.00000039806
0.00000040689
0.00000040893
0.00000041563
0.00000041597
0.00000042049
0.00000042284
0.00000041594
0.00000040956
0.00000039767
0.00000041428
0.00000043204
0.00000042213
0.00000040898
0.00000041571
0.00000039798
0.00000040436
0.00000041154
0.00000041358
0.00000042202
0.00000042798
0.00000040561
0.00000041319
0.00000041453
0.00000042410
0.00000043900
0.00000042378
0.00000044002
0.00000042782
0.00000040713
0.00000041605
0.00000042347
0.00000041855
0.00000041361
0.00000040101
0.00000039538
0.00000041026
0.00000040391
0.00000041774
0.00000041016
0.00000042428
0.00000041921
0.00000041389
0.00000043271
0.00000042907
0.00000042227
0.00000043832
0.00000042587
0.00000041820
0.00000040782
0.00000042987
0.00000041481
0.00000040266
0.00000041086
0.00000039690
0.00000040404
0.00000040936
0.00000041689
0.00000041800
0.00000041542
0.00000041451
0.00000040566
0.00000042147
0.00000040936
0.00000039534
0.00000040465
0.00000041082
0.00000041589
0.00000041862
0.00000042300
0.00000041495
0.00000041310
0.00000040814
0.00000040062
0.00000041692
0.00000040477
0.00000041867
0.00000040374
0.00000041073
0.00000041628
0.00000042383
0.00000040207
0.00000040242
0.00000042777
0.00000042326
0.00000041781
0.00000040935
0.00000040398
0.00000042004
0.00000041014
0.00000042637
0.00000041299
0.00000042896
0.00000042005
0.00000041351
0.00000042631
0.00000040833
0.00000041538
0.00000039946
0.00000040499
0.00000040941
0.00000041366
0.00000042041
0.00000042452
0.00000042882
0.00000040737
0.00000041699
0.00000041884
0.00000042185
0.00000040271
0.00000040560
0.00000041222
0.00000041290
0.00000041787
0.00000041824
0.00000042071
0.00000042278
0.00000041526
0.00000041513
0.00000040921
0.00000040731
0.00000040007
0.00000041811
0.00000041099
0.00000042595
0.00000041923
0.00000041254
0.00000043126
0.00000042424
0.00000041541
0.00000041463
0.00000043855
0.00000044186
0.00000044817
0.00000042576
0.00000043323
0.00000042035
0.00000043405
0.00000041452
0.00000042539
0.00000043315
0.00000042154
0.00000044104
0.00000042780
0.00000044487
0.00000043468
0.00000043200
0.00000042578
0.00000042627
0.00000042162
0.00000042002
0.00000041240
0.00000040583
0.00000042200
0.00000041759
0.00000040942
0.00000042610
0.00000041952
0.00000043298
0.00000041918
0.00000040841
0.00000041647
0.00000039576
0.00000040092
0.00000040799
0.00000040576
0.00000040709
0.00000040321
0.00000040530
0.00000042719
0.00000042209
0.00000041997
0.00000041099
0.00000040158
0.00000041536
0.00000040402
0.00000041293
0.00000039748
0.00000040567
0.00000042063
0.00000040256
0.00000041191
0.00000043363
0.00000042543
0.00000044648
0.00000045271
0.00000043206
0.00000044710
0.00000043577
0.00000043562
0.00000043397
0.00000044165
0.00000044870
0.00000043252
0.00000044833
0.00000044894
0.00000044769
0.00000045040
0.00000043587
0.00000044876
0.00000044024
0.00000043771
0.00000043982
0.00000044613
0.00000042508
0.00000043042
0.00000043899
0.00000042293
0.00000042905
0.00000043497
0.00000041254
0.00000041319
0.00000040186
0.00000039229
0.00000040380
0.00000041112
0.00000038648
0.00000038743
0.00000040786
0.00000040147
0.00000039430
0.00000041070
0.00000042050
0.00000039559
0.00000039498
0.00000038788
0.00000039824
0.00000040982
0.00000038877
0.00000038534
0.00000040943
0.00000040413
0.00000039668
0.00000042106
0.00000041558
0.00000041549
0.00000044269
0.00000041274
0.00000043952
0.00000044276
0.00000044325
0.00000042572
0.00000042856
0.00000043981
0.00000042327
0.00000042397
0.00000040583
0.00000040751
0.00000041022
0.00000041139
0.00000040937
0.00000040578
0.00000040127
0.00000041528
0.00000040458
0.00000041888
0.00000040979
0.00000043035
0.00000043346
0.00000043799
0.00000044255
0.00000042333
0.00000043314
0.00000044371
0.00000043803
0.00000042939
0.00000042368
0.00000044915
0.00000045705
0.00000043366
0.00000044025
0.00000042827
0.00000043780
0.00000042079
0.00000043724
0.00000042382
0.00000044140
0.00000043524
0.00000043374
0.00000042764
0.00000042067
0.00000041582
0.00000040976
0.00000041083
0.00000043492
0.00000044243
0.00000045147
0.00000044699
0.00000043933
0.00000044408
0.00000044785
0.00000043660
0.00000042266
0.00000042098
0.00000045151
0.00000045292
0.00000046342
0.00000047619
0.00000046762
0.00000042817
0.00000042264
0.00000041744
0.00000043605
0.00000043512
0.00000043286
0.00000043065
0.00000042720
0.00000042752
0.00000043266
0.00000043264
0.00000043773
0.00000044362
0.00000041902
0.00000042594
0.00000043223
0.00000040716
0.00000041352
0.00000041705
0.00000041292
0.00000041197
0.00000041361
0.00000041479
0.00000041385
0.00000041882
0.00000042325
0.00000042416
0.00000042540
0.00000042690
0.00000042717
0.00000042265
0.00000042111
0.00000041519
0.00000040472
0.00000041281
0.00000040452
0.00000041999
0.00000040837
0.00000041706
0.00000039976
0.00000040728
0.00000041176
0.00000040895
0.00000041019
0.00000040350
0.00000040269
0.00000040072
0.00000042010
0.00000041392
0.00000041467
0.00000040728
0.00000042565
0.00000042422
0.00000041562
0.00000040910
0.00000042814
0.00000041621
0.00000040403
0.00000042033
0.00000041664
0.00000043659
0.00000042968
0.00000042590
0.00000042650
0.00000041846
0.00000041107
0.00000043474
0.00000043864
0.00000043668
0.00000043685
0.00000041242
0.00000041327
0.00000041376
0.00000042388
0.00000043319
0.00000044311
0.00000042926
0.00000041477
0.00000042883
0.00000041360
0.00000042328
0.00000040559
0.00000041346
0.00000042275
0.00000039625
0.00000042259
0.00000042169
0.00000042285
0.00000042298
0.00000042329
0.00000041725
0.00000041517
0.00000041419
0.00000041168
0.00000041512
0.00000042038
0.00000042717
0.00000043487
0.00000041344
0.00000041800
0.00000042168
0.00000042599
0.00000042999
0.00000040451
0.00000040130
0.00000039463
0.00000041431
0.00000040783
0.00000040439
0.00000042940
0.00000042337
0.00000042239
0.00000042280
0.00000042526
0.00000042579
0.00000042662
0.00000042951
0.00000040072
0.00000042405
0.00000042203
0.00000041702
0.00000040735
0.00000040157
0.00000041927
0.00000041192
0.00000042701
0.00000041578
0.00000040731
0.00000041472
0.00000039392
0.00000040383
0.00000040251
0.00000039759
0.00000039627
0.00000041987
0.00000041678
0.00000035557
0.00000035668
0.00000035818
0.00000038390
0.00000040973
0.00000045555
0.00000039963
0.00000041459
0.00000040842
0.00000039949
0.00000042140
0.00000041888
0.00000041515
0.00000041438
0.00000041971
0.00000042246
0.00000042621
0.00000043463
0.00000044380
0.00000045642
0.00000047772
0.00000047562
0.00000045088
0.00000046086
0.00000044447
0.00000040838
0.00000043102
0.00000043384
0.00000041854
0.00000042962
0.00000044434
0.00000046205
0.00000045442
0.00000044943
0.00000044938
0.00000043036
0.00000043770
0.00000042144
0.00000043813
0.00000042914
0.00000042448
0.00000045159
0.00000045466
0.00000043451
0.00000044628
0.00000043381
0.00000045155
0.00000044652
0.00000044546
0.00000044798
0.00000045351
0.00000043558
0.00000044801
0.00000044046
0.00000043344
0.00000042601
0.00000041425
0.00000043678
0.00000043346
0.00000042945
0.00000042538
0.00000042240
0.00000039471
0.00000039358
0.00000039276
0.00000041770
0.00000039352
0.00000039270
0.00000039102
0.00000039162
0.00000041519
0.00000041641
0.00000041309
0.00000040794
0.00000039770
0.00000039251
0.00000040703
0.00000039266
0.00000037767
0.00000036853
0.00000040130
0.00000040504
0.00000041071
0.00000040788
0.00000040461
0.00000038909
0.00000040292
0.00000041413
0.00000039734
0.00000039518
0.00000039868
0.00000041985
0.00000041379
0.00000039800
0.00000041219
0.00000038539
0.00000038619
0.00000040505
0.00000039737
0.00000040546
0.00000041326
0.00000041222
0.00000038675
0.00000040325
0.00000040016
0.00000041549
0.00000040675
0.00000041635
0.00000040185
0.00000041168
0.00000042854
0.00000041765
0.00000043808
0.00000042769
0.00000042521
0.00000041973
0.00000042094
0.00000044815
0.00000044925
0.00000042525
0.00000043290
0.00000044176
0.00000043307
0.00000044912
0.00000044406
0.00000044453
0.00000044389
0.00000045365
0.00000043601
0.00000044779
0.00000043507
0.00000042684
0.00000042487
0.00000045407
0.00000043553
0.00000044364
0.00000043144
0.00000041534
0.00000042549
0.00000043791
0.00000042027
0.00000042833
0.00000041067
0.00000042465
0.00000041916
0.00000044133
0.00000043543
0.00000043216
0.00000043020
0.00000043096
0.00000043346
0.00000044452
0.00000042937
0.00000044287
0.00000042843
0.00000041645
0.00000043724
0.00000043648
0.00000044157
0.00000044814
0.00000043051
0.00000044722
0.00000043504
0.00000042804
0.00000044874
0.00000044508
0.00000044330
0.00000041852
0.00000042014
0.00000042577
0.00000042589
0.00000042695
0.00000043418
0.00000043711
0.00000040943
0.00000041878
0.00000042156
0.00000043107
0.00000044189
0.00000043278
0.00000044554
0.00000043615
0.00000042634
0.00000042013
0.00000043757
0.00000043353
0.00000042465
0.00000041555
0.00000040623
0.00000042237
0.00000041475
0.00000039789
0.00000040439
0.00000041315
0.00000041242
0.00000040694
0.00000040369
0.00000039358
0.00000041190
0.00000039799
0.00000040970
0.00000042095
0.00000040783
0.00000040947
0.00000041525
0.00000041307
0.00000041271
0.00000041226
0.00000040742
0.00000039592
0.00000040944
0.00000038879
0.00000040046
0.00000040379
0.00000039065
0.00000037993
0.00000038526
0.00000038801
0.00000039746
0.00000043137
0.00000040566
0.00000040893
0.00000040158
0.00000039530
0.00000041168
0.00000039371
0.00000040733
0.00000041606
0.00000040270
0.00000041675
0.00000042690
0.00000040749
0.00000040814
0.00000041501
0.00000042423
0.00000043510
0.00000041895
0.00000042882
0.00000043907
0.00000043109
0.00000044689
0.00000044342
0.00000044215
0.00000043429
0.00000042623
0.00000042383
0.00000041695
0.00000041823
0.00000044212
0.00000045004
0.00000045845
0.00000044580
0.00000043798
0.00000042472
0.00000041210
0.00000043371
0.00000043121
0.00000043504
0.00000043508
0.00000044498
0.00000042916
0.00000043644
0.00000042463
0.00000044048
0.00000043152
0.00000042339
0.00000042292
0.00000042149
0.00000043206
0.00000043941
0.00000045012
0.00000044573
0.00000043836
0.00000043956
0.00000045296
0.00000044236
0.00000046346
0.00000046227
0.00000043863
0.00000044569
0.00000043249
0.00000045084
0.00000044496
0.00000044085
0.00000043492
0.00000043762
0.00000043927
0.00000043990
0.00000040714
0.00000040793
0.00000040826
0.00000040879
0.00000040367
0.00000043045
0.00000043032
0.00000042353
0.00000042046
0.00000041720
0.00000041275
0.00000041004
0.00000040622
0.00000040244
0.00000042294
0.00000041650
0.00000040856
0.00000042388
0.00000041000
0.00000041702
0.00000038742
0.00000039254
0.00000039873
0.00000040824
0.00000041117
0.00000041599
0.00000042576
0.00000043728
0.00000042687
0.00000045040
0.00000044364
0.00000043975
0.00000043876
0.00000043938
0.00000044178
0.00000041986
0.00000042941
0.00000043911
0.00000042705
0.00000044129
0.00000043248
0.00000042373
0.00000044194
0.00000043482
0.00000042111
0.00000041213
0.00000040095
0.00000041155
0.00000039340
0.00000039777
0.00000039782
0.00000039198
0.00000040827
0.00000039573
0.00000040737
0.00000041065
0.00000041618
0.00000041877
0.00000042107
0.00000039453
0.00000038876
0.00000041061
0.00000040035
0.00000041566
0.00000040486
0.00000041966
0.00000040924
0.00000042354
0.00000041198
0.00000042883
0.00000042366
0.00000041577
0.00000044330
0.00000044029
0.00000043910
0.00000043235
0.00000042821
0.00000041583
0.00000040640
0.00000041780
0.00000040824
0.00000041691
0.00000042858
0.00000040396
0.00000040416
0.00000040675
0.00000039514
0.00000041180
0.00000038797
0.00000039074
0.00000038986
0.00000040841
0.00000040521
0.00000042071
0.00000041243
0.00000039425
0.00000040508
0.00000041549
0.00000042134
0.00000041772
0.00000041444
0.00000040000
0.00000038299
0.00000038856
0.00000038197
0.00000040069
0.00000038436
0.00000039299
0.00000039284
0.00000038747
0.00000040392
0.00000039294
0.00000040103
0.00000041220
0.00000041668
0.00000039116
0.00000039356
0.00000041314
0.00000040664
0.00000041381
0.00000039153
0.00000039107
0.00000038499
0.00000040067
0.00000038539
0.00000039562
0.00000039317
0.00000038321
0.00000039254
0.00000039325
0.00000039108
0.00000038414
0.00000040269
0.00000041578
0.00000039588
0.00000040128
0.00000040498
0.00000040125
0.00000039555
0.00000039060
0.00000040339
0.00000040929
0.00000039018
0.00000041509
0.00000040859
0.00000040272
0.00000041095
0.00000038648
0.00000039174
0.00000038868
0.00000041271
0.00000041484
0.00000040755
0.00000039719
0.00000041389
0.00000039799
0.00000040903
0.00000042369
0.00000040318
0.00000041006
0.00000040968
0.00000042076
0.00000042958
0.00000041688
0.00000043905
0.00000043907
0.00000044790
0.00000045838
0.00000045228
0.00000044836
0.00000045893
0.00000044377
0.00000046511
0.00000046756
0.00000045904
0.00000045080
0.00000045385
0.00000046575
0.00000045868
0.00000046565
0.00000045005
0.00000046886
0.00000046943
0.00000045064
0.00000045815
0.00000044869
0.00000044441
0.00000044376
0.00000044691
0.00000045412
0.00000043183
0.00000044385
0.00000043250
0.00000042303
0.00000044191
0.00000043562
0.00000042319
0.00000041821
0.00000043794
0.00000042736
0.00000041888
0.00000040881
0.00000042849
0.00000042824
0.00000043073
0.00000043392
0.00000043938
0.00000042094
0.00000043159
0.00000044854
0.00000044655
0.00000044933
0.00000045646
0.00000044438
0.00000043853
0.00000046404
0.00000046756
0.00000044844
0.00000043023
0.00000044900
0.00000044582
0.00000044279
0.00000043798
0.00000043950
0.00000044188
0.00000044365
0.00000041396
0.00000041390
0.00000041200
0.00000041245
0.00000040967
0.00000040568
0.00000040759
0.00000040816
0.00000041430
0.00000041520
0.00000041352
0.00000041322
0.00000041545
0.00000041731
0.00000042485
0.00000043053
0.00000043869
0.00000045109
0.00000044035
0.00000042798
0.00000041774
0.00000042758
0.00000040850
0.00000041544
0.00000042444
0.00000040322
0.00000041254
0.00000041685
0.00000041595
0.00000041888
0.00000041369
0.00000041190
0.00000040521
0.00000039589
0.00000041471
0.00000040157
0.00000041745
0.00000042662
0.00000040606
0.00000041497
0.00000041549
0.00000041416
0.00000041454
0.00000041163
0.00000040540
0.00000040272
0.00000041706
0.00000040776
0.00000042000
0.00000040005
0.00000040010
0.00000040430
0.00000040044
0.00000039925
0.00000041424
0.00000040241
0.00000040982
0.00000039179
0.00000039454
0.00000039036
0.00000040652
0.00000039976
0.00000041146
0.00000040158
0.00000040984
0.00000039930
0.00000041077
0.00000042519
0.00000043540
0.00000042103
0.00000043368
0.00000042246
0.00000044019
0.00000042957
0.00000041984
0.00000043128
0.00000042155
0.00000040982
0.00000042225
0.00000040449
0.00000040760
0.00000040614
0.00000040037
0.00000039770
0.00000041944
0.00000041312
0.00000040466
0.00000042094
0.00000041044
0.00000039210
0.00000040396
0.00000041428
0.00000042410
0.00000039959
0.00000039927
0.00000039523
0.00000042787
0.00000043847
0.00000042572
0.00000043507
0.00000041864
0.00000042843
0.00000041411
0.00000042640
0.00000043809
0.00000042427
0.00000043696
0.00000042446
0.00000043398
0.00000042243
0.00000043523
0.00000042184
0.00000043845
0.00000042481
0.00000043638
0.00000042371
0.00000043263
0.00000041463
0.00000042435
0.00000040737
0.00000042004
0.00000040047
0.00000040980
0.00000042520
0.00000044136
0.00000043541
0.00000043752
0.00000044487
0.00000045003
0.00000043573
0.00000042543
0.00000043899
0.00000043330
0.00000042531
0.00000042116
0.00000044149
0.00000044150
0.00000044862
0.00000042338
0.00000043320
0.00000040787
0.00000041668
0.00000041947
0.00000041582
0.00000041992
0.00000041575
0.00000041584
0.00000040653
0.00000040286
0.00000042037
0.00000042161
0.00000042140
0.00000042688
0.00000043173
0.00000042689
0.00000042436
0.00000042231
0.00000041779
0.00000040515
0.00000039259
0.00000040238
0.00000040817
0.00000040840
0.00000041139
0.00000040969
0.00000040667
0.00000040277
0.00000039737
0.00000041499
0.00000040203
0.00000041984
0.00000041431
0.00000043798
0.00000043750
0.00000043487
0.00000043546
0.00000041021
0.00000041183
0.00000041163
0.00000040792
0.00000040766
0.00000042945
0.00000042331
0.00000041323
0.00000040824
0.00000042556
0.00000041527
0.00000042548
0.00000041203
0.00000042740
0.00000041640
0.00000042549
0.00000041197
0.00000041911
0.00000042681
0.00000043137
0.00000041905
0.00000043231
0.00000041956
0.00000042616
0.00000041098
0.00000042425
0.00000041378
0.00000042928
0.00000043712
0.00000042529
0.00000043327
0.00000041978
0.00000042868
0.00000040452
0.00000041027
0.00000041042
0.00000041559
0.00000041952
0.00000041808
0.00000042032
0.00000041985
0.00000042469
0.00000042991
0.00000043129
0.00000043731
0.00000041968
0.00000042287
0.00000042701
0.00000040903
0.00000041365
0.00000041962
0.00000043122
0.00000042065
0.00000043130
0.00000041870
0.00000043334
0.00000042922
0.00000041979
0.00000043857
0.00000043503
0.00000042876
0.00000042512
0.00000042841
0.00000042924
0.00000042899
0.00000043069
0.00000042780
0.00000042703
0.00000042230
0.00000041628
0.00000041703
0.00000040794
0.00000039817
0.00000041038
0.00000039948
0.00000040771
0.00000041408
0.00000042133
0.00000042656
0.00000041570
0.00000042901
0.00000041798
0.00000043593
0.00000043612
0.00000043350
0.00000043321
0.00000044236
0.00000044977
0.00000044292
0.00000043283
0.00000042562
0.00000043082
0.00000043264
0.00000043808
0.00000044185
0.00000042454
0.00000044274
0.00000043338
0.00000045463
0.00000045775
0.00000043392
0.00000044601
0.00000042728
0.00000044069
0.00000042259
0.00000043826
0.00000042350
0.00000044126
0.00000042165
0.00000040479
0.00000040804
0.00000041197
0.00000041080
0.00000041191
0.00000040695
0.00000040266
0.00000042205
0.00000040936
0.00000039823
0.00000041074
0.00000041783
0.00000040533
0.00000041613
0.00000042792
0.00000040873
0.00000042121
0.00000042815
0.00000043684
0.00000040983
0.00000041486
0.00000041712
0.00000042536
0.00000040800
0.00000041038
0.00000041708
0.00000041713
0.00000041964
0.00000043246
0.00000042067
0.00000042900
0.00000041498
0.00000043306
0.00000042206
0.00000044176
0.00000042934
0.00000042334
0.00000041486
0.00000044120
0.00000043779
0.00000043647
0.00000040568
0.00000040393
0.00000042233
0.00000041923
0.00000041182
0.00000040732
0.00000042860
0.00000041985
0.00000041724
0.00000043559
0.00000043128
0.00000042111
0.00000041198
0.00000039345
0.00000040125
0.00000040815
0.00000040638
0.00000040940
0.00000040886
0.00000039613
0.00000041128
0.00000039677
0.00000041082
0.00000041766
0.00000039748
0.00000040453
0.00000040453
0.00000040593
0.00000040448
0.00000039570
0.00000041334
0.00000040549
0.00000041568
0.00000040039
0.00000040091
0.00000040655
0.00000040219
0.00000039796
0.00000038380
0.00000039809
0.00000040175
0.00000040845
0.00000040589
0.00000040645
0.00000040042
0.00000039742
0.00000041665
0.00000041522
0.00000043150
0.00000042877
0.00000041906
0.00000041711
0.00000044044
0.00000044206
0.00000044628
0.00000042678
0.00000044033
0.00000042958
0.00000042949
0.00000042782
0.00000043149
0.00000043576
0.00000044280
0.00000043018
0.00000042891
0.00000045113
0.00000045046
0.00000045728
0.00000044177
0.00000042793
0.00000044619
0.00000043643
0.00000042639
0.00000041827
0.00000044406
0.00000043923
0.00000043769
0.00000043741
0.00000043128
0.00000042588
0.00000042547
0.00000042020
0.00000041772
0.00000041339
0.00000041399
0.00000044410
0.00000044485
0.00000042398
0.00000042474
0.00000043417
0.00000041487
0.00000042893
0.00000044772
0.00000044378
0.00000043978
0.00000044031
0.00000044018
0.00000042055
0.00000042104
0.00000042289
0.00000042690
0.00000042490
0.00000042708
0.00000042400
0.00000042122
0.00000041032
0.00000040067
0.00000041115
0.00000041270
0.00000040805
0.00000040646
0.00000040083
0.00000038820
0.00000038926
0.00000039170
0.00000038799
0.00000040867
0.00000041130
0.00000041658
0.00000041802
0.00000042780
0.00000043100
0.00000041361
0.00000042134
0.00000043460
0.00000044196
0.00000042224
0.00000040965
0.00000042469
0.00000040636
0.00000041265
0.00000042251
0.00000042545
0.00000040003
0.00000040199
0.00000043519
0.00000040703
0.00000040152
0.00000040316
0.00000039523
0.00000041287
0.00000040488
0.00000042970
0.00000043211
0.00000043445
0.00000043940
0.00000042309
0.00000043719
0.00000042712
0.00000044889
0.00000044689
0.00000044881
0.00000042924
0.00000043726
0.00000042419
0.00000044757
0.00000044369
0.00000044239
0.00000044228
0.00000044461
0.00000042494
0.00000042908
0.00000043651
0.00000041732
0.00000042407
0.00000043682
0.00000042994
0.00000044217
0.00000043559
0.00000042678
0.00000041327
0.00000042742
0.00000041028
0.00000042698
0.00000041338
0.00000043211
0.00000042162
0.00000040745
0.00000042151
0.00000040241
0.00000041423
0.00000042382
0.00000040216
0.00000040941
0.00000040556
0.00000040919
0.00000040788
0.00000041312
0.00000041665
0.00000041409
0.00000041679
0.00000041742
0.00000040998
0.00000040740
0.00000040459
0.00000042031
0.00000041573
0.00000040981
0.00000042223
0.00000041288
0.00000042490
0.00000040112
0.00000040790
0.00000040715
0.00000040952
0.00000041263
0.00000040919
0.00000041301
0.00000041169
0.00000041070
0.00000041073
0.00000040567
0.00000040642
0.00000040941
0.00000040684
0.00000040788
0.00000042370
0.00000041481
0.00000040251
0.00000041398
0.00000042213
0.00000040704
0.00000040930
0.00000041206
0.00000040925
0.00000040957
0.00000040738
0.00000040126
0.00000041444
0.00000040777
0.00000042667
0.00000040788
0.00000042065
0.00000040846
0.00000041583
0.00000042541
0.00000040265
0.00000039601
0.00000039294
0.00000037990
0.00000038427
0.00000037534
0.00000039052
0.00000037729
0.00000040948
0.00000042208
0.00000040014
0.00000040809
0.00000041088
0.00000041835
0.00000041788
0.00000042335
0.00000039732
0.00000042741
0.00000042378
0.00000042543
0.00000042478
0.00000042771
0.00000043612
0.00000044115
0.00000042171
0.00000043030
0.00000041350
0.00000042894
0.00000041618
0.00000043337
0.00000043028
0.00000043230
0.00000043317
0.00000043675
0.00000044586
0.00000042413
0.00000042838
0.00000041035
0.00000041088
0.00000041114
0.00000040743
0.00000040696
0.00000042634
0.00000042053
0.00000041922
0.00000041333
0.00000040838
0.00000043430
0.00000043120
0.00000043528
0.00000044183
0.00000042077
0.00000042043
0.00000042415
0.00000042441
0.00000042990
0.00000043882
0.00000042257
0.00000043409
0.00000042805
0.00000042468
0.00000045144
0.00000042828
0.00000042903
0.00000043644
0.00000041743
0.00000042066
0.00000043087
0.00000041861
0.00000042414
0.00000040442
0.00000040448
0.00000040947
0.00000041464
0.00000041081
0.00000040617
0.00000040644
0.00000040300
0.00000041645
0.00000040436
0.00000042582
0.00000041428
0.00000043232
0.00000041570
0.00000040192
0.00000040695
0.00000041687
0.00000042645
0.00000043412
0.00000042135
0.00000043214
0.00000041225
0.00000042382
0.00000043144
0.00000041481
0.00000043175
0.00000042249
0.00000043383
0.00000042656
0.00000041269
0.00000042894
0.00000041423
0.00000040627
0.00000041964
0.00000041336
0.00000043775
0.00000044479
0.00000045092
0.00000043509
0.00000045311
0.00000044601
0.00000044076
0.00000044674
0.00000045525
0.00000044234
0.00000046306
0.00000044182
0.00000044967
0.00000043549
0.00000045489
0.00000045264
0.00000045295
0.00000043473
0.00000044695
0.00000046563
0.00000046414
0.00000044328
0.00000045380
0.00000044455
0.00000043785
0.00000043397
0.00000043561
0.00000044114
0.00000044649
0.00000042631
0.00000043037
0.00000041034
0.00000041593
0.00000042077
0.00000042423
0.00000042504
0.00000040265
0.00000039834
0.00000039288
0.00000041055
0.00000040623
0.00000042059
0.00000040856
0.00000042224
0.00000040949
0.00000041531
0.00000039721
0.00000039664
0.00000041916
0.00000041135
0.00000040464
0.00000038859
0.00000039242
0.00000039121
0.00000039312
0.00000041529
0.00000040068
0.00000040872
0.00000038624
0.00000039294
0.00000041648
0.00000041857
0.00000041122
0.00000040001
0.00000040816
0.00000039266
0.00000039675
0.00000040338
0.00000040068
0.00000039334
0.00000040903
0.00000040038
0.00000041164
0.00000040294
0.00000041542
0.00000042726
0.00000042042
0.00000043178
0.00000042446
0.00000041591
0.00000042998
0.00000041905
0.00000044112
0.00000043412
0.00000042427
0.00000044422
0.00000044165
0.00000043308
0.00000042990
0.00000042267
0.00000041696
0.00000040191
0.00000041515
0.00000039623
0.00000040681
0.00000041129
0.00000041286
0.00000041106
0.00000040582
0.00000040265
0.00000042053
0.00000041262
0.00000040056
0.00000041994
0.00000040561
0.00000041490
0.00000039841
0.00000040463
0.00000040706
0.00000041515
0.00000041645
0.00000042464
0.00000042979
0.00000043736
0.00000041737
0.00000042037
0.00000042821
0.00000040520
0.00000040992
0.00000042116
0.00000042420
0.00000042924
0.00000041194
0.00000041613
0.00000042065
0.00000043196
0.00000043487
0.00000041548
0.00000041976
0.00000042406
0.00000043887
0.00000042041
0.00000042679
0.00000043298
0.00000044442
0.00000042299
0.00000040105
0.00000041322
0.00000042145
0.00000043595
0.00000044914
0.00000043825
0.00000043440
0.00000042529
0.00000042327
0.00000041567
0.00000041105
0.00000040334
0.00000042208
0.00000041619
0.00000040674
0.00000042951
0.00000042288
0.00000041922
0.00000041323
0.00000040854
0.00000040078
0.00000040076
0.00000042660
0.00000042735
0.00000042192
0.00000044714
0.00000042002
0.00000041045
0.00000040174
0.00000041632
0.00000040419
0.00000038750
0.00000039419
0.00000040104
0.00000040906
0.00000041701
0.00000042677
0.00000043866
0.00000041962
0.00000043144
0.00000041725
0.00000043140
0.00000041962
0.00000043347
0.00000043126
0.00000043353
0.00000043689
0.00000044797
0.00000043951
0.00000045954
0.00000042875
0.00000043132
0.00000043690
0.00000045217
0.00000044267
0.00000044052
0.00000045152
0.00000046121
0.00000044765
0.00000044549
0.00000044440
0.00000044698
0.00000046073
0.00000044745
0.00000044020
0.00000043582
0.00000043392
0.00000043837
0.00000043933
0.00000041586
0.00000042650
0.00000043544
0.00000042054
0.00000043166
0.00000042208
0.00000043637
0.00000042268
0.00000042099
0.00000044335
0.00000045138
0.00000045876
0.00000044941
0.00000044128
0.00000044637
0.00000044914
0.00000043248
0.00000044021
0.00000042127
0.00000043533
0.00000041963
0.00000043759
0.00000042753
0.00000044819
0.00000043872
0.00000043030
0.00000041769
0.00000041088
0.00000042359
0.00000041880
0.00000040786
0.00000042220
0.00000040820
0.00000040987
0.00000038987
0.00000042251
0.00000042553
0.00000042151
0.00000039375
0.00000041855
0.00000041781
0.00000041707
0.00000040696
0.00000042406
0.00000041696
0.00000040805
0.00000042569
0.00000041255
0.00000040007
0.00000041405
0.00000039919
0.00000040319
0.00000041134
0.00000042188
0.00000043867
0.00000042762
0.00000045473
0.00000045449
0.00000043763
0.00000045256
0.00000044834
0.00000044466
0.00000044950
0.00000042940
0.00000044386
0.00000043657
0.00000045496
0.00000043032
0.00000043310
0.00000044427
0.00000042916
0.00000045086
0.00000045177
0.00000045046
0.00000042194
0.00000042315
0.00000041781
0.00000041744
0.00000041583
0.00000040563
0.00000043018
0.00000042779
0.00000043540
0.00000043836
0.00000042747
0.00000043757
0.00000042736
0.00000040833
0.00000042283
0.00000042604
0.00000040344
0.00000041280
0.00000042571
0.00000043538
0.00000041867
0.00000043693
0.00000042831
0.00000044762
0.00000045094
0.00000044974
0.00000042834
0.00000042906
0.00000043314
0.00000041275
0.00000042179
0.00000043270
0.00000045103
0.00000043696
0.00000042425
0.00000043966
0.00000042685
0.00000041861
0.00000043038
0.00000041622
0.00000039929
0.00000041200
0.00000042116
0.00000042873
0.00000043939
0.00000039099
0.00000036467
0.00000036076
0.00000038297
0.00000040021
0.00000044148
0.00000040595
0.00000041333
0.00000038903
0.00000038896
0.00000035453
0.00000034472
0.00000037707
0.00000035202
0.00000037438
0.00000042252
0.00000040725
0.00000039270
0.00000037164
0.00000035183
0.00000034726
0.00000036302
0.00000037897
0.00000038403
0.00000038923
0.00000038636
0.00000040537
0.00000039029
0.00000040202
0.00000040521
0.00000041192
0.00000040853
0.00000041046
0.00000040491
0.00000042607
0.00000041168
0.00000039746
0.00000039823
0.00000039990
0.00000039380
0.00000041202
0.00000039533
0.00000040481
0.00000040574
0.00000040772
0.00000040404
0.00000042249
0.00000041951
0.00000040860
0.00000039874
0.00000037967
0.00000038295
0.00000038900
0.00000041576
0.00000042070
0.00000039307
0.00000039550
0.00000039686
0.00000040706
0.00000041592
0.00000045482
0.00000044990
0.00000044834
0.00000044871
0.00000046018
0.00000045017
0.00000044337
0.00000044293
0.00000044121
0.00000044868
0.00000042896
0.00000044036
0.00000042150
0.00000043813
0.00000042635
0.00000044599
0.00000043387
0.00000042336
0.00000041382
0.00000041167
0.00000043294
0.00000043445
0.00000043538
0.00000044390
0.00000045256
0.00000043242
0.00000044196
0.00000041594
0.00000041780
0.00000042503
0.00000043053
0.00000040153
0.00000039941
0.00000040076
0.00000039743
0.00000042327
0.00000041537
0.00000040916
0.00000039460
0.00000041060
0.00000039042
0.00000040214
0.00000040894
0.00000041420
0.00000042219
0.00000042528
0.00000040470
0.00000040047
0.00000040175
0.00000039662
0.00000041601
0.00000041077
0.00000040993
0.00000042521
0.00000041913
0.00000040867
0.00000042508
0.00000041917
0.00000040782
0.00000042004
0.00000040805
0.00000041409
0.00000039870
0.00000040117
0.00000040419
0.00000041208
0.00000041215
0.00000041273
0.00000041567
0.00000041234
0.00000041470
0.00000041001
0.00000040912
0.00000039798
0.00000041452
0.00000042223
0.00000040011
0.00000040890
0.00000041607
0.00000041716
0.00000041641
0.00000041830
0.00000041496
0.00000041493
0.00000040737
0.00000043109
0.00000042146
0.00000041818
0.00000041124
0.00000042935
0.00000042357
0.00000041271
0.00000040298
0.00000041123
0.00000042149
0.00000040013
0.00000040322
0.00000040994
0.00000040981
0.00000040929
0.00000040856
0.00000040196
0.00000039914
0.00000041764
0.00000041631
0.00000040835
0.00000042593
0.00000041673
0.00000041179
0.00000042710
0.00000041929
0.00000040720
0.00000042257
0.00000041740
0.00000040826
0.00000042880
0.00000042003
0.00000041550
0.00000042824
0.00000041595
0.00000040781
0.00000042580
0.00000042344
0.00000041554
0.00000043648
0.00000042831
0.00000042991
0.00000042815
0.00000042699
0.00000043764
0.00000044578
0.00000043266
0.00000042940
0.00000045490
0.00000045938
0.00000043623
0.00000041538
0.00000042110
0.00000042351
0.00000042174
0.00000041713
0.00000041123
0.00000040640
0.00000042485
0.00000041424
0.00000040296
0.00000041714
0.00000040707
0.00000042060
0.00000040697
0.00000042192
0.00000041749
0.00000044252
0.00000044351
0.00000044859
0.00000042994
0.00000043771
0.00000041838
0.00000042601
0.00000044156
0.00000042295
0.00000042566
0.00000040060
0.00000040886
0.00000041087
0.00000041575
0.00000041401
0.00000041058
0.00000040285
0.00000039333
0.00000041400
0.00000040038
0.00000041439
0.00000040158
0.00000042068
0.00000041123
0.00000043104
0.00000043742
0.00000044644
0.00000045942
0.00000045919
0.00000045953
0.00000044060
0.00000044774
0.00000043591
0.00000043390
0.00000043170
0.00000043354
0.00000043614
0.00000044126
0.00000042730
0.00000043918
0.00000042637
0.00000044343
0.00000044201
0.00000043741
0.00000043878
0.00000043752
0.00000043654
0.00000043614
0.00000040980
0.00000041617
0.00000041566
0.00000041568
0.00000041353
0.00000040605
0.00000040427
0.00000039567
0.00000041371
0.00000040686
0.00000040059
0.00000042228
0.00000042236
0.00000042110
0.00000042045
0.00000041711
0.00000041204
0.00000040794
0.00000040287
0.00000042946
0.00000042914
0.00000042622
0.00000042099
0.00000041834
0.00000042044
0.00000041654
0.00000041717
0.00000041207
0.00000040826
0.00000043117
0.00000042314
0.00000042084
0.00000040993
0.00000043073
0.00000041793
0.00000041007
0.00000042889
0.00000042047
0.00000040725
0.00000042342
0.00000041385
0.00000043091
0.00000041992
0.00000043509
0.00000041865
0.00000041009
0.00000042858
0.00000042242
0.00000041399
0.00000043227
0.00000042491
0.00000041009
0.00000042456
0.00000041628
0.00000042986
0.00000042290
0.00000042094
0.00000044017
0.00000043910
0.00000043490
0.00000043516
0.00000043712
0.00000043869
0.00000041589
0.00000042990
0.00000044211
0.00000043809
0.00000043499
0.00000043795
0.00000044630
0.00000044183
0.00000046425
0.00000046630
0.00000044178
0.00000044620
0.00000043457
0.00000045721
0.00000045553
0.00000045545
0.00000043913
0.00000045466
0.00000044734
0.00000045211
0.00000045871
0.00000044393
0.00000045148
0.00000043581
0.00000042845
0.00000044415
0.00000043795
0.00000043308
0.00000043306
0.00000043187
0.00000043201
0.00000043261
0.00000041310
0.00000041864
0.00000043597
0.00000044910
0.00000043957
0.00000044092
0.00000044186
0.00000045644
0.00000044199
0.00000043101
0.00000045958
0.00000044026
0.00000045922
0.00000045103
0.00000045411
0.00000043170
0.00000044884
0.00000043968
0.00000044237
0.00000044248
0.00000045706
0.00000044854
0.00000045033
0.00000045154
0.00000043939
0.00000045238
0.00000045009
0.00000044902
0.00000045979
0.00000044829
0.00000044135
0.00000043955
0.00000043221
0.00000043058
0.00000043105
0.00000044412
0.00000043301
0.00000044421
0.00000043450
0.00000042443
0.00000043980
0.00000043684
0.00000042950
0.00000042874
0.00000042723
0.00000043399
0.00000044407
0.00000042611
0.00000044286
0.00000043031
0.00000042677
0.00000044506
0.00000044243
0.00000044175
0.00000044882
0.00000042572
0.00000043369
0.00000041747
0.00000042715
0.00000043280
0.00000041261
0.00000041826
0.00000041797
0.00000042191
0.00000042456
0.00000042556
0.00000041944
0.00000041864
0.00000041491
0.00000040372
0.00000039822
0.00000041724
0.00000040499
0.00000040929
0.00000041782
0.00000039649
0.00000039873
0.00000039987
0.00000040716
0.00000041646
0.00000042687
0.00000043624
0.00000042019
0.00000042762
0.00000044290
0.00000043618
0.00000042742
0.00000041731
0.00000044050
0.00000043641
0.00000044060
0.00000044159
0.00000044280
0.00000042593
0.00000043351
0.00000042242
0.00000043330
0.00000041816
0.00000043178
0.00000041186
0.00000042106
0.00000043478
0.00000041759
0.00000042565
0.00000041370
0.00000043309
0.00000042109
0.00000040618
0.00000042236
0.00000041100
0.00000042605
0.00000041389
0.00000042946
0.00000042105
0.00000042006
0.00000043695
0.00000042809
0.00000042882
0.00000042579
0.00000042741
0.00000043052
0.00000044093
0.00000042049
0.00000042564
0.00000040988
0.00000041934
0.00000043341
0.00000041787
0.00000043425
0.00000042832
0.00000043165
0.00000043151
0.00000043258
0.00000044257
0.00000042674
0.00000044024
0.00000043296
0.00000043258
0.00000042938
0.00000043110
0.00000043382
0.00000044405
0.00000042655
0.00000043311
0.00000041821
0.00000042467
0.00000042844
0.00000040399
0.00000041077
0.00000041264
0.00000041371
0.00000041531
0.00000040972
0.00000040124
0.00000039359
0.00000040322
0.00000041248
0.00000039603
0.00000039766
0.00000040165
0.00000039175
0.00000040792
0.00000038852
0.00000039622
0.00000039281
0.00000039017
0.00000040741
0.00000040295
0.00000042151
0.00000040762
0.00000042491
0.00000041598
0.00000043055
0.00000042322
0.00000041141
0.00000043024
0.00000042233
0.00000041951
0.00000041316
0.00000044016
0.00000043757
0.00000044333
0.00000042718
0.00000043419
0.00000042366
0.00000044011
0.00000043605
0.00000043331
0.00000043603
0.00000043717
0.00000042076
0.00000044382
0.00000043706
0.00000043881
0.00000043655
0.00000043947
0.00000045161
0.00000043552
0.00000044782
0.00000043752
0.00000042997
0.00000042729
0.00000043373
0.00000043621
0.00000044126
0.00000042439
0.00000043604
0.00000042496
0.00000044189
0.00000042473
0.00000040152
0.00000040534
0.00000040797
0.00000041093
0.00000040446
0.00000039250
0.00000040548
0.00000038460
0.00000038873
0.00000039002
0.00000041684
0.00000041103
0.00000040145
0.00000042003
0.00000041082
0.00000041895
0.00000042544
0.00000039709
0.00000039225
0.00000040379
0.00000038619
0.00000038362
0.00000037805
0.00000039232
0.00000040016
0.00000040099
0.00000038875
0.00000039779
0.00000037472
0.00000039930
0.00000038519
0.00000039806
0.00000039983
0.00000038794
0.00000037313
0.00000037601
0.00000039496
0.00000037568
0.00000038050
0.00000037209
0.00000039089
0.00000040064
0.00000040835
0.00000040402
0.00000039027
0.00000037511
0.00000038047
0.00000037851
0.00000040401
0.00000039063
0.00000040417
0.00000038250
0.00000038924
0.00000041910
0.00000041787
0.00000041905
0.00000041669
0.00000040724
0.00000039370
0.00000040492
0.00000040566
0.00000040016
0.00000038732
0.00000039268
0.00000039101
0.00000038030
0.00000038852
0.00000039014
0.00000038576
0.00000037829
0.00000038751
0.00000039101
0.00000038946
0.00000038845
0.00000040924
0.00000039877
0.00000041039
0.00000042065
0.00000040742
0.00000041861
0.00000039968
0.00000040572
0.00000040967
0.00000041226
0.00000041224
0.00000041076
0.00000041176
0.00000040872
0.00000040440
0.00000039510
0.00000041534
0.00000040396
0.00000042204
0.00000040537
0.00000040996
0.00000041963
0.00000039840
0.00000040922
0.00000041458
0.00000042338
0.00000042607
0.00000040355
0.00000041188
0.00000041885
0.00000041789
0.00000042136
0.00000041825
0.00000041914
0.00000041429
0.00000041348
0.00000040499
0.00000040137
0.00000041670
0.00000040979
0.00000042724
0.00000041740
0.00000042680
0.00000041560
0.00000039869
0.00000041197
0.00000042206
0.00000041535
0.00000043497
0.00000043452
0.00000044362
0.00000045469
0.00000045168
0.00000044471
0.00000044266
0.00000044971
0.00000045715
0.00000044066
0.00000042685
0.00000042360
0.00000044581
0.00000044715
0.00000045079
0.00000043763
0.00000045234
0.00000044597
0.00000044099
0.00000043711
0.00000043319
0.00000043684
0.00000045062
0.00000043792
0.00000045392
0.00000044296
0.00000043947
0.00000043161
0.00000042776
0.00000043365
0.00000043828
0.00000044747
0.00000043188
0.00000044804
0.00000044648
0.00000044492
0.00000044635
0.00000042896
0.00000043528
0.00000044529
0.00000043902
0.00000042781
0.00000042454
0.00000041946
0.00000044278
0.00000041365
0.00000041384
0.00000041619
0.00000041662
0.00000041547
0.00000042020
0.00000041990
0.00000042208
0.00000042849
0.00000043323
0.00000044426
0.00000042287
0.00000043401
0.00000041275
0.00000042260
0.00000042383
0.00000040155
0.00000040090
0.00000040297
0.00000040296
0.00000040923
0.00000041314
0.00000042497
0.00000043375
0.00000045250
0.00000044210
0.00000044132
0.00000044359
0.00000044595
0.00000043257
0.00000044345
0.00000043723
0.00000043313
0.00000043729
0.00000044047
0.00000044851
0.00000043953
0.00000043000
0.00000043182
0.00000043176
0.00000044008
0.00000044462
0.00000042892
0.00000043331
0.00000040672
0.00000040357
0.00000040485
0.00000039892
0.00000039521
0.00000041786
0.00000041726
0.00000040991
0.00000040652
0.00000042571
0.00000042189
0.00000041168
0.00000040779
0.00000043026
0.00000041956
0.00000041016
0.00000041991
0.00000040431
0.00000040823
0.00000041139
0.00000040720
0.00000040654
0.00000040573
0.00000042496
0.00000042004
0.00000041628
0.00000041405
0.00000040532
0.00000039954
0.00000041352
0.00000040588
0.00000042277
0.00000040873
0.00000042603
0.00000042021
0.00000043984
0.00000042927
0.00000042434
0.00000042413
0.00000042662
0.00000042536
0.00000042961
0.00000043654
0.00000044603
0.00000042093
0.00000042960
0.00000041128
0.00000042716
0.00000044711
0.00000045028
0.00000045173
0.00000043473
0.00000043951
0.00000041861
0.00000043166
0.00000044837
0.00000044778
0.00000044867
0.00000045329
0.00000044257
0.00000043441
0.00000045920
0.00000045871
0.00000043490
0.00000044214
0.00000042604
0.00000043975
0.00000043670
0.00000043109
0.00000042820
0.00000042849
0.00000043589
0.00000044773
0.00000044263
0.00000043497
0.00000045479
0.00000044814
0.00000044483
0.00000044626
0.00000042668
0.00000043592
0.00000042533
0.00000044518
0.00000043593
0.00000042992
0.00000042530
0.00000042714
0.00000043814
0.00000044294
0.00000042870
0.00000044927
0.00000043316
0.00000042962
0.00000044731
0.00000043776
0.00000042438
0.00000041165
0.00000042854
0.00000041346
0.00000041962
0.00000039661
0.00000039937
0.00000039673
0.00000039674
0.00000041299
0.00000040586
0.00000041646
0.00000039428
0.00000039588
0.00000039145
0.00000041188
0.00000041117
0.00000040418
0.00000042486
0.00000041315
0.00000040714
0.00000041901
0.00000040967
0.00000041804
0.00000039768
0.00000039488
0.00000039458
0.00000041173
0.00000039850
0.00000041277
0.00000039375
0.00000040273
0.00000040174
0.00000040445
0.00000040196
0.00000041719
0.00000040645
0.00000038500
0.00000038879
0.00000038040
0.00000039033
0.00000039981
0.00000040260
0.00000040338
0.00000040948
0.00000040614
0.00000040482
0.00000041992
0.00000041112
0.00000039073
0.00000039658
0.00000039146
0.00000038352
0.00000039682
0.00000041208
0.00000039166
0.00000039658
0.00000040048
0.00000039574
0.00000039657
0.00000041194
0.00000039556
0.00000040360
0.00000040258
0.00000040106
0.00000040287
0.00000042520
0.00000041712
0.00000041304
0.00000040501
0.00000042911
0.00000042740
0.00000042121
0.00000041850
0.00000041205
0.00000040755
0.00000042131
0.00000041096
0.00000043020
0.00000041792
0.00000040464
0.00000040991
0.00000041731
0.00000039011
0.00000041617
0.00000040515
0.00000039892
0.00000041344
0.00000042389
0.00000041148
0.00000042160
0.00000040912
0.00000041623
0.00000043038
0.00000041690
0.00000042835
0.00000041925
0.00000043366
0.00000041503
0.00000042985
0.00000041701
0.00000042830
0.00000041765
0.00000043037
0.00000042155
0.00000043342
0.00000042560
0.00000044569
0.00000043462
0.00000041581
0.00000042499
0.00000040805
0.00000041578
0.00000042678
0.00000041211
0.00000042247
0.00000043302
0.00000041364
0.00000042314
0.00000040614
0.00000040452
0.00000040502
0.00000040152
0.00000042471
0.00000041743
0.00000040743
0.00000041953
0.00000040674
0.00000041920
0.00000042833
0.00000041337
0.00000042271
0.00000040780
0.00000041340
0.00000042565
0.00000041282
0.00000042463
0.00000042952
0.00000041060
0.00000041605
0.00000041588
0.00000041508
0.00000040653
0.00000039833
0.00000040826
0.00000039959
0.00000041443
0.00000041901
0.00000042803
0.00000040245
0.00000040594
0.00000040742
0.00000040736
0.00000039972
0.00000041589
0.00000040098
0.00000040783
0.00000040792
0.00000041275
0.00000041576
0.00000041335
0.00000041736
0.00000044310
0.00000042201
0.00000042178
0.00000042717
0.00000042780
0.00000043026
0.00000043411
0.00000043154
0.00000043458
0.00000040503
0.00000040288
0.00000039441
0.00000041049
0.00000040453
0.00000042044
0.00000040708
0.00000042275
0.00000040480
0.00000041900
0.00000040283
0.00000041591
0.00000042302
0.00000043221
0.00000041730
0.00000042501
0.00000041129
0.00000042973
0.00000044869
0.00000044115
0.00000043881
0.00000043399
0.00000043463
0.00000040642
0.00000044138
0.00000044850
0.00000043313
0.00000044904
0.00000044164
0.00000044317
0.00000042425
0.00000044109
0.00000047088
0.00000047824
0.00000046868
0.00000046185
0.00000044050
0.00000044853
0.00000043772
0.00000045601
0.00000046062
0.00000044410
0.00000046405
0.00000046041
0.00000045282
0.00000042954
0.00000043592
0.00000044986
0.00000043973
0.00000042999
0.00000042310
0.00000041511
0.00000043545
0.00000043047
0.00000042763
0.00000042374
0.00000041888
0.00000041284
0.00000040367
0.00000042438
0.00000041975
0.00000041281
0.00000040297
0.00000042053
0.00000041353
0.00000040056
0.00000041261
0.00000042408
0.00000040918
0.00000041424
0.00000039579
0.00000040009
0.00000040069
0.00000040521
0.00000040262
0.00000039681
0.00000041927
0.00000041555
0.00000040565
0.00000041926
0.00000040543
0.00000042237
0.00000041094
0.00000043142
0.00000042335
0.00000041367
0.00000043646
0.00000042707
0.00000042186
0.00000040998
0.00000042818
0.00000042061
0.00000040692
0.00000042556
0.00000041764
0.00000040924
0.00000043064
0.00000041753
0.00000040959
0.00000043115
0.00000042370
0.00000041985
0.00000041358
0.00000043081
0.00000042209
0.00000041068
0.00000043279
0.00000042180
0.00000041321
0.00000042484
0.00000041503
0.00000040470
0.00000041659
0.00000040696
0.00000042383
0.00000041503
0.00000042661
0.00000042104
0.00000042126
0.00000045026
0.00000042602
0.00000043068
0.00000043899
0.00000042702
0.00000043769
0.00000042942
0.00000042655
0.00000042777
0.00000043561
0.00000044514
0.00000043239
0.00000044932
0.00000044463
0.00000044388
0.00000044453
0.00000043013
0.00000044419
0.00000043694
0.00000042649
0.00000045119
0.00000042739
0.00000043330
0.00000043655
0.00000041809
0.00000042792
0.00000044130
0.00000043107
0.00000044544
0.00000044172
0.00000043984
0.00000043641
0.00000043740
0.00000043231
0.00000043071
0.00000042144
0.00000041191
0.00000040287
0.00000042321
0.00000041146
0.00000042553
0.00000041375
0.00000040679
0.00000042349
0.00000041758
0.00000044078
0.00000044637
0.00000042247
0.00000042102
0.00000042293
0.00000043131
0.00000043648
0.00000044471
0.00000042858
0.00000041106
0.00000041992
0.00000042628
0.00000040323
0.00000040233
0.00000040242
0.00000040562
0.00000040050
0.00000041660
0.00000040176
0.00000041117
0.00000042508
0.00000040305
0.00000040180
0.00000040057
0.00000039143
0.00000040786
0.00000040146
0.00000041682
0.00000040681
0.00000042274
0.00000041580
0.00000042865
0.00000042173
0.00000041072
0.00000042888
0.00000042746
0.00000042672
0.00000043241
0.00000043371
0.00000044264
0.00000042394
0.00000043445
0.00000042458
0.00000043632
0.00000042365
0.00000043855
0.00000043165
0.00000044926
0.00000044314
0.00000044781
0.00000044868
0.00000042979
0.00000043277
0.00000041534
0.00000042482
0.00000043994
0.00000043429
0.00000042696
0.00000042561
0.00000042576
0.00000043524
0.00000044132
0.00000042281
0.00000043234
0.00000043248
0.00000039703
0.00000041270
0.00000040140
0.00000041271
0.00000042070
0.00000039837
0.00000040195
0.00000040214
0.00000040208
0.00000039619
0.00000041326
0.00000041027
0.00000042661
0.00000041703
0.00000041225
0.00000042765
0.00000042253
0.00000041145
0.00000042890
0.00000041127
0.00000042328
0.00000040334
0.00000040234
0.00000040186
0.00000039259
0.00000038227
0.00000039334
0.00000040017
0.00000040901
0.00000040745
0.00000040755
0.00000039777
0.00000038547
0.00000038902
0.00000039330
0.00000038966
0.00000041213
0.00000041082
0.00000041384
0.00000041118
0.00000041419
0.00000041206
0.00000041768
0.00000041928
0.00000042630
0.00000043592
0.00000044441
0.00000043684
0.00000042687
0.00000045166
0.00000044660
0.00000042233
0.00000042286
0.00000042975
0.00000041395
0.00000042295
0.00000044006
0.00000042928
0.00000044753
0.00000044580
0.00000043928
0.00000042844
0.00000042448
0.00000041769
0.00000041194
0.00000042912
0.00000042525
0.00000041388
0.00000040215
0.00000040197
0.00000040412
0.00000039857
0.00000039132
0.00000040311
0.00000041298
0.00000039681
0.00000039955
0.00000040197
0.00000039556
0.00000039377
0.00000040975
0.00000040210
0.00000041566
0.00000040701
0.00000042606
0.00000041161
0.00000042251
0.00000041128
0.00000041867
0.00000040294
0.00000040571
0.00000040788
0.00000040669
0.00000041209
0.00000040969
0.00000041392
0.00000041639
0.00000042440
0.00000043037
0.00000044016
0.00000042510
0.00000043344
0.00000042659
0.00000044604
0.00000044119
0.00000044572
0.00000044921
0.00000043002
0.00000044793
0.00000043821
0.00000043335
0.00000043580
0.00000043565
0.00000043932
0.00000045265
0.00000044089
0.00000043603
0.00000042712
0.00000042144
0.00000044778
0.00000045293
0.00000044381
0.00000045826
0.00000044677
0.00000043487
0.00000043162
0.00000042762
0.00000042479
0.00000042756
0.00000042662
0.00000042724
0.00000042132
0.00000041764
0.00000040919
0.00000039591
0.00000041093
0.00000041856
0.00000040260
0.00000040451
0.00000040976
0.00000041327
0.00000041101
0.00000041332
0.00000040593
0.00000040368
0.00000041901
0.00000040936
0.00000042512
0.00000040896
0.00000041150
0.00000041765
0.00000039400
0.00000039021
0.00000037949
0.00000039496
0.00000040193
0.00000040636
0.00000040519
0.00000039986
0.00000038955
0.00000039817
0.00000040570
0.00000041113
0.00000041633
0.00000041365
0.00000041525
0.00000041363
0.00000041742
0.00000041722
0.00000042321
0.00000043000
0.00000043260
0.00000041474
0.00000042468
0.00000043132
0.00000042167
0.00000043560
0.00000043132
0.00000042413
0.00000041866
0.00000044464
0.00000044162
0.00000042280
0.00000043136
0.00000043768
0.00000042363
0.00000043296
0.00000044938
0.00000044046
0.00000042933
0.00000044781
0.00000043496
0.00000043176
0.00000042735
0.00000042240
0.00000042519
0.00000045067
0.00000042774
0.00000042677
0.00000043247
0.00000041514
0.00000042273
0.00000043905
0.00000042704
0.00000044815
0.00000044613
0.00000044963
0.00000044792
0.00000042263
0.00000043344
0.00000044092
0.00000042502
0.00000044059
0.00000042702
0.00000041929
0.00000043417
0.00000043100
0.00000042421
0.00000044190
0.00000043436
0.00000042256
0.00000041021
0.00000042882
0.00000041599
0.00000043081
0.00000042531
0.00000041707
0.00000043552
0.00000043759
0.00000043347
0.00000043195
0.00000040398
0.00000040020
0.00000040288
0.00000040055
0.00000042272
0.00000042275
0.00000041988
0.00000042547
0.00000042429
0.00000043042
0.00000043673
0.00000041266
0.00000042031
0.00000043196
0.00000041412
0.00000042842
0.00000044735
0.00000038994
0.00000041413
0.00000043888
0.00000041447
0.00000041979
0.00000043593
0.00000045008
0.00000047351
0.00000047035
0.00000045080
0.00000043375
0.00000044358
0.00000042962
0.00000044853
0.00000044467
0.00000043502
0.00000040695
0.00000037608
0.00000040241
0.00000039984
0.00000041748
0.00000041179
0.00000042793
0.00000042155
0.00000040528
0.00000040924
0.00000038854
0.00000041349
0.00000041645
0.00000041765
0.00000041114
0.00000041060
0.00000040753
0.00000039354
0.00000041287
0.00000040520
0.00000041640
0.00000040331
0.00000041159
0.00000042479
0.00000040615
0.00000041753
0.00000041813
0.00000042095
0.00000039792
0.00000039345
0.00000041645
0.00000040689
0.00000040038
0.00000041582
0.00000040447
0.00000041348
0.00000039936
0.00000040918
0.00000041391
0.00000041167
0.00000040207
0.00000039357
0.00000040527
0.00000039183
0.00000039901
0.00000040118
0.00000039567
0.00000039103
0.00000040419
0.00000039006
0.00000039669
0.00000039406
0.00000039367
0.00000041253
0.00000040800
0.00000041844
0.00000040629
0.00000041389
0.00000042655
0.00000040287
0.00000040890
0.00000040911
0.00000041311
0.00000041463
0.00000040917
0.00000041145
0.00000040515
0.00000040412
0.00000042006
0.00000040158
0.00000041071
0.00000038794
0.00000042105
0.00000039312
0.00000041817
0.00000041581
0.00000040541
0.00000039692
0.00000040779
0.00000039249
0.00000040862
0.00000041503
0.00000042188
0.00000043465
0.00000041781
0.00000043526
0.00000042224
0.00000044414
0.00000044196
0.00000044635
0.00000044782
0.00000043201
0.00000044118
0.00000042712
0.00000044228
0.00000042620
0.00000041065
0.00000042426
0.00000040447
0.00000040781
0.00000040642
0.00000040559
0.00000040171
0.00000039793
0.00000042297
0.00000041368
0.00000040865
0.00000039402
0.00000040720
0.00000042430
0.00000041088
0.00000042724
0.00000041454
0.00000040759
0.00000042847
0.00000042093
0.00000042476
0.00000043371
0.00000044142
0.00000045314
0.00000044172
0.00000042276
0.00000040673
0.00000041912
0.00000043092
0.00000041253
0.00000042305
0.00000043227
0.00000040806
0.00000041031
0.00000041163
0.00000040697
0.00000039633
0.00000038852
0.00000039770
0.00000041220
0.00000041928
0.00000040431
0.00000041571
0.00000042241
0.00000043320
0.00000041411
0.00000042925
0.00000041866
0.00000043547
0.00000042185
0.00000043998
0.00000042861
0.00000042442
0.00000044031
0.00000043898
0.00000043862
0.00000043746
0.00000044104
0.00000045221
0.00000043568
0.00000044700
0.00000043972
0.00000043795
0.00000044352
0.00000044552
0.00000042348
0.00000043103
0.00000044696
0.00000043189
0.00000041797
0.00000042923
0.00000042394
0.00000042346
0.00000045213
0.00000042768
0.00000043946
0.00000042042
0.00000042997
0.00000043729
0.00000041982
0.00000042896
0.00000041722
0.00000042831
0.00000040935
0.00000041130
0.00000041078
0.00000040489
0.00000039920
0.00000038959
0.00000040902
0.00000040050
0.00000041741
0.00000040669
0.00000042916
0.00000041711
0.00000043286
0.00000042148
0.00000040797
0.00000042127
0.00000041031
0.00000039282
0.00000039901
0.00000040294
0.00000040280
0.00000040528
0.00000040373
0.00000040513
0.00000039743
0.00000041477
0.00000041027
0.00000040363
0.00000041513
0.00000040640
0.00000041583
0.00000040282
0.00000041399
0.00000042675
0.00000040465
0.000000411
