# 
# TAPR TICC Timestamping Counter
# Copyright 2016-2025 N8UR, K9TRV, NH6Z, WA8YWQ
# 
# #####################
# TICC Configuration: 
# Software Version: 20251215.1 (RELEASE)
# EEPROM Version: 13, Board Version: D
# Board Serial Number: 46F08E3E
# Measurement Mode: Time Interval ch0->ch1
# Timestamp Wrap: 0 (no wrap)
# Output Decimal Places: 11
# SyncMode: P
# Serial Baud Rate: 115200
# Channel Names: A/B (C)
# Poll Character: none
# Clock Speed: 10.000000 MHz
# Coarse tick: 100.000000 usec
# Cal Periods: 20
# Propagation Delay ps: 0 (ch0), 0 (ch1)
# Timeout: 0x05
# Time Dilation ps: 2500 (ch0), 2500 (ch1)
# fixedTime2 ps: 0 (ch0), 0 (ch1)
# FUDGE0 ps: 0 (ch0), 0 (ch1)
# #####################
# 
# Type any character for config menu
# ............................
# 
# time interval ch0->ch1 (seconds with 11 decimal places)
0.00000045252
0.00000044086
0.00000045596
0.00000044746
0.00000044527
0.00000044626
0.00000044923
0.00000045477
0.00000044138
0.00000045076
0.00000043877
0.00000045534
0.00000044668
0.00000044532
0.00000045275
0.00000045987
0.00000043961
0.00000044718
0.00000043461
0.00000045013
0.00000044537
0.00000044002
0.00000044003
0.00000044505
0.00000045298
0.00000046306
0.00000044984
0.00000043658
0.00000044952
0.00000043501
0.00000042993
0.00000044999
0.00000043857
0.00000043121
0.00000041930
0.00000041336
0.00000043211
0.00000042735
0.00000045203
0.00000044685
0.00000045553
0.00000042676
0.00000043023
0.00000043559
0.00000044263
0.00000041852
0.00000042581
0.00000043322
0.00000044271
0.00000042574
0.00000044301
0.00000043259
0.00000045545
0.00000045339
0.00000044911
0.00000044542
0.00000043659
0.00000043370
0.00000043324
0.00000043462
0.00000043433
0.00000044025
0.00000044151
0.00000044575
0.00000042794
0.00000042996
0.00000043310
0.00000043979
0.00000041353
0.00000041781
0.00000041756
0.00000042323
0.00000042806
0.00000042717
0.00000043438
0.00000043336
0.00000043515
0.00000043454
0.00000040484
0.00000043243
0.00000043212
0.00000042793
0.00000042849
0.00000042952
0.00000043438
0.00000043386
0.00000043522
0.00000043753
0.00000044155
0.00000041448
0.00000042083
0.00000042798
0.00000043264
0.00000044086
0.00000041937
0.00000043050
0.00000044322
0.00000042621
0.00000044050
0.00000043301
0.00000044800
0.00000044517
0.00000043951
0.00000044169
0.00000043634
0.00000043473
0.00000043068
0.00000043162
0.00000042786
0.00000042433
0.00000042474
0.00000041577
0.00000040732
0.00000043070
0.00000042093
0.00000040771
0.00000042031
0.00000040505
0.00000040763
0.00000042023
0.00000042166
0.00000042420
0.00000042428
0.00000042226
0.00000041995
0.00000041425
0.00000040531
0.00000042048
0.00000040964
0.00000041795
0.00000040493
0.00000041907
0.00000043580
0.00000042347
0.00000043605
0.00000042314
0.00000043405
0.00000042265
0.00000043190
0.00000041331
0.00000041910
0.00000042903
0.00000041302
0.00000042109
0.00000042463
0.00000043383
0.00000041711
0.00000042539
0.00000042821
0.00000043613
0.00000041926
0.00000042097
0.00000042533
0.00000042979
0.00000043272
0.00000044335
0.00000042706
0.00000043171
0.00000044265
0.00000042170
0.00000043208
0.00000043737
0.00000042239
0.00000043750
0.00000044603
0.00000043573
0.00000044598
0.00000043775
0.00000042950
0.00000044336
0.00000043371
0.00000042625
0.00000044540
0.00000044047
0.00000043794
0.00000043615
0.00000043639
0.00000043787
0.00000044325
0.00000044418
0.00000042435
0.00000043797
0.00000044980
0.00000044274
0.00000043822
0.00000043509
0.00000045499
0.00000045214
0.00000042202
0.00000042478
0.00000042809
0.00000042968
0.00000043930
0.00000044966
0.00000042867
0.00000043853
0.00000044458
0.00000042734
0.00000044248
0.00000042605
0.00000043931
0.00000041957
0.00000043239
0.00000041995
0.00000043243
0.00000045001
0.00000043874
0.00000043078
0.00000044408
0.00000043668
0.00000042199
0.00000044185
0.00000042912
0.00000041993
0.00000043176
0.00000042039
0.00000043513
0.00000042023
0.00000043937
0.00000043213
0.00000044665
0.00000044281
0.00000043507
0.00000043241
0.00000042546
0.00000042188
0.00000043732
0.00000042608
0.00000041912
0.00000040815
0.00000042005
0.00000042798
0.00000040533
0.00000041626
0.00000042260
0.00000042887
0.00000043468
0.00000041392
0.00000041188
0.00000041241
0.00000041334
0.00000041112
0.00000040750
0.00000042975
0.00000041904
0.00000041342
0.00000042974
0.00000041622
0.00000043442
0.00000042426
0.00000041535
0.00000043043
0.00000041416
0.00000042746
0.00000041649
0.00000042939
0.00000041813
0.00000042721
0.00000041338
0.00000042638
0.00000043752
0.00000042219
0.00000043256
0.00000041934
0.00000042543
0.00000043665
0.00000042316
0.00000043309
0.00000041182
0.00000041904
0.00000042406
0.00000043024
0.00000042644
0.00000042719
0.00000042610
0.00000042390
0.00000042529
0.00000042086
0.00000042342
0.00000042373
0.00000041725
0.00000041815
0.00000041688
0.00000041029
0.00000042672
0.00000041876
0.00000040398
0.00000041859
0.00000040450
0.00000042308
0.00000043599
0.00000042683
0.00000043943
0.00000042394
0.00000040626
0.00000042162
0.00000043086
0.00000041266
0.00000042405
0.00000043523
0.00000041451
0.00000041972
0.00000042545
0.00000043686
0.00000041396
0.00000042096
0.00000042736
0.00000042779
0.00000042887
0.00000043408
0.00000043853
0.00000041222
0.00000041732
0.00000042422
0.00000042479
0.00000043315
0.00000043722
0.00000044477
0.00000042421
0.00000042310
0.00000042620
0.00000043178
0.00000043111
0.00000043437
0.00000043702
0.00000043777
0.00000043106
0.00000043453
0.00000042984
0.00000042631
0.00000042524
0.00000042499
0.00000042759
0.00000042861
0.00000042794
0.00000042905
0.00000042954
0.00000043020
0.00000042919
0.00000043098
0.00000043663
0.00000043908
0.00000043867
0.00000041361
0.00000042059
0.00000042455
0.00000042901
0.00000043954
0.00000044158
0.00000042151
0.00000043142
0.00000043595
0.00000041790
0.00000042367
0.00000043556
0.00000044138
0.00000042698
0.00000043388
0.00000041454
0.00000042523
0.00000043561
0.00000041688
0.00000042907
0.00000043625
0.00000042078
0.00000042542
0.00000043600
0.00000042097
0.00000043112
0.00000043966
0.00000042339
0.00000043041
0.00000044313
0.00000043246
0.00000044493
0.00000043253
0.00000041871
0.00000042969
0.00000041526
0.00000042685
0.00000043758
0.00000042386
0.00000043569
0.00000042888
0.00000044213
0.00000043107
0.00000041858
0.00000043863
0.00000042862
0.00000041884
0.00000044253
0.00000043454
0.00000043128
0.00000042326
0.00000041452
0.00000043258
0.00000043020
0.00000042381
0.00000044380
0.00000044324
0.00000044214
0.00000044103
0.00000043990
0.00000044042
0.00000043963
0.00000044106
0.00000044013
0.00000043937
0.00000044169
0.00000044701
0.00000042816
0.00000044083
0.00000043990
0.00000041585
0.00000041968
0.00000042994
0.00000044072
0.00000044897
0.00000042683
0.00000043178
0.00000041175
0.00000042018
0.00000042601
0.00000043237
0.00000043836
0.00000042075
0.00000042767
0.00000043328
0.00000043430
0.00000041932
0.00000042615
0.00000042816
0.00000044143
0.00000042276
0.00000042617
0.00000043319
0.00000041484
0.00000042533
0.00000043954
0.00000044785
0.00000043727
0.00000042838
0.00000043871
0.00000042599
0.00000043703
0.00000042437
0.00000043179
0.00000041344
0.00000042485
0.00000042916
0.00000040881
0.00000042147
0.00000042748
0.00000042976
0.00000040685
0.00000040346
0.00000039927
0.00000042802
0.00000042147
0.00000041714
0.00000041735
0.00000041235
0.00000043947
0.00000043298
0.00000042951
0.00000042092
0.00000041788
0.00000040915
0.00000043331
0.00000043303
0.00000043001
0.00000042409
0.00000042615
0.00000042697
0.00000042888
0.00000043370
0.00000044373
0.00000045510
0.00000044095
0.00000045327
0.00000044158
0.00000043077
0.00000044629
0.00000043732
0.00000042688
0.00000044663
0.00000044226
0.00000043849
0.00000043428
0.00000043168
0.00000042877
0.00000043113
0.00000042764
0.00000042660
0.00000042866
0.00000043081
0.00000043842
0.00000044156
0.00000044517
0.00000043109
0.00000044056
0.00000045079
0.00000043855
0.00000042176
0.00000043314
0.00000042131
0.00000042930
0.00000041447
0.00000042116
0.00000042729
0.00000040874
0.00000041369
0.00000042023
0.00000042072
0.00000042238
0.00000043010
0.00000042989
0.00000043452
0.00000043816
0.00000044133
0.00000041785
0.00000042642
0.00000042804
0.00000042821
0.00000043486
0.00000043635
0.00000041728
0.00000042700
0.00000043255
0.00000044358
0.00000042201
0.00000043456
0.00000044216
0.00000042972
0.00000044050
0.00000043056
0.00000044438
0.00000043706
0.00000042436
0.00000044169
0.00000042751
0.00000042022
0.00000043799
0.00000042582
0.00000042086
0.00000043453
0.00000042633
0.00000041375
0.00000043010
0.00000041381
0.00000042469
0.00000041170
0.00000041920
0.00000042928
0.00000041014
0.00000041603
0.00000042096
0.00000043054
0.00000043452
0.00000041141
0.00000041624
0.00000042322
0.00000042611
0.00000042878
0.00000043182
0.00000043624
0.00000044210
0.00000041925
0.00000042178
0.00000042301
0.00000041878
0.00000042092
0.00000041721
0.00000041803
0.00000041507
0.00000040594
0.00000042797
0.00000041928
0.00000040983
0.00000043413
0.00000043024
0.00000042558
0.00000042548
0.00000044233
0.00000043424
0.00000042628
0.00000042154
0.00000041197
0.00000042712
0.00000042356
0.00000041622
0.00000043752
0.00000043798
0.00000043201
0.00000043302
0.00000043123
0.00000042817
0.00000042901
0.00000042266
0.00000042238
0.00000042243
0.00000041620
0.00000041472
0.00000043303
0.00000042857
0.00000042477
0.00000042135
0.00000041687
0.00000043275
0.00000042712
0.00000042104
0.00000041392
0.00000042876
0.00000041682
0.00000043053
0.00000041616
0.00000042678
0.00000041013
0.00000042662
0.00000043964
0.00000043071
0.00000044727
0.00000044240
0.00000043427
0.00000042698
0.00000041874
0.00000044383
0.00000043929
0.00000043769
0.00000043366
0.00000043350
0.00000043174
0.00000042929
0.00000042815
0.00000042253
0.00000041626
0.00000041239
0.00000042862
0.00000042042
0.00000041189
0.00000043001
0.00000042639
0.00000041634
0.00000043282
0.00000042114
0.00000041004
0.00000042360
0.00000043781
0.00000042664
0.00000044264
0.00000043524
0.00000042851
0.00000044830
0.00000043532
0.00000042765
0.00000042178
0.00000041532
0.00000043465
0.00000042363
0.00000041525
0.00000043371
0.00000041987
0.00000041249
0.00000043552
0.00000042736
0.00000042685
0.00000044809
0.00000044129
0.00000043070
0.00000042529
0.00000041692
0.00000044037
0.00000043146
0.00000042428
0.00000041446
0.00000042502
0.00000041585
0.00000043251
0.00000041693
0.00000043373
0.00000042187
0.00000043441
0.00000042776
0.00000044768
0.00000044101
0.00000043008
0.00000042661
0.00000044320
0.00000043773
0.00000043156
0.00000042648
0.00000041502
0.00000043190
0.00000042210
0.00000041130
0.00000042683
0.00000041861
0.00000043651
0.00000042833
0.00000042086
0.00000044194
0.00000043925
0.00000044022
0.00000043686
0.00000043643
0.00000044249
0.00000044553
0.00000044731
0.00000043096
0.00000043437
0.00000043654
0.00000042026
0.00000043042
0.00000043999
0.00000042900
0.00000044003
0.00000043370
0.00000044819
0.00000043594
0.00000043219
0.00000042211
0.00000044088
0.00000043703
0.00000042875
0.00000041650
0.00000043213
0.00000042179
0.00000041230
0.00000043059
0.00000042205
0.00000043936
0.00000042900
0.00000041749
0.00000043945
0.00000043207
0.00000042347
0.00000044050
0.00000043036
0.00000042519
0.00000044460
0.00000043606
0.00000042832
0.00000042338
0.00000044703
0.00000044079
0.00000043900
0.00000043541
0.00000043441
0.00000042797
0.00000042207
0.00000041547
0.00000042907
0.00000042431
0.00000041831
0.00000044010
0.00000042896
0.00000042439
0.00000041631
0.00000043504
0.00000042569
0.00000041480
0.00000042631
0.00000040819
0.00000041989
0.00000043668
0.00000042298
0.00000043543
0.00000042349
0.00000043599
0.00000042327
0.00000043537
0.00000042242
0.00000043650
0.00000043021
0.00000044540
0.00000043110
0.00000044543
0.00000043479
0.00000042264
0.00000043489
0.00000042327
0.00000044225
0.00000043171
0.00000041977
0.00000043373
0.00000042052
0.00000043316
0.00000041813
0.00000042620
0.00000040936
0.00000041541
0.00000042167
0.00000042810
0.00000043529
0.00000041326
0.00000041594
0.00000041852
0.00000042226
0.00000042531
0.00000043119
0.00000043533
0.00000043960
0.00000042486
0.00000043182
0.00000043875
0.00000041818
0.00000042108
0.00000042166
0.00000043062
0.00000043312
0.00000043622
0.00000041773
0.00000042279
0.00000042914
0.00000043986
0.00000044773
0.00000043365
0.00000044024
0.00000042612
0.00000042894
0.00000040640
0.00000040466
0.00000041093
0.00000041372
0.00000041960
0.00000042160
0.00000042659
0.00000042642
0.00000042728
0.00000043304
0.00000043123
0.00000043056
0.00000042780
0.00000043004
0.00000042737
0.00000042397
0.00000041997
0.00000041998
0.00000041793
0.00000042022
0.00000041607
0.00000041238
0.00000043380
0.00000043117
0.00000043044
0.00000043090
0.00000043301
0.00000043379
0.00000043781
0.00000044012
0.00000044278
0.00000041920
0.00000042069
0.00000042264
0.00000042690
0.00000042923
0.00000042890
0.00000042203
0.00000042334
0.00000042285
0.00000041350
0.00000041017
0.00000042823
0.00000042333
0.00000041183
0.00000042896
0.00000041232
0.00000042138
0.00000040988
0.00000041461
0.00000042480
0.00000042848
0.00000040797
0.00000041569
0.00000041686
0.00000041616
0.00000041210
0.00000040847
0.00000040151
0.00000041765
0.00000040704
0.00000042000
0.00000040861
0.00000041983
0.00000042565
0.00000039623
0.00000039687
0.00000039033
0.00000041171
0.00000040067
0.00000041782
0.00000040288
0.00000041423
0.00000041792
0.00000039714
0.00000039515
0.00000039679
0.00000041570
0.00000040778
0.00000040065
0.00000041016
0.00000039657
0.00000040342
0.00000041374
0.00000041712
0.00000042319
0.00000042946
0.00000043305
0.00000044124
0.00000041917
0.00000042450
0.00000043475
0.00000044303
0.00000042159
0.00000043410
0.00000044283
0.00000042576
0.00000044106
0.00000042881
0.00000045120
0.00000044447
0.00000044382
0.00000043952
0.00000044031
0.00000043940
0.00000044548
0.00000044671
0.00000042460
0.00000043226
0.00000044166
0.00000045404
0.00000044288
0.00000045822
0.00000044753
0.00000043798
0.00000043684
0.00000042951
0.00000041928
0.00000043594
0.00000043262
0.00000042352
0.00000040939
0.00000041998
0.00000041049
0.00000042096
0.00000040533
0.00000041184
0.00000042178
0.00000042679
0.00000043121
0.00000040641
0.00000040808
0.00000043604
0.00000043491
0.00000043342
0.00000043231
0.00000042892
0.00000042631
0.00000042836
0.00000042313
0.00000041842
0.00000041676
0.00000041392
0.00000044070
0.00000043952
0.00000043692
0.00000043944
0.00000044034
0.00000044411
0.00000044039
0.00000041108
0.00000040268
0.00000042506
0.00000042366
0.00000042313
0.00000044640
0.00000044816
0.00000042239
0.00000041923
0.00000042289
0.00000043164
0.00000044214
0.00000044928
0.00000043517
0.00000045009
0.00000043495
0.00000042529
0.00000044355
0.00000043082
0.00000042165
0.00000043783
0.00000043193
0.00000043240
0.00000045744
0.00000043118
0.00000043714
0.00000044068
0.00000044381
0.00000042233
0.00000042634
0.00000043026
0.00000043299
0.00000043643
0.00000041651
0.00000041652
0.00000042279
0.00000042947
0.00000043298
0.00000044576
0.00000043403
0.00000044661
0.00000043845
0.00000042305
0.00000044043
0.00000042725
0.00000041859
0.00000043225
0.00000041815
0.00000043294
0.00000041799
0.00000043250
0.00000042730
0.00000044339
0.00000043109
0.00000042080
0.00000044229
0.00000043139
0.00000041978
0.00000043623
0.00000042247
0.00000041147
0.00000042334
0.00000041290
0.00000041884
0.00000042746
0.00000040981
0.00000041010
0.00000041553
0.00000041487
0.00000041911
0.00000042025
0.00000041524
0.00000041707
0.00000041726
0.00000041563
0.00000040920
0.00000043462
0.00000043480
0.00000043651
0.00000043744
0.00000043733
0.00000043205
0.00000043549
0.00000044004
0.00000044767
0.00000043083
0.00000044146
0.00000044692
0.00000043447
0.00000044827
0.00000043217
0.00000044851
0.00000043275
0.00000041848
0.00000042676
0.00000040187
0.00000039980
0.00000040425
0.00000040631
0.00000044197
0.00000044398
0.00000042252
0.00000041835
0.00000041430
0.00000041528
0.00000041643
0.00000041360
0.00000044370
0.00000044717
0.00000042155
0.00000042199
0.00000042751
0.00000043446
0.00000043314
0.00000043624
0.00000041149
0.00000040705
0.00000043180
0.00000043047
0.00000043122
0.00000042974
0.00000042684
0.00000042913
0.00000043115
0.00000043387
0.00000043464
0.00000043364
0.00000043584
0.00000044185
0.00000044677
0.00000042059
0.00000042464
0.00000042931
0.00000043337
0.00000043453
0.00000043521
0.00000041724
0.00000041347
0.00000042085
0.00000042301
0.00000042462
0.00000043143
0.00000043686
0.00000044924
0.00000043169
0.00000044859
0.00000043495
0.00000045216
0.00000043799
0.00000043088
0.00000042115
0.00000044429
0.00000043577
0.00000043383
0.00000042717
0.00000042995
0.00000042981
0.00000042926
0.00000043650
0.00000044153
0.00000045307
0.00000043567
0.00000044464
0.00000043339
0.00000044827
0.00000043829
0.00000042690
0.00000044905
0.00000044389
0.00000043981
0.00000044310
0.00000044290
0.00000044622
0.00000045115
0.00000043244
0.00000044036
0.00000044897
0.00000043179
0.00000044387
0.00000043062
0.00000044124
0.00000042427
0.00000043490
0.00000041700
0.00000042578
0.00000043604
0.00000042141
0.00000042708
0.00000043779
0.00000042559
0.00000044190
0.00000042808
0.00000043515
0.00000042247
0.00000043593
0.00000041656
0.00000042599
0.00000040996
0.00000042532
0.00000043292
0.00000042293
0.00000043351
0.00000042006
0.00000042561
0.00000040799
0.00000041649
0.00000041632
0.00000042241
0.00000042963
0.00000043802
0.00000044167
0.00000042771
0.00000043623
0.00000044954
0.00000042890
0.00000043916
0.00000042330
0.00000043417
0.00000041987
0.00000043174
0.00000043662
0.00000041829
0.00000042353
0.00000042612
0.00000039844
0.00000042564
0.00000042692
0.00000042234
0.00000041663
0.00000041154
0.00000040309
0.00000042546
0.00000042065
0.00000040745
0.00000042298
0.00000041237
0.00000042105
0.00000041018
0.00000041612
0.00000042888
0.00000041148
0.00000042502
0.00000043862
0.00000043201
0.00000044633
0.00000043942
0.00000043251
0.00000042239
0.00000043704
0.00000043259
0.00000042367
0.00000041870
0.00000043467
0.00000043001
0.00000042631
0.00000042059
0.00000044080
0.00000044065
0.00000043770
0.00000043754
0.00000043609
0.00000043593
0.00000044124
0.00000043708
0.00000043961
0.00000044057
0.00000044088
0.00000041848
0.00000041734
0.00000041490
0.00000041789
0.00000041819
0.00000041752
0.00000041543
0.00000041805
0.00000041541
0.00000041098
0.00000043024
0.00000042297
0.00000041832
0.00000040750
0.00000042455
0.00000041756
0.00000043837
0.00000043407
0.00000043520
0.00000043112
0.00000042551
0.00000041796
0.00000041154
0.00000043387
0.00000041758
0.00000041300
0.00000042941
0.00000041707
0.00000042809
0.00000041862
0.00000043165
0.00000041901
0.00000043197
0.00000042742
0.00000044588
0.00000043833
0.00000042924
0.00000042340
0.00000041394
0.00000042341
0.00000041272
0.00000042555
0.00000040888
0.00000041605
0.00000042195
0.00000043286
0.00000041568
0.00000042412
0.00000043590
0.00000044300
0.00000042392
0.00000043916
0.00000042533
0.00000044469
0.00000043538
0.00000045600
0.00000044431
0.00000043253
0.00000042615
0.00000041962
0.00000043627
0.00000043194
0.00000042421
0.00000044502
0.00000044306
0.00000043665
0.00000043720
0.00000043420
0.00000043610
0.00000043111
0.00000043402
0.00000043004
0.00000043326
0.00000042936
0.00000042816
0.00000041946
0.00000041570
0.00000041219
0.00000042798
0.00000042241
0.00000041120
0.00000042899
0.00000041989
0.00000043318
0.00000042485
0.00000041413
0.00000042306
0.00000041050
0.00000042234
0.00000042968
0.00000041463
0.00000042194
0.00000043488
0.00000041544
0.00000042916
0.00000044426
0.00000042779
0.00000044328
0.00000042507
0.00000044042
0.00000042508
0.00000044072
0.00000043178
0.00000044284
0.00000042855
0.00000041968
0.00000043633
0.00000043394
0.00000042997
0.00000045330
0.00000044340
0.00000043840
0.00000043087
0.00000042616
0.00000041721
0.00000044050
0.00000043191
0.00000042622
0.00000042007
0.00000043525
0.00000043115
0.00000042992
0.00000042788
0.00000044659
0.00000042325
0.00000044755
0.00000044460
0.00000044201
0.00000044349
0.00000044814
0.00000045341
0.00000043232
0.00000044093
0.00000045678
0.00000044357
0.00000042944
0.00000043925
0.00000043061
0.00000044613
0.00000044165
0.00000043483
0.00000043275
0.00000043010
0.00000042286
0.00000042440
0.00000044897
0.00000045005
0.00000045569
0.00000043168
0.00000043802
0.00000044030
0.00000041556
0.00000041811
0.00000042597
0.00000042847
0.00000043139
0.00000043841
0.00000044277
0.00000042028
0.00000043151
0.00000043833
0.00000044536
0.00000043118
0.00000044081
0.00000042632
0.00000044261
0.00000043250
0.00000042679
0.00000045389
0.00000045277
0.00000045411
0.00000045461
0.00000042901
0.00000043289
0.00000044420
0.00000044727
0.00000043203
0.00000044341
0.00000043291
0.00000044639
0.00000043644
0.00000042789
0.00000044369
0.00000042713
0.00000041527
0.00000042541
0.00000040631
0.00000040760
0.00000041243
0.00000041186
0.00000041244
0.00000040750
0.00000040676
0.00000043080
0.00000042172
0.00000041740
0.00000040681
0.00000041810
0.00000039955
0.00000039972
0.00000040436
0.00000040902
0.00000041387
0.00000041186
0.00000041304
0.00000041650
0.00000041885
0.00000041610
0.00000041216
0.00000040438
0.00000043107
0.00000043036
0.00000042771
0.00000042661
0.00000042516
0.00000041724
0.00000041721
0.00000041680
0.00000044251
0.00000044344
0.00000044499
0.00000044228
0.00000044284
0.00000041825
0.00000041709
0.00000041611
0.00000041266
0.00000041245
0.00000043640
0.00000043392
0.00000042723
0.00000041301
0.00000040054
0.00000041212
0.00000042386
0.00000040611
0.00000040703
0.00000041202
0.00000041593
0.00000041651
0.00000041581
0.00000041375
0.00000041185
0.00000043032
0.00000042598
0.00000041805
0.00000041096
0.00000042803
0.00000041987
0.00000043344
0.00000042605
0.00000042059
0.00000044194
0.00000043594
0.00000042560
0.00000041781
0.00000043728
0.00000043445
0.00000043249
0.00000042326
0.00000041993
0.00000044118
0.00000043736
0.00000042998
0.00000042596
0.00000041525
0.00000043580
0.00000042503
0.00000041623
0.00000043839
0.00000042968
0.00000041983
0.00000044035
0.00000043014
0.00000042642
0.00000041547
0.00000043239
0.00000041878
0.00000040822
0.00000042776
0.00000041440
0.00000043218
0.00000041807
0.00000042907
0.00000041720
0.00000042636
0.00000040851
0.00000042062
0.00000042632
0.00000043161
0.00000040928
0.00000041127
0.00000041681
0.00000041724
0.00000041394
0.00000041190
0.00000040888
0.00000040914
0.00000042752
0.00000041903
0.00000040617
0.00000041753
0.00000040477
0.00000041135
0.00000041927
0.00000042179
0.00000042420
0.00000043240
0.00000043495
0.00000041236
0.00000041537
0.00000041380
0.00000042088
0.00000043033
0.00000044007
0.00000044706
0.00000042569
0.00000042837
0.00000044064
0.00000041908
0.00000042497
0.00000042679
0.00000042580
0.00000043665
0.00000043957
0.00000042255
0.00000043329
0.00000044011
0.00000042629
0.00000043929
0.00000042587
0.00000043977
0.00000042625
0.00000043729
0.00000042735
0.00000044563
0.00000043572
0.00000042728
0.00000044872
0.00000043993
0.00000043545
0.00000043213
0.00000042425
0.00000041519
0.00000043498
0.00000043366
0.00000043217
0.00000042632
0.00000042649
0.00000042401
0.00000042281
0.00000042121
0.00000041679
0.00000042081
0.00000041510
0.00000043914
0.00000043548
0.00000042946
0.00000042579
0.00000042297
0.00000042157
0.00000042225
0.00000045040
0.00000044709
0.00000041960
0.00000041729
0.00000041431
0.00000041077
0.00000042736
0.00000041839
0.00000041248
0.00000042735
0.00000041215
0.00000042599
0.00000040764
0.00000041444
0.00000042724
0.00000043716
0.00000041858
0.00000042618
0.00000042907
0.00000040389
0.00000040830
0.00000041363
0.00000041830
0.00000042298
0.00000042557
0.00000042860
0.00000043316
0.00000043315
0.00000043216
0.00000043734
0.00000043729
0.00000043623
0.00000040978
0.00000043508
0.00000043052
0.00000043293
0.00000043121
0.00000043377
0.00000043658
0.00000043306
0.00000043379
0.00000043689
0.00000043853
0.00000044268
0.00000042053
0.00000042023
0.00000042224
0.00000042369
0.00000042532
0.00000042616
0.00000043107
0.00000043230
0.00000042956
0.00000043065
0.00000043107
0.00000043137
0.00000043584
0.00000043313
0.00000042896
0.00000042529
0.00000042626
0.00000043210
0.00000043515
0.00000043928
0.00000044142
0.00000041910
0.00000042394
0.00000042941
0.00000043393
0.00000043552
0.00000041132
0.00000041238
0.00000041577
0.00000041944
0.00000041845
0.00000042258
0.00000041965
0.00000042288
0.00000041781
0.00000041099
0.00000040674
0.00000042255
0.00000041399
0.00000040435
0.00000042177
0.00000041362
0.00000043086
0.00000042116
0.00000040784
0.00000041948
0.00000040781
0.00000041873
0.00000042561
0.00000040269
0.00000040842
0.00000041381
0.00000041461
0.00000042003
0.00000042551
0.00000042822
0.00000042703
0.00000043064
0.00000042965
0.00000043391
0.00000043358
0.00000042871
0.00000042756
0.00000041776
0.00000041285
0.00000040039
0.00000041550
0.00000042383
0.00000040579
0.00000041450
0.00000042388
0.00000043632
0.00000041707
0.00000042364
0.00000043018
0.00000041707
0.00000042170
0.00000042481
0.00000043364
0.00000041267
0.00000041584
0.00000042552
0.00000042930
0.00000043193
0.00000043302
0.00000040484
0.00000040669
0.00000042757
0.00000042197
0.00000042105
0.00000041396
0.00000042806
0.00000042363
0.00000041747
0.00000043432
0.00000042543
0.00000041795
0.00000043192
0.00000042687
0.00000041642
0.00000043311
0.00000042421
0.00000040836
0.00000042369
0.00000040950
0.00000041632
0.00000042636
0.00000040580
0.00000041267
0.00000041235
0.00000041514
0.00000041453
0.00000042060
0.00000041962
0.00000042233
0.00000042342
0.00000041899
0.00000042288
0.00000042026
0.00000042035
0.00000042680
0.00000042366
0.00000042199
0.00000041640
0.00000041528
0.00000041262
0.00000043334
0.00000043406
0.00000043091
0.00000043204
0.00000043435
0.00000043290
0.00000043721
0.00000044198
0.00000042258
0.00000042624
0.00000042602
0.00000043050
0.00000043400
0.00000043596
0.00000043395
0.00000043694
0.00000042132
0.00000042522
0.00000042863
0.00000043212
0.00000043603
0.00000043933
0.00000041670
0.00000042572
0.00000042956
0.00000043197
0.00000043424
0.00000040945
0.00000040824
0.00000043526
0.00000043751
0.00000043761
0.00000043666
0.00000043540
0.00000043218
0.00000042836
0.00000042239
0.00000041478
0.00000041302
0.00000043599
0.00000043468
0.00000043254
0.00000042445
0.00000041907
0.00000041345
0.00000043407
0.00000042969
0.00000041776
0.00000040558
0.00000041717
0.00000039876
0.00000041131
0.00000042222
0.00000042749
0.00000043830
0.00000042214
0.00000042757
0.00000043782
0.00000042470
0.00000043147
0.00000044424
0.00000042436
0.00000043606
0.00000041508
0.00000042181
0.00000043406
0.00000041562
0.00000042469
0.00000042695
0.00000043346
0.00000041021
0.00000041882
0.00000042243
0.00000042822
0.00000042887
0.00000043944
0.00000041797
0.00000042895
0.00000043550
0.00000044669
0.00000042379
0.00000043069
0.00000043501
0.00000042195
0.00000042853
0.00000043963
0.00000041950
0.00000043050
0.00000043578
0.00000041301
0.00000042112
0.00000042601
0.00000043398
0.00000043602
0.00000041756
0.00000042025
0.00000043281
0.00000044181
0.00000043242
0.00000044466
0.00000043360
0.00000042180
0.00000042821
0.00000041332
0.00000042110
0.00000042335
0.00000043245
0.00000041244
0.00000042579
0.00000043834
0.00000042564
0.00000043604
0.00000042981
0.00000044903
0.00000044610
0.00000043995
0.00000043841
0.00000043259
0.00000043212
0.00000043165
0.00000042724
0.00000042903
0.00000042832
0.00000043637
0.00000043600
0.00000044459
0.00000042625
0.00000043696
0.00000044873
0.00000044026
0.00000042689
0.00000044096
0.00000042260
0.00000043051
0.00000041907
0.00000043103
0.00000041565
0.00000042768
0.00000044595
0.00000043073
0.00000043942
0.00000042461
0.00000043608
0.00000042931
0.00000044320
0.00000043430
0.00000045564
0.00000045515
0.00000045085
0.00000045272
0.00000043054
0.00000043274
0.00000044413
0.00000045554
0.00000044276
0.00000045770
0.00000044785
0.00000043600
0.00000042985
0.00000045284
0.00000044722
0.00000044765
0.00000044573
0.00000044558
0.00000044321
0.00000041791
0.00000042075
0.00000042814
0.00000043625
0.00000044100
0.00000044652
0.00000042574
0.00000042999
0.00000043846
0.00000044632
0.00000043278
0.00000044079
0.00000042197
0.00000043300
0.00000041486
0.00000043177
0.00000044580
0.00000043233
0.00000044348
0.00000043714
0.00000043284
0.00000042574
0.00000044828
0.00000044362
0.00000043416
0.00000043106
0.00000042730
0.00000041874
0.00000043811
0.00000042688
0.00000042567
0.00000042554
0.00000044252
0.00000044094
0.00000043897
0.00000043420
0.00000043472
0.00000043405
0.00000042943
0.00000042792
0.00000042253
0.00000042122
0.00000042052
0.00000042105
0.00000044977
0.00000042455
0.00000042841
0.00000042883
0.00000043947
0.00000045092
0.00000043628
0.00000044857
0.00000043475
0.00000044485
0.00000043754
0.00000042661
0.00000044422
0.00000043165
0.00000042771
0.00000042346
0.00000044120
0.00000043723
0.00000043224
0.00000042461
0.00000041922
0.00000043341
0.00000042839
0.00000042545
0.00000044480
0.00000044471
0.00000043931
0.00000043268
0.00000042130
0.00000041591
0.00000043233
0.00000042241
0.00000044153
0.00000042782
0.00000041513
0.00000042894
0.00000042176
0.00000043050
0.00000041452
0.00000042209
0.00000043210
0.00000042192
0.00000043331
0.00000042308
0.00000043747
0.00000042276
0.00000043019
0.00000041353
0.00000042077
0.00000043118
0.00000044098
0.00000042602
0.00000044302
0.00000042486
0.00000043276
0.00000041223
0.00000041405
0.00000042251
0.00000042639
0.00000043125
0.00000043731
0.00000041093
0.00000041028
0.00000041142
0.00000041931
0.00000042672
0.00000042842
0.00000043476
0.00000043382
0.00000043505
0.00000043067
0.00000043172
0.00000043020
0.00000042553
0.00000042627
0.00000042130
0.00000042021
0.00000041705
0.00000040971
0.00000043302
0.00000043001
0.00000042455
0.00000042801
0.00000043152
0.00000042872
0.00000042734
0.00000042036
0.00000041544
0.00000040768
0.00000042729
0.00000041944
0.00000043293
0.00000042311
0.00000043336
0.00000042200
0.00000043051
0.00000041473
0.00000042672
0.00000043422
0.00000040971
0.00000041792
0.00000042593
0.00000043890
0.00000042225
0.00000042997
0.00000043427
0.00000041201
0.00000041293
0.00000041993
0.00000042446
0.00000043184
0.00000044132
0.00000044686
0.00000043060
0.00000043276
0.00000043965
0.00000041489
0.00000042532
0.00000043016
0.00000043873
0.00000041611
0.00000042336
0.00000042147
0.00000041677
0.00000041902
0.00000041798
0.00000042093
0.00000042050
0.00000041966
0.00000041419
0.00000040698
0.00000042436
0.00000041521
0.00000043567
0.00000042882
0.00000042162
0.00000044495
0.00000043915
0.00000042780
0.00000041947
0.00000043715
0.00000042890
0.00000041619
0.00000043403
0.00000042563
0.00000041765
0.00000042940
0.00000041980
0.00000042845
0.00000041668
0.00000042770
0.00000040458
0.00000040917
0.00000040927
0.00000041516
0.00000041590
0.00000042111
0.00000041931
0.00000042134
0.00000041540
0.00000041262
0.00000040186
0.00000041880
0.00000040260
0.00000041330
0.00000042035
0.00000040488
0.00000040674
0.00000041444
0.00000042015
0.00000041959
0.00000042195
0.00000042452
0.00000042540
0.00000042146
0.00000042707
0.00000043502
0.00000043404
0.00000043652
0.00000043422
0.00000042999
0.00000042535
0.00000042759
0.00000042326
0.00000041843
0.00000042152
0.00000042012
0.00000041498
0.00000041530
0.00000041088
0.00000043123
0.00000043027
0.00000042301
0.00000041970
0.00000040778
0.00000042521
0.00000041262
0.00000042820
0.00000041535
0.00000042861
0.00000041982
0.00000043224
0.00000042212
0.00000043303
0.00000042231
0.00000043338
0.00000042281
0.00000043654
0.00000041999
0.00000043409
0.00000041442
0.00000042285
0.00000042668
0.00000040774
0.00000040806
0.00000040970
0.00000040247
0.00000039412
0.00000041384
0.00000039855
0.00000040858
0.00000041027
0.00000041368
0.00000040863
0.00000040579
0.00000039583
0.00000041511
0.00000041017
0.00000042363
0.00000041538
0.00000042502
0.00000041192
0.00000042032
0.00000043303
0.00000041287
0.00000042203
0.00000042647
0.00000043434
0.00000041572
0.00000041853
0.00000042444
0.00000042546
0.00000042848
0.00000042611
0.00000042362
0.00000042664
0.00000042330
0.00000042469
0.00000042004
0.00000041885
0.00000041140
0.00000043536
0.00000042833
0.00000042356
0.00000041685
0.00000040469
0.00000041930
0.00000041314
0.00000042649
0.00000041256
0.00000042813
0.00000040935
0.00000041421
0.00000042618
0.00000040612
0.00000041548
0.00000041773
0.00000042230
0.00000042026
0.00000042144
0.00000041294
0.00000040333
0.00000042466
0.00000041326
0.00000043044
0.00000042847
0.00000041872
0.00000043880
0.00000042970
0.00000042675
0.00000041687
0.00000043395
0.00000042058
0.00000041412
0.00000042672
0.00000041236
0.00000042604
0.00000041109
0.00000042080
0.00000043709
0.00000042344
0.00000044152
0.00000042916
0.00000042006
0.00000042797
0.00000040648
0.00000041601
0.00000042433
0.00000043694
0.00000041628
0.00000042198
0.00000042024
0.00000042215
0.00000041965
0.00000041527
0.00000041687
0.00000041125
0.00000043598
0.00000042958
0.00000042514
0.00000041716
0.00000041342
0.00000043441
0.00000042839
0.00000043039
0.00000042604
0.00000042589
0.00000042122
0.00000042305
0.00000041963
0.00000041756
0.00000044625
0.00000044702
0.00000044797
0.00000042928
0.00000043090
0.00000043673
0.00000043651
0.00000040947
0.00000041789
0.00000042192
0.00000043049
0.00000044160
0.00000044860
0.00000043474
0.00000044198
0.00000042691
0.00000043066
0.00000040442
0.00000040393
0.00000040763
0.00000040556
0.00000043884
0.00000044324
0.00000041528
0.00000041468
0.00000041731
0.00000041561
0.00000041970
0.00000042493
0.00000043042
0.00000043503
0.00000043164
0.00000043861
0.00000041344
0.00000041802
0.00000041861
0.00000042408
0.00000042746
0.00000042390
0.00000042234
0.00000041817
0.00000041923
0.00000041379
0.00000041272
0.00000043802
0.00000043332
0.00000043275
0.00000042360
0.00000041891
0.00000041714
0.00000040867
0.00000042564
0.00000042237
0.00000041396
0.00000043424
0.00000042718
0.00000041384
0.00000042824
0.00000041105
0.00000042050
0.00000041056
0.00000041890
0.00000043204
0.00000041147
0.00000042118
0.00000042562
0.00000043111
0.00000040342
0.00000040526
0.00000039960
0.00000041691
0.00000041374
0.00000040957
0.00000042664
0.00000041720
0.00000043706
0.00000042516
0.00000041029
0.00000042597
0.00000040834
0.00000042003
0.00000042875
0.00000040376
0.00000041327
0.00000042087
0.00000042814
0.00000043914
0.00000042275
0.00000043480
0.00000042003
0.00000042775
0.00000043718
0.00000042144
0.00000042591
0.00000040813
0.00000041245
0.00000042249
0.00000042586
0.00000042735
0.00000043501
0.00000041034
0.00000041596
0.00000041797
0.00000042751
0.00000043393
0.00000043792
0.00000044309
0.00000041913
0.00000042551
0.00000042682
0.00000042769
0.00000043039
0.00000042675
0.00000042678
0.00000041802
0.00000041252
0.00000040192
0.00000042080
0.00000040734
0.00000042060
0.00000044211
0.00000043158
0.00000042087
0.00000043914
0.00000042379
0.00000041181
0.00000042186
0.00000040852
0.00000041847
0.00000043445
0.00000041762
0.00000042775
0.00000040642
0.00000041289
0.00000042282
0.00000042783
0.00000043616
0.00000041337
0.00000041124
0.00000040961
0.00000040340
0.00000042619
0.00000042018
0.00000041752
0.00000041396
0.00000043049
0.00000042115
0.00000041000
0.00000042996
0.00000041584
0.00000043184
0.00000042116
0.00000043974
0.00000042669
0.00000041414
0.00000042947
0.00000041052
0.00000042439
0.00000043573
0.00000041404
0.00000042260
0.00000042513
0.00000040621
0.00000040843
0.00000041570
0.00000041893
0.00000042475
0.00000042509
0.00000042833
0.00000042442
0.00000042221
0.00000042022
0.00000040937
0.00000042552
0.00000042484
0.00000042116
0.00000044602
0.00000044674
0.00000043972
0.00000043162
0.00000042879
0.00000041763
0.00000041172
0.00000042799
0.00000042074
0.00000040939
0.00000043259
0.00000042210
0.00000044175
0.00000043144
0.00000042372
0.00000041152
0.00000042624
0.00000040876
0.00000041818
0.00000043237
0.00000041393
0.00000042505
0.00000043068
0.00000041586
0.00000041734
0.00000042251
0.00000042258
0.00000042606
0.00000042321
0.00000042768
0.00000042804
0.00000042703
0.00000043161
0.00000042944
0.00000042377
0.00000042284
0.00000041748
0.00000041173
0.00000040999
0.00000043255
0.00000042614
0.00000041863
0.00000041865
0.00000044117
0.00000044302
0.00000044023
0.00000044217
0.00000043934
0.00000044434
0.00000044506
0.00000042618
0.00000042814
0.00000043725
0.00000044433
0.00000043087
0.00000043820
0.00000045013
0.00000043523
0.00000041859
0.00000043159
0.00000041786
0.00000043413
0.00000041805
0.00000042983
0.00000041101
0.00000042614
0.00000043579
0.00000042034
0.00000043424
0.00000042418
0.00000043786
0.00000043048
0.00000044296
0.00000043036
0.00000041449
0.00000042196
0.00000043206
0.00000041014
0.00000041775
0.00000042015
0.00000042693
0.00000043040
0.00000043775
0.00000044123
0.00000042466
0.00000043716
0.00000043710
0.00000041472
0.00000041013
0.00000040853
0.00000040605
0.00000042793
0.00000043067
0.00000043286
0.00000043070
0.00000042783
0.00000042865
0.00000042379
0.00000042399
0.00000041666
0.00000041776
0.00000040935
0.00000042971
0.00000041945
0.00000040327
0.00000041657
0.00000042229
0.00000040279
0.00000040966
0.00000041077
0.00000041180
0.00000041820
0.00000042072
0.00000042180
0.00000041801
0.00000041217
0.00000040937
0.00000039817
0.00000041532
0.00000040070
0.00000041648
0.00000042601
0.00000041534
0.00000042516
0.00000041518
0.00000042678
0.00000044170
0.00000042384
0.00000043556
0.00000041348
0.00000042079
0.00000042386
0.00000043183
0.00000040708
0.00000041134
0.00000040942
0.00000040363
0.00000043071
0.00000042371
0.00000042016
0.00000041171
0.00000043152
0.00000042085
0.00000040686
0.00000042341
0.00000040887
0.00000042554
0.00000040920
0.00000042333
0.00000043378
0.00000042033
0.00000042807
0.00000041032
0.00000042216
0.00000042709
0.00000041259
0.00000041976
0.00000042684
0.00000043914
0.00000041786
0.00000042707
0.00000043239
0.00000041426
0.00000041933
0.00000043001
0.00000043635
0.00000042371
0.00000043149
0.00000044376
0.00000042603
0.00000044020
0.00000042187
0.00000043250
0.00000041414
0.00000041907
0.00000042851
0.00000043233
0.00000041646
0.00000041928
0.00000042762
0.00000043200
0.00000041612
0.00000042310
0.00000043598
0.00000044542
0.00000043142
0.00000044086
0.00000041874
0.00000042790
0.00000044184
0.00000042839
0.00000043409
0.00000041750
0.00000042269
0.00000042981
0.00000040370
0.00000040727
0.00000040460
0.00000040439
0.00000042589
0.00000042484
0.00000041821
0.00000041574
0.00000043335
0.00000042709
0.00000041766
0.00000044148
0.00000043319
0.00000042523
0.00000041975
0.00000043336
0.00000042433
0.00000041211
0.00000043003
0.00000041487
0.00000042828
0.00000040914
0.00000041234
0.00000042064
0.00000042617
0.00000042677
0.00000043039
0.00000042789
0.00000042731
0.00000041841
0.00000041673
0.00000041221
0.00000044044
0.00000044165
0.00000044098
0.00000044296
0.00000044635
0.00000042331
0.00000042135
0.00000042736
0.00000042823
0.00000043193
0.00000043560
0.00000043333
0.00000043836
0.00000043850
0.00000041257
0.00000042216
0.00000042715
0.00000044088
0.00000045192
0.00000044254
0.00000045901
0.00000044541
0.00000043507
0.00000043067
0.00000044882
0.00000044606
0.00000044062
0.00000043912
0.00000044320
0.00000043882
0.00000044054
0.00000043837
0.00000044512
0.00000044419
0.00000042472
0.00000043031
0.00000043963
0.00000044430
0.00000042892
0.00000043481
0.00000042084
0.00000042801
0.00000044050
0.00000042369
0.00000043801
0.00000042297
0.00000043274
0.00000042250
0.00000043723
0.00000042534
0.00000044102
0.00000043762
0.00000043113
0.00000042547
0.00000043088
0.00000045820
0.00000044063
0.00000044327
0.00000044985
0.00000043581
0.00000044953
0.00000044234
0.00000043225
0.00000044705
0.00000043673
0.00000041903
0.00000043119
0.00000042316
0.00000044073
0.00000042308
0.00000043316
0.00000042275
0.00000043662
0.00000043060
0.00000044696
0.00000044213
0.00000043568
0.00000042832
0.00000041229
0.00000042505
0.00000041491
0.00000042798
0.00000041728
0.00000042586
0.00000041206
0.00000042837
0.00000041173
0.00000043040
0.00000041715
0.00000043828
0.00000042908
0.00000044493
0.00000044168
0.00000043227
0.00000042437
0.00000042032
0.00000043760
0.00000042863
0.00000042664
0.00000041966
0.00000043946
0.00000043598
0.00000042552
0.00000042221
0.00000043608
0.00000043001
0.00000042037
0.00000041508
0.00000043862
0.00000043226
0.00000043210
0.00000042585
0.00000042473
0.00000042470
0.00000041592
0.00000041106
0.00000043708
0.00000043282
0.00000043095
0.00000042603
0.00000043213
0.00000043221
0.00000043500
0.00000043451
0.00000044116
0.00000042051
0.00000042119
0.00000042397
0.00000043355
0.00000043616
0.00000043678
0.00000041678
0.00000042182
0.00000043580
0.00000044368
0.00000043400
0.00000044797
0.00000043017
0.00000044407
0.00000042904
0.00000041835
0.00000043375
0.00000041933
0.00000043581
0.00000041965
0.00000043652
0.00000042656
0.00000044657
0.00000043695
0.00000042792
0.00000041444
0.00000043358
0.00000042727
0.00000041726
0.00000044036
0.00000044200
0.00000044023
0.00000043662
0.00000043952
0.00000044271
0.00000044571
0.00000042163
0.00000043124
0.00000043471
0.00000044411
0.00000042223
0.00000043036
0.00000043542
0.00000043892
0.00000042103
0.00000042423
0.00000042659
0.00000043722
0.00000041890
0.00000042077
0.00000041951
0.00000042393
0.00000042902
0.00000042795
0.00000042613
0.00000042995
0.00000043529
0.00000043507
0.00000043558
0.00000043988
0.00000043866
0.00000041449
0.00000042287
0.00000043605
0.00000044671
0.00000042518
0.00000043622
0.00000041523
0.00000042587
0.00000043227
0.00000041765
0.00000042988
0.00000043630
0.00000042316
0.00000042823
0.00000041126
0.00000041992
0.00000042691
0.00000042791
0.00000043313
0.00000043270
0.00000041291
0.00000041375
0.00000041407
0.00000041496
0.00000040791
0.00000040404
0.00000042384
0.00000042338
0.00000041815
0.00000041558
0.00000043326
0.00000043268
0.00000043299
0.00000042924
0.00000042481
0.00000042733
0.00000042830
0.00000043647
0.00000044557
0.00000045067
0.00000042564
0.00000042901
0.00000043365
0.00000040812
0.00000041007
0.00000043039
0.00000042104
0.00000041565
0.00000040354
0.00000042446
0.00000041284
0.00000043497
0.00000042366
0.00000043909
0.00000043487
0.00000042832
0.00000042375
0.00000044283
0.00000043600
0.00000043380
0.00000042476
0.00000042037
0.00000043685
0.00000042604
0.00000041762
0.00000040330
0.00000041440
0.00000042945
0.00000041435
0.00000042983
0.00000043959
0.00000042137
0.00000043580
0.00000042048
0.00000043403
0.00000042300
0.00000043046
0.00000040931
0.00000041483
0.00000042754
0.00000043587
0.00000041543
0.00000042494
0.00000042970
0.00000044222
0.00000042385
0.00000043426
0.00000044908
0.00000043160
0.00000043997
0.00000042672
0.00000043541
0.00000042405
0.00000043272
0.00000041891
0.00000042557
0.00000043605
0.00000041515
0.00000042292
0.00000042419
0.00000043339
0.00000043746
0.00000042274
0.00000042821
0.00000043513
0.00000040654
0.00000040518
0.00000039910
0.00000041881
0.00000040140
0.00000041362
0.00000039863
0.00000040076
0.00000040419
0.00000040572
0.00000039767
0.00000042012
0.00000040966
0.00000040297
0.00000042364
0.00000041723
0.00000042904
0.00000041821
0.00000042834
0.00000041684
0.00000042630
0.00000040706
0.00000041789
0.00000042184
0.00000043067
0.00000043881
0.00000042992
0.00000044484
0.00000043838
0.00000042581
0.00000044681
0.00000043878
0.00000043901
0.00000043489
0.00000043227
0.00000043628
0.00000043405
0.00000043221
0.00000043825
0.00000044242
0.00000044616
0.00000042676
0.00000044138
0.00000045549
0.00000044407
0.00000042941
0.00000044650
0.00000043501
0.00000042398
0.00000044113
0.00000043694
0.00000042776
0.00000042356
0.00000043944
0.00000043413
0.00000043064
0.00000042216
0.00000044159
0.00000042475
0.00000041205
0.00000042164
0.00000041004
0.00000042183
0.00000043036
0.00000041793
0.00000043284
0.00000041985
0.00000043158
0.00000041160
0.00000042410
0.00000043738
0.00000041745
0.00000043088
0.00000045046
0.00000044088
0.00000043451
0.00000045130
0.00000044974
0.00000044617
0.00000045177
0.00000045092
0.00000043089
0.00000043380
0.00000044579
0.00000045562
0.00000043489
0.00000044883
0.00000043325
0.00000045112
0.00000043909
0.00000043073
0.00000045669
0.00000045598
0.00000043106
0.00000042709
0.00000042937
0.00000042944
0.00000043285
0.00000044044
0.00000044185
0.00000041834
0.00000041960
0.00000042778
0.00000043030
0.00000043769
0.00000043969
0.00000041757
0.00000043123
0.00000043903
0.00000044879
0.00000044143
0.00000045625
0.00000044662
0.00000044478
0.00000043808
0.00000043623
0.00000043002
0.00000042850
0.00000042339
0.00000042646
0.00000042395
0.00000042852
0.00000043353
0.00000044585
0.00000045417
0.00000043928
0.00000043130
0.00000044686
0.00000044534
0.00000044176
0.00000044299
0.00000043875
0.00000043907
0.00000044441
0.00000044535
0.00000042875
0.00000043659
0.00000044210
0.00000043027
0.00000043976
0.00000043061
0.00000044150
0.00000042567
0.00000043905
0.00000042059
0.00000043284
0.00000041445
0.00000042908
0.00000043859
0.00000042582
0.00000043478
0.00000041915
0.00000043401
0.00000041983
0.00000042959
0.00000042024
0.00000042857
0.00000041792
0.00000042636
0.00000043997
0.00000042291
0.00000043648
0.00000041718
0.00000042753
0.00000041619
0.00000042715
0.00000044187
0.00000042598
0.00000044098
0.00000042684
0.00000044288
0.00000042723
0.00000041941
0.00000043701
0.00000042431
0.00000044620
0.00000044384
0.00000044433
0.00000044269
0.00000044563
0.00000044666
0.00000042280
0.00000041903
0.00000042129
0.00000042432
0.00000042642
0.00000043112
0.00000043313
0.00000043798
0.00000044260
0.00000044255
0.00000042367
0.00000042795
0.00000043054
0.00000043277
0.00000043710
0.00000041421
0.00000041193
0.00000041624
0.00000042097
0.00000042520
0.00000042300
0.00000042426
0.00000042619
0.00000042646
0.00000042103
0.00000042071
0.00000041949
0.00000041498
0.00000040714
0.00000043057
0.00000042690
0.00000042770
0.00000041921
0.00000043497
0.00000043224
0.00000042762
0.00000042475
0.00000044462
0.00000043922
0.00000043175
0.00000043117
0.00000042893
0.00000043144
0.00000042618
0.00000042344
0.00000041572
0.00000040947
0.00000043472
0.00000043112
0.00000043314
0.00000043493
0.00000044074
0.00000044384
0.00000045137
0.00000043468
0.00000043431
0.00000041426
0.00000042168
0.00000043076
0.00000043311
0.00000044122
0.00000042509
0.00000043458
0.00000044045
0.00000041787
0.00000042383
0.00000042920
0.00000043166
0.00000040767
0.00000040506
0.00000043239
0.00000043364
0.00000043216
0.00000043225
0.00000042883
0.00000043181
0.00000043384
0.00000042769
0.00000042743
0.00000042865
0.00000042448
0.00000042337
0.00000041755
0.00000041603
0.00000041474
0.00000044043
0.00000043635
0.00000043858
0.00000044077
0.00000044191
0.00000044432
0.00000043971
0.00000041137
0.00000041086
0.00000043590
0.00000043938
0.00000044006
0.00000044387
0.00000044891
0.00000042755
0.00000043926
0.00000044592
0.00000043338
0.00000044315
0.00000042984
0.00000043677
0.00000042152
0.00000042923
0.00000041101
0.00000041465
0.00000042298
0.00000042455
0.00000042288
0.00000042519
0.00000042101
0.00000042279
0.00000042025
0.00000041398
0.00000040440
0.00000042768
0.00000041989
0.00000041020
0.00000042514
0.00000041376
0.00000042748
0.00000041579
0.00000042858
0.00000041449
0.00000042444
0.00000040898
0.00000041648
0.00000042785
0.00000043922
0.00000042611
0.00000043907
0.00000042685
0.00000044339
0.00000043507
0.00000043235
0.00000045120
0.00000044457
0.00000043535
0.00000042593
0.00000041728
0.00000043863
0.00000043289
0.00000042644
0.00000042490
0.00000041873
0.00000043940
0.00000043475
0.00000043260
0.00000042925
0.00000042592
0.00000042426
0.00000042221
0.00000042187
0.00000042160
0.00000042296
0.00000044916
0.00000042832
0.00000043610
0.00000044533
0.00000043035
0.00000044280
0.00000043361
0.00000045274
0.00000045211
0.00000045479
0.00000046088
0.00000044209
0.00000045035
0.00000043683
0.00000044871
0.00000043382
0.00000044513
0.00000042951
0.00000043705
0.00000041850
0.00000042836
0.00000043272
0.00000041256
0.00000041751
0.00000042102
0.00000042369
0.00000042495
0.00000042414
0.00000042407
0.00000042241
0.00000041902
0.00000041482
0.00000041176
0.00000043119
0.00000042425
0.00000041486
0.00000043031
0.00000041303
0.00000042714
0.00000041195
0.00000041884
0.00000042069
0.00000042723
0.00000040881
0.00000041200
0.00000041646
0.00000042303
0.00000043012
0.00000044044
0.00000046045
0.00000045222
0.00000044229
0.00000043340
0.00000043154
0.00000042635
0.00000044691
0.00000044879
0.00000044757
0.00000044675
0.00000041985
0.00000042607
0.00000042531
0.00000042784
0.00000043655
0.00000044232
0.00000044786
0.00000043155
0.00000043748
0.00000041686
0.00000042414
0.00000043330
0.00000044202
0.00000043126
0.00000044303
0.00000042834
0.00000043877
0.00000042226
0.00000043000
0.00000041475
0.00000042754
0.00000043894
0.00000042300
0.00000043439
0.00000041807
0.00000042460
0.00000042930
0.00000040188
0.00000040779
0.00000041207
0.00000041183
0.00000041814
0.00000042659
0.00000043206
0.00000043209
0.00000043525
0.00000041074
0.00000040998
0.00000040687
0.00000042685
0.00000041456
0.00000040299
0.00000041367
0.00000042205
0.00000040166
0.00000040803
0.00000041771
0.00000041950
0.00000041915
0.00000042161
0.00000041718
0.00000041210
0.00000040976
0.00000042573
0.00000042172
0.00000041804
0.00000043829
0.00000043433
0.00000042970
0.00000042709
0.00000042470
0.00000041778
0.00000044267
0.00000044310
0.00000044677
0.00000044836
0.00000042345
0.00000041951
0.00000042385
0.00000042402
0.00000042442
0.00000041924
0.00000042279
0.00000042177
0.00000041677
0.00000041945
0.00000041791
0.00000041751
0.00000044918
0.00000043019
0.00000043629
0.00000044188
0.00000041976
0.00000042275
0.00000043249
0.00000043937
0.00000044871
0.00000043351
0.00000044596
0.00000042960
0.00000043899
0.00000042703
0.00000043467
0.00000042077
0.00000043078
0.00000041543
0.00000043070
0.00000043795
0.00000041568
0.00000042637
0.00000040640
0.00000041100
0.00000041539
0.00000042252
0.00000042680
0.00000042956
0.00000043933
0.00000044164
0.00000041866
0.00000042169
0.00000042511
0.00000043409
0.00000043693
0.00000041737
0.00000042854
0.00000044376
0.00000045441
0.00000044436
0.00000043654
0.00000042367
0.00000043603
0.00000042908
0.00000044106
0.00000043434
0.00000042250
0.00000043915
0.00000043579
0.00000042853
0.00000041477
0.00000042726
0.00000041910
0.00000043381
0.00000043032
0.00000042978
0.00000044879
0.00000044614
0.00000044833
0.00000044373
0.00000043621
0.00000043214
0.00000042465
0.00000041808
0.00000041478
0.00000043533
0.00000043296
0.00000043259
0.00000042767
0.00000042890
0.00000042543
0.00000042086
0.00000042029
0.00000041488
0.00000041391
0.00000044100
0.00000043640
0.00000043126
0.00000042346
0.00000042270
0.00000041600
0.00000044020
0.00000043103
0.00000042595
0.00000042164
0.00000041302
0.00000043520
0.00000042289
0.00000041470
0.00000042635
0.00000041914
0.00000043660
0.00000043153
0.00000041891
0.00000043035
0.00000041902
0.00000043148
0.00000041759
0.00000043440
0.00000042352
0.00000044067
0.00000042581
0.00000041235
0.00000042768
0.00000042409
0.00000044074
0.00000043466
0.00000042747
0.00000042560
0.00000044321
0.00000043412
0.00000043200
0.00000042483
0.00000041769
0.00000043952
0.00000043613
0.00000044109
0.00000044448
0.00000044789
0.00000045899
0.00000044052
0.00000044789
0.00000043078
0.00000043785
0.00000042281
0.00000043606
0.00000042665
0.00000044154
0.00000042688
0.00000041025
0.00000042235
0.00000043421
0.00000041908
0.00000042994
0.00000044221
0.00000043195
0.00000044599
0.00000043500
0.00000041659
0.00000042930
0.00000041568
0.00000042950
0.00000041802
0.00000043296
0.00000042357
0.00000043897
0.00000043028
0.00000042240
0.00000044242
0.00000043450
0.00000042731
0.00000042149
0.00000044002
0.00000043200
0.00000042496
0.00000042146
0.00000044880
0.00000044425
0.00000043787
0.00000043222
0.00000043221
0.00000042690
0.00000042764
0.00000042607
0.00000042360
0.00000042612
0.00000043489
0.00000043814
0.00000044388
0.00000044774
0.00000042880
0.00000043635
0.00000044518
0.00000042599
0.00000043613
0.00000042006
0.00000042381
0.00000043097
0.00000043981
0.00000041879
0.00000042980
0.00000043591
0.00000041819
0.00000042164
0.00000042739
0.00000043846
0.00000041912
0.00000042526
0.00000043023
0.00000044120
0.00000042658
0.00000043512
0.00000044422
0.00000042999
0.00000044060
0.00000042679
0.00000044008
0.00000043088
0.00000044439
0.00000042947
0.00000041623
0.00000043053
0.00000041836
0.00000043974
0.00000043010
0.00000044905
0.00000044696
0.00000043811
0.00000043132
0.00000042229
0.00000041445
0.00000043747
0.00000042555
0.00000041087
0.00000042479
0.00000040684
0.00000041421
0.00000042677
0.00000040647
0.00000041690
0.00000042164
0.00000043089
0.00000043439
0.00000040959
0.00000040877
0.00000040293
0.00000040453
0.00000042900
0.00000042513
0.00000041358
0.00000040744
0.00000042767
0.00000041980
0.00000040993
0.00000042079
0.00000040533
0.00000040973
0.00000041526
0.00000042001
0.00000042372
0.00000042545
0.00000042778
0.00000043102
0.00000043434
0.00000043682
0.00000043023
0.00000042804
0.00000041807
0.00000041163
0.00000040142
0.00000041108
0.00000042563
0.00000040808
0.00000042212
0.00000043199
0.00000041803
0.00000042617
0.00000043389
0.00000041297
0.00000041840
0.00000042396
0.00000042645
0.00000042152
0.00000041373
0.00000040324
0.00000039372
0.00000041125
0.00000042601
0.00000041158
0.00000041834
0.00000041619
0.00000039100
0.00000041484
0.00000040500
0.00000038255
0.00000038669
0.00000038632
0.00000038288
0.00000039695
0.00000041596
0.00000039997
0.00000041213
0.00000042504
0.00000040388
0.00000040967
0.00000040944
0.00000041378
0.00000041346
0.00000041843
0.00000041570
0.00000041367
0.00000040702
0.00000042601
0.00000042273
0.00000041247
0.00000043154
0.00000042300
0.00000041984
0.00000044219
0.00000043382
0.00000043129
0.00000043069
0.00000043092
0.00000043047
0.00000043131
0.00000042859
0.00000042499
0.00000041788
0.00000041833
0.00000041295
0.00000043941
0.00000044316
0.00000044058
0.00000044040
0.00000044085
0.00000043542
0.00000043533
0.00000043082
0.00000042511
0.00000042074
0.00000041262
0.00000042591
0.00000041226
0.00000042755
0.00000041146
0.00000042380
0.00000043674
0.00000042367
0.00000043449
0.00000041862
0.00000042898
0.00000041349
0.00000042476
0.00000043385
0.00000040950
0.00000041558
0.00000041896
0.00000042159
0.00000042430
0.00000042670
0.00000042733
0.00000042558
0.00000042504
0.00000042418
0.00000042083
0.00000042491
0.00000043260
0.00000043665
0.00000044059
0.00000042486
0.00000043119
0.00000044062
0.00000042716
0.00000044074
0.00000041973
0.00000043106
0.00000041626
0.00000042345
0.00000043607
0.00000042348
0.00000043793
0.00000042412
0.00000044039
0.00000043051
0.00000041483
0.00000042865
0.00000041131
0.00000042651
0.00000044157
0.00000042188
0.00000043217
0.00000041250
0.00000042211
0.00000042630
0.00000043126
0.00000040532
0.00000040920
0.00000041365
0.00000041405
0.00000041292
0.00000041121
0.00000040747
0.00000040405
0.00000042868
0.00000042056
0.00000041189
0.00000043725
0.00000043159
0.00000043102
0.00000043168
0.00000043763
0.00000044473
0.00000045506
0.00000044205
0.00000045247
0.00000044332
0.00000043588
0.00000042914
0.00000044978
0.00000044414
0.00000044026
0.00000043468
0.00000043027
0.00000042920
0.00000042849
0.00000043081
0.00000043301
0.00000043622
0.00000044113
0.00000044174
0.00000044199
0.00000041310
0.00000040723
0.00000043385
0.00000043536
0.00000043425
0.00000043131
0.00000043376
0.00000043745
0.00000043976
0.00000044209
0.00000044744
0.00000042193
0.00000043056
0.00000043444
0.00000043792
0.00000042059
0.00000042308
0.00000043281
0.00000043967
0.00000042120
0.00000042765
0.00000043624
0.00000041812
0.00000042838
0.00000043765
0.00000041575
0.00000042364
0.00000043020
0.00000043079
0.00000040970
0.00000041245
0.00000041190
0.00000041763
0.00000041637
0.00000042282
0.00000042810
0.00000043466
0.00000043439
0.00000041154
0.00000041524
0.00000041069
0.00000041187
0.00000041376
0.00000041604
0.00000041954
0.00000042311
0.00000042731
0.00000043650
0.00000044646
0.00000043396
0.00000044042
0.00000042861
0.00000043649
0.00000042356
0.00000043053
0.00000044561
0.00000043389
0.00000044840
0.00000043716
0.00000042847
0.00000044788
0.00000044533
0.00000044058
0.00000043592
0.00000043296
0.00000042358
0.00000042108
0.00000042107
0.00000044122
0.00000043757
0.00000042544
0.00000041444
0.00000040260
0.00000041013
0.00000041848
0.00000039297
0.00000042202
0.00000042407
0.00000042285
0.00000042103
0.00000041755
0.00000041427
0.00000041228
0.00000043691
0.00000043260
0.00000042982
0.00000042264
0.00000042278
0.00000042129
0.00000042082
0.00000041908
0.00000041746
0.00000040974
0.00000043284
0.00000043255
0.00000043700
0.00000043752
0.00000044235
0.00000044972
0.00000042721
0.00000044034
0.00000044640
0.00000043375
0.00000044304
0.00000043234
0.00000044233
0.00000042871
0.00000043717
0.00000042865
0.00000044266
0.00000043222
0.00000042719
0.00000044562
0.00000043631
0.00000042789
0.00000042068
0.00000044214
0.00000043817
0.00000043969
0.00000043672
0.00000043510
0.00000042983
0.00000042744
0.00000041834
0.00000040627
0.00000042174
0.00000041747
0.00000043757
0.00000042788
0.00000041999
0.00000043818
0.00000043824
0.00000043181
0.00000043161
0.00000042944
0.00000043385
0.00000043624
0.00000044279
0.00000044166
0.00000041469
0.00000041735
0.00000041657
0.00000042039
0.00000042737
0.00000043458
0.00000043674
0.00000044315
0.00000042449
0.00000043403
0.00000044973
0.00000043244
0.00000043937
0.00000042505
0.00000043202
0.00000041723
0.00000042902
0.00000043551
0.00000041952
0.00000043380
0.00000044234
0.00000043195
0.00000045030
0.00000044372
0.00000044018
0.00000043682
0.00000042969
0.00000042881
0.00000042928
0.00000043146
0.00000042951
0.00000043389
0.00000044063
0.00000044255
0.00000042543
0.00000043712
0.00000045013
0.00000044006
0.00000045567
0.00000045048
0.00000044666
0.00000043873
0.00000043744
0.00000043901
0.00000043794
0.00000043917
0.00000043925
0.00000044412
0.00000044701
0.00000041971
0.00000042509
0.00000043894
0.00000044806
0.00000042345
0.00000043133
0.00000043961
0.00000041982
0.00000043084
0.00000044120
0.00000042264
0.00000043779
0.00000042266
0.00000043255
0.00000042428
0.00000043563
0.00000042341
0.00000044064
0.00000043190
0.00000042682
0.00000044550
0.00000043958
0.00000043377
0.00000042636
0.00000041478
0.00000043443
0.00000042414
0.00000041503
0.00000043156
0.00000042160
0.00000043113
0.00000042014
0.00000043371
0.00000042268
0.00000043754
0.00000042560
0.00000043763
0.00000041944
0.00000043191
0.00000041807
0.00000042846
0.00000041487
0.00000042279
0.00000043056
0.00000041278
0.00000042243
0.00000042232
0.00000042825
0.00000043585
0.00000041695
0.00000042556
0.00000043425
0.00000044454
0.00000042869
0.00000043698
0.00000041952
0.00000042651
0.00000043736
0.00000041893
0.00000043505
0.00000045216
0.00000044561
0.00000043606
0.00000042099
0.00000043766
0.00000042233
0.00000041153
0.00000042098
0.00000043412
0.00000042001
0.00000043220
0.00000042617
0.00000043955
0.00000043152
0.00000044115
0.00000042807
0.00000041189
0.00000042781
0.00000041650
0.00000043044
0.00000045432
0.00000044477
0.00000043163
0.00000042465
0.00000042185
0.00000044074
0.00000043434
0.00000043571
0.00000043056
0.00000043329
0.00000042915
0.00000042788
0.00000042511
0.00000042312
0.00000042121
0.00000041753
0.00000041379
0.00000043754
0.00000043019
0.00000043064
0.00000042776
0.00000042218
0.00000041978
0.00000041407
0.00000043415
0.00000042907
0.00000041894
0.00000040886
0.00000042637
0.00000041940
0.00000043819
0.00000042673
0.00000041147
0.00000041900
0.00000040292
0.00000040875
0.00000042013
0.00000043105
0.00000041732
0.00000042686
0.00000044031
0.00000042386
0.00000043764
0.00000041984
0.00000042854
0.00000041509
0.00000042364
0.00000043092
0.00000041948
0.00000043228
0.00000044108
0.00000043245
0.00000044430
0.00000043480
0.00000042686
0.00000044128
0.00000042446
0.00000041488
0.00000043259
0.00000041635
0.00000043479
0.00000042754
0.00000044700
0.00000044179
0.00000043332
0.00000042500
0.00000041473
0.00000042777
0.00000041241
0.00000041643
0.00000039950
0.00000040313
0.00000040578
0.00000040065
0.00000042864
0.00000042546
0.00000042516
0.00000042481
0.00000042041
0.00000042316
0.00000041935
0.00000042295
0.00000042040
0.00000042157
0.00000042161
0.00000042228
0.00000042273
0.00000042336
0.00000042542
0.00000042748
0.00000042999
0.00000043149
0.00000043260
0.00000042587
0.00000042795
0.00000043057
0.00000043340
0.00000043614
0.00000043504
0.00000043338
0.00000043384
0.00000044033
0.00000044257
0.00000044461
0.00000041888
0.00000041727
0.00000041544
0.00000042085
0.00000041803
0.00000041540
0.00000041664
0.00000042129
0.00000042546
0.00000043469
0.00000043916
0.00000044735
0.00000042367
0.00000042640
0.00000043337
0.00000043556
0.00000043817
0.00000041661
0.00000042338
0.00000042892
0.00000043435
0.00000044459
0.00000042543
0.00000043027
0.00000043404
0.00000040827
0.00000041238
0.00000041050
0.00000041087
0.00000043617
0.00000043489
0.00000043383
0.00000043033
0.00000042595
0.00000042231
0.00000041768
0.00000041025
0.00000042638
0.00000041790
0.00000040938
0.00000042677
0.00000041617
0.00000043330
0.00000042705
0.00000041479
0.00000042803
0.00000041930
0.00000043334
0.00000041379
0.00000041643
0.00000042121
0.00000040390
0.00000043652
0.00000043476
0.00000040844
0.00000040090
0.00000039704
0.00000041919
0.00000041319
0.00000042829
0.00000041070
0.00000039749
0.00000040984
0.00000042353
0.00000043781
0.00000041974
0.00000043036
0.00000040875
0.00000041666
0.00000042221
0.00000042321
0.00000043128
0.00000043199
0.00000043115
0.00000043752
0.00000040845
0.00000040551
0.00000043516
0.00000043279
0.00000043075
0.00000043546
0.00000043399
0.00000043377
0.00000043245
0.00000042805
0.00000042183
0.00000041515
0.00000040467
0.00000042859
0.00000042317
0.00000041469
0.00000043683
0.00000043160
0.00000042223
0.00000041639
0.00000043756
0.00000043051
0.00000042532
0.00000041981
0.00000043436
0.00000042742
0.00000041434
0.00000043106
0.00000042264
0.00000043474
0.00000042498
0.00000043755
0.00000043046
0.00000041438
0.00000042202
0.00000040949
0.00000041682
0.00000042532
0.00000041227
0.00000041927
0.00000043081
0.00000043452
0.00000041120
0.00000041764
0.00000041893
0.00000041549
0.00000041712
0.00000041094
0.00000040422
0.00000042435
0.00000042352
0.00000041280
0.00000043289
0.00000042332
0.00000041411
0.00000043425
0.00000042923
0.00000041814
0.00000044074
0.00000043216
0.00000043042
0.00000042030
0.00000044050
0.00000042788
0.00000042177
0.00000041319
0.00000042501
0.00000041823
0.00000043312
0.00000042709
0.00000041940
0.00000043815
0.00000042738
0.00000042497
0.00000044671
0.00000044198
0.00000043430
0.00000043024
0.00000042365
0.00000041485
0.00000042933
0.00000041325
0.00000043162
0.00000042618
0.00000044593
0.00000044074
0.00000043449
0.00000042719
0.00000042077
0.00000041414
0.00000043237
0.00000042691
0.00000042158
0.00000044152
0.00000043495
0.00000042665
0.00000041614
0.00000043355
0.00000042789
0.00000041414
0.00000042763
0.00000041379
0.00000042542
0.00000040630
0.00000041172
0.00000041760
0.00000041838
0.00000042548
0.00000043338
0.00000043945
0.00000041185
0.00000041632
0.00000042144
0.00000042277
0.00000042587
0.00000042835
0.00000042436
0.00000042718
0.00000042925
0.00000042297
0.00000042059
0.00000041367
0.00000041120
0.00000043678
0.00000042919
0.00000042294
0.00000040847
0.00000042119
0.00000040269
0.00000041701
0.00000042492
0.00000040842
0.00000041604
0.00000042214
0.00000042545
0.00000043219
0.00000041367
0.00000041678
0.00000042512
0.00000042634
0.00000043393
0.00000044259
0.00000042191
0.00000043569
0.00000044874
0.00000044066
0.00000045206
0.00000044344
0.00000042981
0.00000042272
0.00000043680
0.00000042908
0.00000043089
0.00000045455
0.00000045271
0.00000043154
0.00000042925
0.00000042914
0.00000042946
0.00000043377
0.00000043337
0.00000043247
0.00000043328
0.00000043634
0.00000044614
0.00000045285
0.00000043525
0.00000044528
0.00000043417
0.00000044241
0.00000042350
0.00000042772
0.00000040203
0.00000040509
0.00000041168
0.00000041126
0.00000040822
0.00000040609
0.00000043522
0.00000043192
0.00000043088
0.00000043206
0.00000043785
0.00000044202
0.00000044823
0.00000042771
0.00000043286
0.00000044356
0.00000042566
0.00000042898
0.00000043499
0.00000041300
0.00000042516
0.00000043224
0.00000044399
0.00000042714
0.00000044407
0.00000042916
0.00000044638
0.00000043552
0.00000042265
0.00000043899
0.00000042676
0.00000042075
0.00000043546
0.00000043087
0.00000042189
0.00000044420
0.00000043742
0.00000043835
0.00000043261
0.00000043402
0.00000042993
0.00000042688
0.00000042902
