# 
# TAPR TICC Timestamping Counter
# Copyright 2016-2025 N8UR, K9TRV, NH6Z, WA8YWQ
# 
#####################
# TICC Configuration: 
# Software Version: 20251030.1 (RELEASE)
# EEPROM Version: 12, Board Version: D
# Board Serial Number: 606E9B78
# Measurement Mode: Time Interval A->B
# Timestamp Wrap: 0 (no wrap)
# Output Decimal Places: 11
# SyncMode: P
# Serial Baud Rate: 115200
# Channel Names: A/B
# Poll Character: none
# Clock Speed: 10.000000 MHz
# Coarse tick: 100.000000 usec
# Cal Periods: 20
# PropDelay: 0 (ch0), 0 (ch1)
# Timeout: 0x05
# Time Dilation: 2500 (ch0), 2500 (ch1)
# FIXED_TIME2: 0 (ch0), 0 (ch1)
# FUDGE0: 0 (ch0), 0 (ch1)
#####################
# 
# Type any character for config menu
# ............................
# 
# time interval A->B (seconds with 11 decimal places)
-1.99999941041
-1.99999941238
-1.99999940949
-1.99999941470
-1.99999941521
-1.99999941979
-1.99999941240
-1.99999941030
-1.99999941257
-1.99999942022
-1.99999941736
-1.99999941115
-1.99999941281
-1.99999940878
-1.99999940282
-1.99999941004
-1.99999941367
-1.99999940861
-1.99999941098
-1.99999941175
-1.99999941252
-1.99999941550
-1.99999941444
-1.99999941092
-1.99999940818
-1.99999941509
-1.99999941429
-1.99999941083
-1.99999941634
-1.99999941374
-1.99999941128
-1.99999941005
-1.99999940943
-1.99999940845
-1.99999941298
-1.99999941234
-1.99999940916
-1.99999940588
-1.99999940571
-1.99999940789
-1.99999941313
-1.99999940699
-1.99999941237
-1.99999941762
-1.99999941137
-1.99999940853
-1.99999941230
-1.99999941563
-1.99999941586
-1.99999941212
-1.99999941089
-1.99999941037
-1.99999940999
-1.99999940887
-1.99999940381
-1.99999941057
-1.99999941805
-1.99999941563
-1.99999942174
-1.99999942136
-1.99999940228
-1.99999940773
-1.99999942001
-1.99999941823
-1.99999941636
-1.99999941105
-1.99999940436
-1.99999939957
-1.99999940500
-1.99999941179
-1.99999940991
-1.99999940262
-1.99999940657
-1.99999941642
-1.99999941711
-1.99999941175
-1.99999940820
-1.99999941459
-1.99999941397
-1.99999940962
-1.99999941289
-1.99999941038
-1.99999940778
-1.99999941737
-1.99999941340
-1.99999941270
-1.99999940852
-1.99999941204
-1.99999940832
-1.99999940194
-1.99999940443
-1.99999941838
-1.99999943029
-1.99999942729
-1.99999942092
-1.99999941125
-1.99999941067
-1.99999940950
-1.99999940551
-1.99999941156
-1.99999940667
-1.99999940061
-1.99999940772
-1.99999941376
-1.99999942505
-1.99999942950
-1.99999942590
-1.99999941848
-1.99999942028
-1.99999941437
-1.99999941763
-1.99999941013
-1.99999940822
-1.99999941480
-1.99999941827
-1.99999941360
-1.99999941090
-1.99999940696
-1.99999940598
-1.99999941882
-1.99999941674
-1.99999940882
-1.99999940959
-1.99999940578
-1.99999940207
-1.99999940487
-1.99999941636
-1.99999941378
-1.99999941196
-1.99999941112
-1.99999941514
-1.99999941449
-1.99999940788
-1.99999940408
-1.99999940698
-1.99999941446
-1.99999941969
-1.99999942123
-1.99999941245
-1.99999940910
-1.99999940744
-1.99999941096
-1.99999941116
-1.99999940473
-1.99999940294
-1.99999941181
-1.99999941176
-1.99999940187
-1.99999940459
-1.99999941325
-1.99999942475
-1.99999942575
-1.99999942735
-1.99999941557
-1.99999940731
-1.99999940993
-1.99999940965
-1.99999940772
-1.99999940768
-1.99999940736
-1.99999941469
-1.99999940652
-1.99999941143
-1.99999941943
-1.99999941168
-1.99999941339
-1.99999941747
-1.99999942217
-1.99999941899
-1.99999942734
-1.99999942243
-1.99999941432
-1.99999941167
-1.99999940658
-1.99999940736
-1.99999940984
-1.99999940811
-1.99999941361
-1.99999941060
-1.99999941120
-1.99999940958
-1.99999941694
-1.99999941717
-1.99999941472
-1.99999941367
-1.99999941379
-1.99999941460
-1.99999941386
-1.99999940879
-1.99999941040
-1.99999941183
-1.99999940941
-1.99999941116
-1.99999941334
-1.99999941335
-1.99999940737
-1.99999940791
-1.99999941765
-1.99999941885
-1.99999941371
-1.99999940925
-1.99999940110
-1.99999940473
-1.99999942556
-1.99999943001
-1.99999942043
-1.99999940960
-1.99999941350
-1.99999942052
-1.99999942123
-1.99999941115
-1.99999940623
-1.99999940724
-1.99999941224
-1.99999940985
-1.99999940622
-1.99999940611
-1.99999940889
-1.99999940975
-1.99999940857
-1.99999940556
-1.99999941218
-1.99999940883
-1.99999940703
-1.99999941087
-1.99999941905
-1.99999940987
-1.99999940278
-1.99999941011
-1.99999941128
-1.99999940845
-1.99999941048
-1.99999941411
-1.99999941767
-1.99999941402
-1.99999940937
-1.99999941301
-1.99999940919
-1.99999941824
-1.99999942154
-1.99999941444
-1.99999940670
-1.99999940563
-1.99999941167
-1.99999941391
-1.99999941634
-1.99999941167
-1.99999941333
-1.99999941238
-1.99999941044
-1.99999941309
-1.99999941829
-1.99999942150
-1.99999942015
-1.99999941770
-1.99999940685
-1.99999940327
-1.99999940773
-1.99999941193
-1.99999940737
-1.99999940927
-1.99999941530
-1.99999941668
-1.99999941648
-1.99999940821
-1.99999940832
-1.99999940436
-1.99999941188
-1.99999941573
-1.99999941843
-1.99999941331
-1.99999940966
-1.99999941378
-1.99999941342
-1.99999941273
-1.99999941082
-1.99999940875
-1.99999941341
-1.99999941633
-1.99999941448
-1.99999940994
-1.99999940953
-1.99999940945
-1.99999941411
-1.99999941921
-1.99999941192
-1.99999940677
-1.99999940820
-1.99999941617
-1.99999941774
-1.99999942059
-1.99999941741
-1.99999941087
-1.99999941209
-1.99999940807
-1.99999940748
-1.99999941356
-1.99999942338
-1.99999942058
-1.99999942390
-1.99999941935
-1.99999941547
-1.99999941178
-1.99999941465
-1.99999941456
-1.99999941159
-1.99999941254
-1.99999941669
-1.99999941495
-1.99999941324
-1.99999941109
-1.99999940786
-1.99999940799
-1.99999940955
-1.99999941968
-1.99999941758
-1.99999941205
-1.99999941252
-1.99999941333
-1.99999941646
-1.99999941087
-1.99999941325
-1.99999940838
-1.99999940336
-1.99999940239
-1.99999941742
-1.99999943074
-1.99999942657
-1.99999942252
-1.99999941288
-1.99999941093
-1.99999941521
-1.99999941394
-1.99999941800
-1.99999941143
-1.99999941092
-1.99999941578
-1.99999941648
-1.99999941040
-1.99999941302
-1.99999941449
-1.99999941188
-1.99999941486
-1.99999941246
-1.99999940874
-1.99999940479
-1.99999940673
-1.99999941595
-1.99999941355
-1.99999940955
-1.99999940725
-1.99999941026
-1.99999940873
-1.99999940624
-1.99999940767
-1.99999941374
-1.99999942042
-1.99999942443
-1.99999942438
-1.99999941670
-1.99999941257
-1.99999940881
-1.99999940878
-1.99999941577
-1.99999942365
-1.99999941640
-1.99999940997
-1.99999940781
-1.99999940705
-1.99999940559
-1.99999940603
-1.99999941217
-1.99999941530
-1.99999941206
-1.99999940556
-1.99999941328
-1.99999941974
-1.99999942361
-1.99999942717
-1.99999942252
-1.99999941491
-1.99999941152
-1.99999940921
-1.99999941927
-1.99999941498
-1.99999940898
-1.99999940852
-1.99999940659
-1.99999941489
-1.99999941844
-1.99999941522
-1.99999941649
-1.99999941598
-1.99999941281
-1.99999941052
-1.99999940929
-1.99999941480
-1.99999940968
-1.99999940906
-1.99999941356
-1.99999942062
-1.99999941655
-1.99999940678
-1.99999941015
-1.99999940971
-1.99999940618
-1.99999941436
-1.99999941400
-1.99999941404
-1.99999941955
-1.99999941353
-1.99999941204
-1.99999942020
-1.99999941740
-1.99999941267
-1.99999940890
-1.99999940614
-1.99999941124
-1.99999941930
-1.99999942313
-1.99999941552
-1.99999941166
-1.99999940881
-1.99999941301
-1.99999941072
-1.99999940326
-1.99999941022
-1.99999941757
-1.99999941924
-1.99999941465
-1.99999940874
-1.99999941127
-1.99999941381
-1.99999940801
-1.99999940728
-1.99999941579
-1.99999942390
-1.99999941679
-1.99999941376
-1.99999941277
-1.99999941052
-1.99999940527
-1.99999940777
-1.99999941304
-1.99999941131
-1.99999940948
-1.99999940777
-1.99999940749
-1.99999940982
-1.99999941317
-1.99999942395
-1.99999942489
-1.99999942317
-1.99999941540
-1.99999941116
-1.99999940940
-1.99999940741
-1.99999941087
-1.99999941046
-1.99999941238
-1.99999941120
-1.99999941164
-1.99999941485
-1.99999941457
-1.99999941939
-1.99999941597
-1.99999940929
-1.99999940563
-1.99999941183
-1.99999941183
-1.99999941222
-1.99999940922
-1.99999941302
-1.99999942071
-1.99999942185
-1.99999942540
-1.99999941471
-1.99999941016
-1.99999940907
-1.99999940850
-1.99999941595
-1.99999941909
-1.99999941547
-1.99999941476
-1.99999941828
-1.99999941263
-1.99999940625
-1.99999940839
-1.99999941484
-1.99999941542
-1.99999940880
-1.99999940445
-1.99999940844
-1.99999942244
-1.99999942478
-1.99999941411
-1.99999940996
-1.99999940895
-1.99999941612
-1.99999941276
-1.99999941054
-1.99999940901
-1.99999941937
-1.99999941793
-1.99999940979
-1.99999940550
-1.99999941552
-1.99999941783
-1.99999941773
-1.99999942279
-1.99999941594
-1.99999940557
-1.99999941279
-1.99999941573
-1.99999941614
-1.99999942183
-1.99999941875
-1.99999941192
-1.99999941592
-1.99999941178
-1.99999941144
-1.99999941664
-1.99999942012
-1.99999941703
-1.99999941106
-1.99999942024
-1.99999941763
-1.99999940824
-1.99999941239
-1.99999940765
-1.99999940850
-1.99999941173
-1.99999941580
-1.99999941384
-1.99999940773
-1.99999940403
-1.99999941112
-1.99999941303
-1.99999941445
-1.99999941746
-1.99999941167
-1.99999941093
-1.99999941165
-1.99999941172
-1.99999941662
-1.99999941591
-1.99999941988
-1.99999940947
-1.99999941455
-1.99999941450
-1.99999941884
-1.99999941047
-1.99999941303
-1.99999941074
-1.99999941664
-1.99999940830
-1.99999941020
-1.99999940955
-1.99999941665
-1.99999942076
-1.99999941078
-1.99999940886
-1.99999940732
-1.99999940978
-1.99999941767
-1.99999941372
-1.99999941393
-1.99999941076
-1.99999941382
-1.99999941640
-1.99999940751
-1.99999941065
-1.99999940605
-1.99999941178
-1.99999941638
-1.99999941736
-1.99999941740
-1.99999941664
-1.99999941522
-1.99999941339
-1.99999940770
-1.99999941774
-1.99999941774
-1.99999942020
-1.99999941878
-1.99999941130
-1.99999941186
-1.99999941435
-1.99999941533
-1.99999940806
-1.99999940224
-1.99999940691
-1.99999941045
-1.99999941798
-1.99999941369
-1.99999941168
-1.99999941463
-1.99999940972
-1.99999939826
-1.99999940086
-1.99999941932
-1.99999942368
-1.99999941805
-1.99999941422
-1.99999942175
-1.99999941305
-1.99999940796
-1.99999941435
-1.99999941511
-1.99999941983
-1.99999941601
-1.99999941098
-1.99999940918
-1.99999940778
-1.99999941516
-1.99999941404
-1.99999940973
-1.99999941436
-1.99999941397
-1.99999941393
-1.99999941945
-1.99999941755
-1.99999941323
-1.99999940964
-1.99999941337
-1.99999941943
-1.99999941830
-1.99999941492
-1.99999941292
-1.99999941724
-1.99999940978
-1.99999940441
-1.99999940657
-1.99999941515
-1.99999942073
-1.99999941640
-1.99999941445
-1.99999941007
-1.99999940798
-1.99999940770
-1.99999941068
-1.99999940678
-1.99999939759
-1.99999940203
-1.99999940961
-1.99999941603
-1.99999942053
-1.99999942226
-1.99999941840
-1.99999942154
-1.99999941321
-1.99999940817
-1.99999941722
-1.99999941714
-1.99999940989
-1.99999941090
-1.99999941093
-1.99999941520
-1.99999941717
-1.99999941667
-1.99999941627
-1.99999941969
-1.99999941564
-1.99999941545
-1.99999940934
-1.99999941513
-1.99999940977
-1.99999940800
-1.99999941537
-1.99999941200
-1.99999940958
-1.99999940793
-1.99999941846
-1.99999941442
-1.99999941286
-1.99999941278
-1.99999941291
-1.99999941349
-1.99999941669
-1.99999941864
-1.99999940877
-1.99999940834
-1.99999941020
-1.99999941255
-1.99999942046
-1.99999942366
-1.99999941690
-1.99999941821
-1.99999941380
-1.99999941324
-1.99999941202
-1.99999941475
-1.99999941519
-1.99999941479
-1.99999940952
-1.99999941554
-1.99999941615
-1.99999941314
-1.99999941888
-1.99999941290
-1.99999940641
-1.99999941329
-1.99999941390
-1.99999941571
-1.99999941248
-1.99999941515
-1.99999941074
-1.99999941065
-1.99999941461
-1.99999941806
-1.99999942134
-1.99999941345
-1.99999941110
-1.99999941163
-1.99999941060
-1.99999941749
-1.99999941303
-1.99999941098
-1.99999940821
-1.99999940439
-1.99999941194
-1.99999941359
-1.99999942019
-1.99999941977
-1.99999940757
-1.99999940728
-1.99999940860
-1.99999941798
-1.99999942397
-1.99999940860
-1.99999940699
-1.99999942357
-1.99999942438
-1.99999941272
-1.99999940783
-1.99999941901
-1.99999941846
-1.99999941173
-1.99999941285
-1.99999940830
-1.99999940796
-1.99999940532
-1.99999940827
-1.99999940830
-1.99999940021
-1.99999940563
-1.99999941889
-1.99999943092
-1.99999942597
-1.99999941642
-1.99999940598
-1.99999939796
-1.99999939461
-1.99999941026
-1.99999942387
-1.99999942404
-1.99999942259
-1.99999941215
-1.99999940323
-1.99999941279
-1.99999941633
-1.99999940897
-1.99999940935
-1.99999940330
-1.99999939567
-1.99999940764
-1.99999941770
-1.99999941766
-1.99999941471
-1.99999940938
-1.99999940394
-1.99999941439
-1.99999941423
-1.99999941677
-1.99999941547
-1.99999941334
-1.99999940962
-1.99999940797
-1.99999941297
-1.99999941364
-1.99999942220
-1.99999942245
-1.99999941618
-1.99999941602
-1.99999940441
-1.99999940761
-1.99999940774
-1.99999941164
-1.99999941057
-1.99999941281
-1.99999941870
-1.99999941063
-1.99999940664
-1.99999941489
-1.99999941182
-1.99999940830
-1.99999941850
-1.99999942490
-1.99999941243
-1.99999940824
-1.99999941101
-1.99999940668
-1.99999940747
-1.99999940922
-1.99999941326
-1.99999941764
-1.99999941573
-1.99999940935
-1.99999941026
-1.99999940497
-1.99999941049
-1.99999940800
-1.99999940196
-1.99999940870
-1.99999941493
-1.99999942295
-1.99999942981
-1.99999942540
-1.99999942030
-1.99999941012
-1.99999940460
-1.99999940177
-1.99999941339
-1.99999942115
-1.99999942201
-1.99999942458
-1.99999941424
-1.99999940675
-1.99999940732
-1.99999940522
-1.99999940580
-1.99999941410
-1.99999941263
-1.99999940237
-1.99999940126
-1.99999941684
-1.99999941454
-1.99999941239
-1.99999941773
-1.99999941131
-1.99999940713
-1.99999941313
-1.99999941436
-1.99999941540
-1.99999941768
-1.99999941350
-1.99999941148
-1.99999940959
-1.99999941178
-1.99999941425
-1.99999941603
-1.99999940628
-1.99999940559
-1.99999941347
-1.99999942189
-1.99999941481
-1.99999941830
-1.99999942307
-1.99999941828
-1.99999940324
-1.99999940557
-1.99999941491
-1.99999943018
-1.99999942213
-1.99999941497
-1.99999940798
-1.99999940521
-1.99999940498
-1.99999940785
-1.99999941112
-1.99999941310
-1.99999941620
-1.99999941631
-1.99999941311
-1.99999940867
-1.99999942071
-1.99999942759
-1.99999941513
-1.99999941668
-1.99999941262
-1.99999941916
-1.99999940929
-1.99999941050
-1.99999941567
-1.99999941952
-1.99999941577
-1.99999941251
-1.99999940503
-1.99999940355
-1.99999941949
-1.99999942666
-1.99999942328
-1.99999941918
-1.99999940922
-1.99999940669
-1.99999940976
-1.99999940787
-1.99999940662
-1.99999940584
-1.99999941389
-1.99999941703
-1.99999941976
-1.99999941455
-1.99999941072
-1.99999941354
-1.99999941022
-1.99999940952
-1.99999941304
-1.99999941449
-1.99999940925
-1.99999941885
-1.99999941319
-1.99999941508
-1.99999941631
-1.99999941420
-1.99999941752
-1.99999941275
-1.99999941591
-1.99999941386
-1.99999941397
-1.99999941502
-1.99999940699
-1.99999940796
-1.99999940811
-1.99999941225
-1.99999942204
-1.99999942029
-1.99999941697
-1.99999940920
-1.99999940143
-1.99999940629
-1.99999941764
-1.99999942684
-1.99999941486
-1.99999940543
-1.99999940159
-1.99999940952
-1.99999941066
-1.99999940614
-1.99999940406
-1.99999941047
-1.99999941234
-1.99999941238
-1.99999941201
-1.99999941643
-1.99999940853
-1.99999941187
-1.99999942003
-1.99999941600
-1.99999940439
-1.99999939849
-1.99999939292
-1.99999940320
-1.99999941647
-1.99999943076
-1.99999942591
-1.99999942071
-1.99999941781
-1.99999940934
-1.99999941089
-1.99999941263
-1.99999941099
-1.99999942035
-1.99999941754
-1.99999940396
-1.99999941687
-1.99999941799
-1.99999941471
-1.99999941145
-1.99999941451
-1.99999941377
-1.99999940946
-1.99999941642
-1.99999941116
-1.99999940799
-1.99999940877
-1.99999940951
-1.99999941322
-1.99999942206
-1.99999941584
-1.99999940691
-1.99999941036
-1.99999941205
-1.99999941521
-1.99999940965
-1.99999940413
-1.99999941001
-1.99999942180
-1.99999942898
-1.99999942272
-1.99999941967
-1.99999941572
-1.99999940923
-1.99999940662
-1.99999941200
-1.99999940593
-1.99999940381
-1.99999940520
-1.99999941963
-1.99999941941
-1.99999941566
-1.99999941485
-1.99999941721
-1.99999941745
-1.99999941345
-1.99999941809
-1.99999941402
-1.99999940024
-1.99999939268
-1.99999940767
-1.99999942915
-1.99999942842
-1.99999942317
-1.99999940911
-1.99999940116
-1.99999940211
-1.99999941100
-1.99999941256
-1.99999941607
-1.99999940943
-1.99999940805
-1.99999939707
-1.99999940581
-1.99999942618
-1.99999942114
-1.99999942034
-1.99999942211
-1.99999941459
-1.99999940967
-1.99999940318
-1.99999940600
-1.99999940518
-1.99999940738
-1.99999940937
-1.99999940753
-1.99999941212
-1.99999941758
-1.99999941337
-1.99999941364
-1.99999941764
-1.99999942154
-1.99999941760
-1.99999942362
-1.99999942319
-1.99999941988
-1.99999941508
-1.99999940337
-1.99999939333
-1.99999940624
-1.99999941644
-1.99999941169
-1.99999940779
-1.99999941246
-1.99999941576
-1.99999942066
-1.99999941678
-1.99999941330
-1.99999941031
-1.99999940043
-1.99999940156
-1.99999940851
-1.99999941515
-1.99999941257
-1.99999941323
-1.99999940905
-1.99999940919
-1.99999942078
-1.99999942099
-1.99999941136
-1.99999940452
-1.99999939779
-1.99999939724
-1.99999940957
-1.99999941807
-1.99999942361
-1.99999941613
-1.99999941182
-1.99999939900
-1.99999940488
-1.99999940966
-1.99999942255
-1.99999942685
-1.99999942197
-1.99999941639
-1.99999941001
-1.99999941582
-1.99999941948
-1.99999941197
-1.99999941000
-1.99999941095
-1.99999941198
-1.99999941744
-1.99999941672
-1.99999940761
-1.99999940709
-1.99999941344
-1.99999941566
-1.99999942008
-1.99999941876
-1.99999941892
-1.99999941546
-1.99999941552
-1.99999941385
-1.99999940879
-1.99999941106
-1.99999941522
-1.99999941298
-1.99999941058
-1.99999941665
-1.99999941328
-1.99999940971
-1.99999940604
-1.99999941270
-1.99999941759
-1.99999940908
-1.99999941335
-1.99999941348
-1.99999941967
-1.99999941507
-1.99999942010
-1.99999941737
-1.99999941579
-1.99999941491
-1.99999941322
-1.99999941052
-1.99999940848
-1.99999941333
-1.99999941265
-1.99999941420
-1.99999940799
-1.99999940887
-1.99999941693
-1.99999941617
-1.99999940774
-1.99999940399
-1.99999941477
-1.99999942141
-1.99999942074
-1.99999942493
-1.99999942051
-1.99999941438
-1.99999940943
-1.99999940353
-1.99999940484
-1.99999940077
-1.99999940335
-1.99999940985
-1.99999941906
-1.99999942121
-1.99999941531
-1.99999941494
-1.99999941552
-1.99999941081
-1.99999940505
-1.99999940623
-1.99999942059
-1.99999941930
-1.99999941043
-1.99999940639
-1.99999941214
-1.99999941298
-1.99999941518
-1.99999941899
-1.99999941815
-1.99999941930
-1.99999941656
-1.99999942183
-1.99999941650
-1.99999941467
-1.99999940929
-1.99999940908
-1.99999941011
-1.99999940793
-1.99999940853
-1.99999939487
-1.99999940024
-1.99999942313
-1.99999943703
-1.99999942871
-1.99999942499
-1.99999941662
-1.99999941557
-1.99999940889
-1.99999940664
-1.99999940618
-1.99999940706
-1.99999939705
-1.99999938643
-1.99999941300
-1.99999943579
-1.99999943171
-1.99999942558
-1.99999941386
-1.99999940169
-1.99999940533
-1.99999940547
-1.99999940879
-1.99999940343
-1.99999940883
-1.99999941217
-1.99999941634
-1.99999941269
-1.99999941760
-1.99999941999
-1.99999942462
-1.99999941536
-1.99999941608
-1.99999941727
-1.99999941845
-1.99999941699
-1.99999941704
-1.99999940756
-1.99999941167
-1.99999941007
-1.99999940763
-1.99999940924
-1.99999941544
-1.99999942396
-1.99999941753
-1.99999940925
-1.99999941166
-1.99999940964
-1.99999941133
-1.99999941325
-1.99999942024
-1.99999942017
-1.99999941389
-1.99999941249
-1.99999941194
-1.99999941389
-1.99999940806
-1.99999941149
-1.99999941780
-1.99999941625
-1.99999941272
-1.99999940885
-1.99999941199
-1.99999940653
-1.99999940318
-1.99999940543
-1.99999941369
-1.99999941418
-1.99999941384
-1.99999941854
-1.99999941726
-1.99999942040
-1.99999941855
-1.99999941980
-1.99999941741
-1.99999941324
-1.99999941496
-1.99999940613
-1.99999940844
-1.99999941921
-1.99999941256
-1.99999940093
-1.99999941075
-1.99999942312
-1.99999942916
-1.99999942393
-1.99999941614
-1.99999940536
-1.99999940608
-1.99999940166
-1.99999940474
-1.99999941105
-1.99999941673
-1.99999943053
-1.99999942353
-1.99999941573
-1.99999941397
-1.99999940927
-1.99999941072
-1.99999941085
-1.99999941318
-1.99999940840
-1.99999940272
-1.99999940290
-1.99999942144
-1.99999943169
-1.99999942820
-1.99999941677
-1.99999941042
-1.99999940521
-1.99999941154
-1.99999941459
-1.99999941747
-1.99999941209
-1.99999940806
-1.99999940162
-1.99999940565
-1.99999940721
-1.99999941558
-1.99999941222
-1.99999940549
-1.99999941174
-1.99999941909
-1.99999942062
-1.99999940875
-1.99999940544
-1.99999940481
-1.99999940787
-1.99999940698
-1.99999941533
-1.99999941607
-1.99999941372
-1.99999941539
-1.99999941699
-1.99999940448
-1.99999940729
-1.99999941572
-1.99999942101
-1.99999941878
-1.99999941604
-1.99999940224
-1.99999940406
-1.99999941365
-1.99999942373
-1.99999942311
-1.99999941517
-1.99999941019
-1.99999941026
-1.99999941570
-1.99999940980
-1.99999940636
-1.99999941055
-1.99999940344
-1.99999940625
-1.99999941793
-1.99999942067
-1.99999942389
-1.99999941475
-1.99999941320
-1.99999940644
-1.99999941171
-1.99999941358
-1.99999941372
-1.99999940900
-1.99999940858
-1.99999940644
-1.99999941208
-1.99999941328
-1.99999941519
-1.99999940870
-1.99999941070
-1.99999941166
-1.99999941393
-1.99999941187
-1.99999941224
-1.99999941162
-1.99999940947
-1.99999941639
-1.99999941564
-1.99999941731
-1.99999941462
-1.99999941037
-1.99999941622
-1.99999941351
-1.99999941593
-1.99999941335
-1.99999941102
-1.99999941635
-1.99999941330
-1.99999940835
-1.99999940412
-1.99999941729
-1.99999942213
-1.99999941890
-1.99999940965
-1.99999940286
-1.99999941026
-1.99999940882
-1.99999941236
-1.99999940702
-1.99999940526
-1.99999941506
-1.99999941328
-1.99999940797
-1.99999941344
-1.99999941033
-1.99999941523
-1.99999941902
-1.99999942252
-1.99999942172
-1.99999942390
-1.99999941809
-1.99999941721
-1.99999941426
-1.99999941561
-1.99999941367
-1.99999941955
-1.99999942116
-1.99999940800
-1.99999940378
-1.99999941390
-1.99999941208
-1.99999942204
-1.99999942413
-1.99999941966
-1.99999940448
-1.99999940469
-1.99999940718
-1.99999941291
-1.99999941149
-1.99999941469
-1.99999941260
-1.99999940699
-1.99999941548
-1.99999942425
-1.99999942803
-1.99999941109
-1.99999939587
-1.99999939393
-1.99999941914
-1.99999944217
-1.99999944169
-1.99999942950
-1.99999940833
-1.99999939411
-1.99999939821
-1.99999939632
-1.99999939335
-1.99999941315
-1.99999942685
-1.99999941914
-1.99999940374
-1.99999939408
-1.99999940836
-1.99999941966
-1.99999942257
-1.99999941703
-1.99999941504
-1.99999942068
-1.99999942249
-1.99999941321
-1.99999940784
-1.99999941262
-1.99999941852
-1.99999941205
-1.99999941281
-1.99999940718
-1.99999940396
-1.99999940020
-1.99999940825
-1.99999941158
-1.99999941214
-1.99999942179
-1.99999942202
-1.99999942132
-1.99999941344
-1.99999940701
-1.99999940257
-1.99999940133
-1.99999940956
-1.99999941746
-1.99999941634
-1.99999941748
-1.99999941102
-1.99999940843
-1.99999941653
-1.99999941564
-1.99999941009
-1.99999940759
-1.99999941913
-1.99999941392
-1.99999940295
-1.99999940818
-1.99999941422
-1.99999941550
-1.99999941875
-1.99999941545
-1.99999941564
-1.99999941243
-1.99999940718
-1.99999940812
-1.99999940852
-1.99999941416
-1.99999941134
-1.99999940603
-1.99999941338
-1.99999941042
-1.99999941176
-1.99999941255
-1.99999940908
-1.99999941124
-1.99999940641
-1.99999941695
-1.99999942277
-1.99999942735
-1.99999941786
-1.99999940846
-1.99999941043
-1.99999940600
-1.99999941446
-1.99999942643
-1.99999942337
-1.99999941550
-1.99999941042
-1.99999941119
-1.99999941373
-1.99999940788
-1.99999940564
-1.99999941349
-1.99999942113
-1.99999942068
-1.99999942194
-1.99999940082
-1.99999940547
-1.99999941235
-1.99999941949
-1.99999942098
-1.99999941727
-1.99999940278
-1.99999940573
-1.99999941531
-1.99999942576
-1.99999942241
-1.99999941957
-1.99999941093
-1.99999940941
-1.99999940414
-1.99999940629
-1.99999941020
-1.99999941361
-1.99999941804
-1.99999941589
-1.99999942178
-1.99999942218
-1.99999941448
-1.99999941592
-1.99999941428
-1.99999940778
-1.99999941334
-1.99999941571
-1.99999941094
-1.99999940847
-1.99999940483
-1.99999940942
-1.99999940919
-1.99999941388
-1.99999942147
-1.99999942153
-1.99999941206
-1.99999941055
-1.99999940936
-1.99999940716
-1.99999941286
-1.99999940897
-1.99999940864
-1.99999941262
-1.99999940980
-1.99999940747
-1.99999940701
-1.99999940620
-1.99999940358
-1.99999941980
-1.99999943443
-1.99999943134
-1.99999941798
-1.99999940456
-1.99999941146
-1.99999940680
-1.99999941698
-1.99999941750
-1.99999941072
-1.99999940843
-1.99999941297
-1.99999941487
-1.99999940961
-1.99999940983
-1.99999941411
-1.99999941506
-1.99999941512
-1.99999941928
-1.99999941128
-1.99999941469
-1.99999941360
-1.99999941247
-1.99999940964
-1.99999941318
-1.99999941330
-1.99999940599
-1.99999941231
-1.99999940846
-1.99999939742
-1.99999941087
-1.99999942512
-1.99999942760
-1.99999941836
-1.99999940443
-1.99999939640
-1.99999939674
-1.99999940792
-1.99999940781
-1.99999941378
-1.99999943092
-1.99999942733
-1.99999941173
-1.99999940330
-1.99999941081
-1.99999940748
-1.99999941790
-1.99999942238
-1.99999942118
-1.99999941678
-1.99999941285
-1.99999940877
-1.99999940341
-1.99999940350
-1.99999940618
-1.99999941860
-1.99999941438
-1.99999941268
-1.99999941233
-1.99999941747
-1.99999941444
-1.99999940878
-1.99999940693
-1.99999940202
-1.99999940375
-1.99999941561
-1.99999942645
-1.99999942088
-1.99999940857
-1.99999941078
-1.99999941026
-1.99999941026
-1.99999941208
-1.99999941558
-1.99999941894
-1.99999942205
-1.99999942242
-1.99999941306
-1.99999941219
-1.99999941582
-1.99999941511
-1.99999940857
-1.99999940576
-1.99999940719
-1.99999941123
-1.99999941639
-1.99999942133
-1.99999941590
-1.99999940661
-1.99999941138
-1.99999941354
-1.99999941182
-1.99999941402
-1.99999941595
-1.99999942288
-1.99999941509
-1.99999941099
-1.99999940809
-1.99999940820
-1.99999941241
-1.99999941422
-1.99999941167
-1.99999940774
-1.99999940610
-1.99999941605
-1.99999941803
-1.99999940771
-1.99999941037
-1.99999940839
-1.99999941014
-1.99999941115
-1.99999941997
-1.99999941653
-1.99999940933
-1.99999940655
-1.99999941036
-1.99999941050
-1.99999941808
-1.99999942029
-1.99999941575
-1.99999941399
-1.99999941687
-1.99999941464
-1.99999941773
-1.99999941567
-1.99999940402
-1.99999940999
-1.99999941385
-1.99999941731
-1.99999942039
-1.99999940585
-1.99999940273
-1.99999941057
-1.99999942121
-1.99999941875
-1.99999941821
-1.99999940979
-1.99999940966
-1.99999941082
-1.99999941226
-1.99999940460
-1.99999940024
-1.99999940841
-1.99999941735
-1.99999941880
-1.99999941898
-1.99999941577
-1.99999940811
-1.99999940588
-1.99999940861
-1.99999941303
-1.99999941233
-1.99999941572
-1.99999941363
-1.99999941441
-1.99999940722
-1.99999940005
-1.99999940697
-1.99999942112
-1.99999943092
-1.99999943021
-1.99999942267
-1.99999940820
-1.99999941053
-1.99999941723
-1.99999941444
-1.99999941870
-1.99999941500
-1.99999940443
-1.99999941055
-1.99999941589
-1.99999942406
-1.99999941911
-1.99999941730
-1.99999941884
-1.99999941262
-1.99999941205
-1.99999941022
-1.99999941096
-1.99999941087
-1.99999941370
-1.99999941492
-1.99999941814
-1.99999940970
-1.99999940979
-1.99999940129
-1.99999940617
-1.99999941531
-1.99999942135
-1.99999941527
-1.99999941319
-1.99999940863
-1.99999940835
-1.99999941002
-1.99999941621
-1.99999941302
-1.99999941501
-1.99999940852
-1.99999940418
-1.99999940781
-1.99999942095
-1.99999941977
-1.99999940595
-1.99999940835
-1.99999941541
-1.99999941756
-1.99999942131
-1.99999942210
-1.99999940907
-1.99999941092
-1.99999941377
-1.99999940940
-1.99999941493
-1.99999941998
-1.99999941733
-1.99999941697
-1.99999941437
-1.99999940440
-1.99999940954
-1.99999941242
-1.99999940505
-1.99999941315
-1.99999941763
-1.99999941340
-1.99999942102
-1.99999941983
-1.99999941700
-1.99999940904
-1.99999940930
-1.99999941304
-1.99999940420
-1.99999940899
-1.99999941120
-1.99999940653
-1.99999940641
-1.99999941950
-1.99999943441
-1.99999942728
-1.99999941369
-1.99999940824
-1.99999940670
-1.99999940802
-1.99999941397
-1.99999941504
-1.99999941343
-1.99999941366
-1.99999941208
-1.99999941523
-1.99999941045
-1.99999941417
-1.99999940405
-1.99999940781
-1.99999942186
-1.99999941382
-1.99999939913
-1.99999941483
-1.99999942790
-1.99999942649
-1.99999941725
-1.99999941631
-1.99999941331
-1.99999940884
-1.99999940893
-1.99999941019
-1.99999941531
-1.99999941579
-1.99999940897
-1.99999941175
-1.99999941757
-1.99999941337
-1.99999941564
-1.99999940964
-1.99999940606
-1.99999940814
-1.99999942302
-1.99999942100
-1.99999941623
-1.99999941689
-1.99999941760
-1.99999941008
-1.99999941220
-1.99999940707
-1.99999941401
-1.99999941671
-1.99999941786
-1.99999941154
-1.99999940961
-1.99999940536
-1.99999941293
-1.99999940937
-1.99999940695
-1.99999941371
-1.99999940681
-1.99999940707
-1.99999941453
-1.99999942409
-1.99999941937
-1.99999941455
-1.99999941586
-1.99999941287
-1.99999940656
-1.99999941084
-1.99999941239
-1.99999941434
-1.99999941580
-1.99999941102
-1.99999941245
-1.99999941366
-1.99999941687
-1.99999940816
-1.99999940272
-1.99999940143
-1.99999941505
-1.99999942927
-1.99999942082
-1.99999941581
-1.99999940720
-1.99999939711
-1.99999939826
-1.99999940146
-1.99999940868
-1.99999941693
-1.99999942143
-1.99999941969
-1.99999941179
-1.99999941859
-1.99999941666
-1.99999940866
-1.99999940039
-1.99999940688
-1.99999940931
-1.99999942344
-1.99999942139
-1.99999941272
-1.99999940641
-1.99999941476
-1.99999941822
-1.99999941766
-1.99999940901
-1.99999941266
-1.99999941429
-1.99999941377
-1.99999941066
-1.99999941097
-1.99999941978
-1.99999941801
-1.99999941417
-1.99999941142
-1.99999940338
-1.99999940755
-1.99999941282
-1.99999941245
-1.99999941423
-1.99999941132
-1.99999940917
-1.99999941311
-1.99999941277
-1.99999940499
-1.99999941157
-1.99999941542
-1.99999941043
-1.99999940855
-1.99999940772
-1.99999941882
-1.99999941570
-1.99999941513
-1.99999941699
-1.99999941742
-1.99999941355
-1.99999940718
-1.99999941269
-1.99999941686
-1.99999941249
-1.99999941719
-1.99999942080
-1.99999941865
-1.99999942175
-1.99999941355
-1.99999940924
-1.99999940861
-1.99999940677
-1.99999941134
-1.99999941565
-1.99999941513
-1.99999941686
-1.99999941353
-1.99999941129
-1.99999941488
-1.99999941335
-1.99999941467
-1.99999940879
-1.99999941022
-1.99999941876
-1.99999941272
-1.99999940893
-1.99999940989
-1.99999941637
-1.99999941721
-1.99999941350
-1.99999941195
-1.99999941497
-1.99999941351
-1.99999941826
-1.99999941544
-1.99999941500
-1.99999941386
-1.99999941331
-1.99999941771
-1.99999941772
-1.99999941142
-1.99999941434
-1.99999941255
-1.99999940701
-1.99999940925
-1.99999940955
-1.99999940995
-1.99999940428
-1.99999941039
-1.99999941556
-1.99999942125
-1.99999941716
-1.99999942159
-1.99999941434
-1.99999940736
-1.99999940994
-1.99999940907
-1.99999941148
-1.99999941626
-1.99999941616
-1.99999940921
-1.99999940816
-1.99999941466
-1.99999941640
-1.99999941129
-1.99999940883
-1.99999941442
-1.99999941053
-1.99999940648
-1.99999941070
-1.99999941029
-1.99999941425
-1.99999941329
-1.99999940509
-1.99999941178
-1.99999941615
-1.99999941827
-1.99999941126
-1.99999940630
-1.99999940792
-1.99999940923
-1.99999941445
-1.99999941608
-1.99999941061
-1.99999941335
-1.99999941354
-1.99999941053
-1.99999941566
-1.99999941218
-1.99999941410
-1.99999941062
-1.99999941220
-1.99999941177
-1.99999941297
-1.99999941148
-1.99999941476
-1.99999941299
-1.99999941580
-1.99999940973
-1.99999940643
-1.99999941071
-1.99999941309
-1.99999941353
-1.99999941160
-1.99999941440
-1.99999941276
-1.99999941639
-1.99999941185
-1.99999941003
-1.99999941031
-1.99999941713
-1.99999941863
-1.99999941303
-1.99999941122
-1.99999941160
-1.99999940310
-1.99999940555
-1.99999941134
-1.99999942149
-1.99999941885
-1.99999941432
-1.99999941040
-1.99999941128
-1.99999941195
-1.99999941225
-1.99999941116
-1.99999941147
-1.99999942133
-1.99999941962
-1.99999941796
-1.99999941623
-1.99999940791
-1.99999941064
-1.99999940748
-1.99999940809
-1.99999941613
-1.99999941323
-1.99999940732
-1.99999941295
-1.99999941803
-1.99999941624
-1.99999941723
-1.99999941361
-1.99999941490
-1.99999941127
-1.99999941583
-1.99999941282
-1.99999941129
-1.99999941583
-1.99999941378
-1.99999941461
-1.99999941484
-1.99999941402
-1.99999941468
-1.99999941820
-1.99999941442
-1.99999941644
-1.99999941137
-1.99999940356
-1.99999941014
-1.99999941155
-1.99999941555
-1.99999941522
-1.99999941405
-1.99999941148
-1.99999940624
-1.99999940403
-1.99999941036
-1.99999941450
-1.99999942863
-1.99999942265
-1.99999941250
-1.99999941271
-1.99999940392
-1.99999941333
-1.99999942142
-1.99999941882
-1.99999940860
-1.99999941829
-1.99999941857
-1.99999941564
-1.99999940153
-1.99999938522
-1.99999940137
-1.99999943090
-1.99999942643
-1.99999942079
-1.99999941232
-1.99999940568
-1.99999940783
-1.99999940994
-1.99999941224
-1.99999942016
-1.99999942178
-1.99999941152
-1.99999941385
-1.99999941268
-1.99999941223
-1.99999941243
-1.99999941160
-1.99999941477
-1.99999941675
-1.99999940995
-1.99999940892
-1.99999941344
-1.99999941383
-1.99999941230
-1.99999941052
-1.99999940515
-1.99999941230
-1.99999941156
-1.99999941417
-1.99999941283
-1.99999941467
-1.99999941299
-1.99999941378
-1.99999941291
-1.99999941459
-1.99999941182
-1.99999941203
-1.99999941716
-1.99999941107
-1.99999941044
-1.99999941323
-1.99999940421
-1.99999941033
-1.99999941825
-1.99999942272
-1.99999941648
-1.99999941542
-1.99999941310
-1.99999941547
-1.99999941780
-1.99999940832
-1.99999940702
-1.99999940041
-1.99999940455
-1.99999940880
-1.99999941674
-1.99999941619
-1.99999940448
-1.99999940415
-1.99999941623
-1.99999942097
-1.99999941645
-1.99999940957
-1.99999941034
-1.99999941868
-1.99999942085
-1.99999941844
-1.99999941201
-1.99999940609
-1.99999941578
-1.99999941216
-1.99999940633
-1.99999941525
-1.99999941625
-1.99999941591
-1.99999940650
-1.99999940638
-1.99999941011
-1.99999941206
-1.99999941956
-1.99999941257
-1.99999940177
-1.99999940538
-1.99999941045
-1.99999941390
-1.99999941219
-1.99999941281
-1.99999941302
-1.99999940829
-1.99999941459
-1.99999941432
-1.99999941198
-1.99999941294
-1.99999941587
-1.99999941273
-1.99999941460
-1.99999941600
-1.99999940883
-1.99999940438
-1.99999941470
-1.99999941630
-1.99999942031
-1.99999941855
-1.99999941187
-1.99999940981
-1.99999941653
-1.99999941293
-1.99999941454
-1.99999941441
-1.99999941264
-1.99999941052
-1.99999940952
-1.99999941248
-1.99999941911
-1.99999941355
-1.99999941247
-1.99999941252
-1.99999941689
-1.99999941745
-1.99999940925
-1.99999940881
-1.99999941433
-1.99999941630
-1.99999940868
-1.99999940931
-1.99999941039
-1.99999941325
-1.99999941695
-1.99999941221
-1.99999941877
-1.99999942244
-1.99999941347
-1.99999941288
-1.99999940993
-1.99999941200
-1.99999940850
-1.99999941619
-1.99999941396
-1.99999941555
-1.99999940799
-1.99999941095
-1.99999940813
-1.99999941346
-1.99999940734
-1.99999940799
-1.99999941294
-1.99999942064
-1.99999941390
-1.99999940758
-1.99999940739
-1.99999941053
-1.99999941878
-1.99999941578
-1.99999941283
-1.99999940986
-1.99999941247
-1.99999940478
-1.99999940672
-1.99999941180
-1.99999942191
-1.99999941669
-1.99999940832
-1.99999941254
-1.99999940974
-1.99999940796
-1.99999941580
-1.99999940978
-1.99999941584
-1.99999941474
-1.99999941559
-1.99999941052
-1.99999941101
-1.99999940972
-1.99999941832
-1.99999941691
-1.99999940852
-1.99999941400
-1.99999941164
-1.99999941109
-1.99999941950
-1.99999941477
-1.99999941671
-1.99999941087
-1.99999940626
-1.99999940564
-1.99999941028
-1.99999941452
-1.99999941911
-1.99999941967
-1.99999942010
-1.99999941096
-1.99999941141
-1.99999941705
-1.99999941926
-1.99999941863
-1.99999941965
-1.99999941374
-1.99999941089
-1.99999940369
-1.99999941171
-1.99999941497
-1.99999942084
-1.99999941814
-1.99999941131
-1.99999941617
-1.99999941819
-1.99999940966
-1.99999940938
-1.99999940763
-1.99999941073
-1.99999941241
-1.99999941913
-1.99999941518
-1.99999941388
-1.99999941438
-1.99999941752
-1.99999941667
-1.99999941042
-1.99999940448
-1.99999940998
-1.99999942221
-1.99999942173
-1.99999941861
-1.99999941230
-1.99999941578
-1.99999941171
-1.99999940450
-1.99999940529
-1.99999940792
-1.99999941762
-1.99999942634
-1.99999942010
-1.99999941558
-1.99999941054
-1.99999940538
-1.99999941125
-1.99999941238
-1.99999941478
-1.99999940558
-1.99999940742
-1.99999940728
-1.99999940657
-1.99999940793
-1.99999941668
-1.99999941665
-1.99999941831
-1.99999941153
-1.99999941581
-1.99999941528
-1.99999941124
-1.99999940735
-1.99999941578
-1.99999941614
-1.99999941025
-1.99999941272
-1.99999940934
-1.99999941403
-1.99999941361
-1.99999942495
-1.99999941874
-1.99999940972
-1.99999941592
-1.99999941439
-1.99999941141
-1.99999940582
-1.99999940671
-1.99999941235
-1.99999940960
-1.99999941412
-1.99999940378
-1.99999940300
-1.99999941073
-1.99999942169
-1.99999942589
-1.99999943273
-1.99999942631
-1.99999942532
-1.99999941753
-1.99999940912
-1.99999940690
-1.99999940673
-1.99999940879
-1.99999941406
-1.99999941057
-1.99999940615
-1.99999940352
-1.99999940088
-1.99999940985
-1.99999941169
-1.99999941507
-1.99999942076
-1.99999941180
-1.99999941324
-1.99999940803
-1.99999940960
-1.99999941401
-1.99999942281
-1.99999942114
-1.99999940970
-1.99999941484
-1.99999941231
-1.99999940910
-1.99999941095
-1.99999941421
-1.99999941182
-1.99999941331
-1.99999942467
-1.99999942080
-1.99999941561
-1.99999940984
-1.99999940613
-1.99999940531
-1.99999940648
-1.99999940702
-1.99999940903
-1.99999941246
-1.99999941978
-1.99999942093
-1.99999941889
-1.99999941872
-1.99999941379
-1.99999941546
-1.99999941154
-1.99999940550
-1.99999940713
-1.99999940582
-1.99999940180
-1.99999941201
-1.99999942492
-1.99999942425
-1.99999941746
-1.99999941541
-1.99999940842
-1.99999941037
-1.99999940996
-1.99999941703
-1.99999942201
-1.99999941249
-1.99999940961
-1.99999941366
-1.99999941665
-1.99999941867
-1.99999941673
-1.99999941413
-1.99999940525
-1.99999941083
-1.99999941248
-1.99999941286
-1.99999941389
-1.99999942076
-1.99999941769
-1.99999941236
-1.99999940806
-1.99999940774
-1.99999941371
-1.99999941417
-1.99999941371
-1.99999941459
-1.99999942271
-1.99999942179
-1.99999941512
-1.99999941307
-1.99999942007
-1.99999941518
-1.99999941596
-1.99999941539
-1.99999940897
-1.99999941398
-1.99999941776
-1.99999941985
-1.99999941030
-1.99999941594
-1.99999941566
-1.99999941788
-1.99999941584
-1.99999941241
-1.99999941091
-1.99999941453
-1.99999941313
-1.99999941170
-1.99999941458
-1.99999940869
-1.99999940503
-1.99999941140
-1.99999941153
-1.99999941319
-1.99999941031
-1.99999941307
-1.99999940817
-1.99999940734
-1.99999941218
-1.99999941255
-1.99999941207
-1.99999941361
-1.99999941208
-1.99999941919
-1.99999941508
-1.99999941202
-1.99999941685
-1.99999941561
-1.99999941121
-1.99999941186
-1.99999941036
-1.99999940906
-1.99999940763
-1.99999940615
-1.99999940847
-1.99999941163
-1.99999941684
-1.99999941790
-1.99999941582
-1.99999941749
-1.99999941671
-1.99999941581
-1.99999941270
-1.99999941061
-1.99999940930
-1.99999941180
-1.99999941453
-1.99999941422
-1.99999942025
-1.99999942138
-1.99999941404
-1.99999940955
-1.99999941388
-1.99999941121
-1.99999940482
-1.99999940550
-1.99999940641
-1.99999940417
-1.99999941132
-1.99999942734
-1.99999941923
-1.99999940797
-1.99999940742
-1.99999941795
-1.99999941796
-1.99999942000
-1.99999941361
-1.99999941187
-1.99999940854
-1.99999940499
-1.99999941250
-1.99999941516
-1.99999941921
-1.99999941224
-1.99999941039
-1.99999940954
-1.99999940875
-1.99999941872
-1.99999942163
-1.99999941805
-1.99999941075
-1.99999941028
-1.99999941367
-1.99999941754
-1.99999941005
-1.99999940505
-1.99999940264
-1.99999941206
-1.99999941313
-1.99999941701
-1.99999941479
-1.99999941716
-1.99999941626
-1.99999940899
-1.99999940972
-1.99999941089
-1.99999941635
-1.99999941215
-1.99999941165
-1.99999940563
-1.99999940943
-1.99999941027
-1.99999941225
-1.99999941246
-1.99999940958
-1.99999941078
-1.99999940927
-1.99999941124
-1.99999940690
-1.99999941282
-1.99999941181
-1.99999941487
-1.99999941435
-1.99999941463
-1.99999941552
-1.99999941366
-1.99999941017
-1.99999941364
-1.99999941715
-1.99999941428
-1.99999941459
-1.99999941550
-1.99999940950
-1.99999941070
-1.99999941445
-1.99999940918
-1.99999941176
-1.99999941429
-1.99999940808
-1.99999940699
-1.99999941375
-1.99999941665
-1.99999940637
-1.99999940748
-1.99999941548
-1.99999942223
-1.99999941316
-1.99999940454
-1.99999941106
-1.99999941156
-1.99999941365
-1.99999941898
-1.99999941715
-1.99999941484
-1.99999941126
-1.99999940591
-1.99999941349
-1.99999941331
-1.99999941579
-1.99999941064
-1.99999941124
-1.99999941054
-1.99999941520
-1.99999941386
-1.99999940491
-1.99999941362
-1.99999941942
-1.99999941508
-1.99999940895
-1.99999940986
-1.99999939858
-1.99999939959
-1.99999940566
-1.99999941760
-1.99999942522
-1.99999943061
-1.99999942421
-1.99999941632
-1.99999941176
-1.99999941344
-1.99999941100
-1.99999940408
-1.99999940672
-1.99999940939
-1.99999941567
-1.99999940656
-1.99999940802
-1.99999941361
-1.99999941191
-1.99999942409
-1.99999942845
-1.99999942347
-1.99999942010
-1.99999940746
-1.99999940056
-1.99999940797
-1.99999940983
-1.99999941599
-1.99999941126
-1.99999941491
-1.99999941338
-1.99999941136
-1.99999940863
-1.99999941547
-1.99999941121
-1.99999941562
-1.99999941220
-1.99999941074
-1.99999941251
-1.99999942009
-1.99999941095
-1.99999940890
-1.99999941861
-1.99999941418
-1.99999941264
-1.99999940974
-1.99999940626
-1.99999940434
-1.99999943116
-1.99999942807
-1.99999941658
-1.99999940602
-1.99999940228
-1.99999940750
-1.99999940868
-1.99999940188
-1.99999940955
-1.99999941476
-1.99999941808
-1.99999941646
-1.99999941990
-1.99999941179
-1.99999941457
-1.99999941099
-1.99999940986
-1.99999940835
-1.99999940949
-1.99999941339
-1.99999940934
-1.99999940564
-1.99999940439
-1.99999940254
-1.99999940054
-1.99999940918
-1.99999941631
-1.99999942594
-1.99999942532
-1.99999941736
-1.99999941241
-1.99999940895
-1.99999940967
-1.99999940702
-1.99999940873
-1.99999940943
-1.99999940827
-1.99999941036
-1.99999941651
-1.99999941708
-1.99999941602
-1.99999941827
-1.99999941398
-1.99999941583
-1.99999941844
-1.99999941563
-1.99999941998
-1.99999941457
-1.99999941180
-1.99999941086
-1.99999940893
-1.99999941076
-1.99999941314
-1.99999940921
-1.99999941284
-1.99999941780
-1.99999941690
-1.99999941076
-1.99999940498
-1.99999941044
-1.99999941596
-1.99999941478
-1.99999941376
-1.99999941270
-1.99999941484
-1.99999941379
-1.99999941045
-1.99999941164
-1.99999941832
-1.99999942069
-1.99999942038
-1.99999941487
-1.99999941257
-1.99999941585
-1.99999941440
-1.99999940583
-1.99999941475
-1.99999941552
-1.99999941801
-1.99999941631
-1.99999940999
-1.99999941140
-1.99999941272
-1.99999940932
-1.99999941141
-1.99999941680
-1.99999941656
-1.99999941805
-1.99999941807
-1.99999941819
-1.99999941243
-1.99999940458
-1.99999941232
-1.99999941759
-1.99999940583
-1.99999940831
-1.99999940494
-1.99999942181
-1.99999943001
-1.99999942934
-1.99999942252
-1.99999941279
-1.99999940422
-1.99999939853
-1.99999940233
-1.99999940566
-1.99999940386
-1.99999940097
-1.99999940282
-1.99999942054
-1.99999942237
-1.99999942713
-1.99999942705
-1.99999941613
-1.99999941252
-1.99999940848
-1.99999941411
-1.99999940967
-1.99999941393
-1.99999940986
-1.99999941071
-1.99999940991
-1.99999941524
-1.99999942170
-1.99999941290
-1.99999941099
-1.99999940723
-1.99999940954
-1.99999941713
-1.99999941591
-1.99999940525
-1.99999940336
-1.99999942038
-1.99999941831
-1.99999941897
-1.99999941243
-1.99999941239
-1.99999940798
-1.99999940129
-1.99999941050
-1.99999941259
-1.99999941007
-1.99999941394
-1.99999941117
-1.99999941332
-1.99999941103
-1.99999940673
-1.99999941302
-1.99999941375
-1.99999941223
-1.99999940792
-1.99999941520
-1.99999940715
-1.99999941355
-1.99999942288
-1.99999941554
-1.99999941685
-1.99999942403
-1.99999941945
-1.99999941093
-1.99999940404
-1.99999941005
-1.99999941583
-1.99999941233
-1.99999941318
-1.99999940372
-1.99999940478
-1.99999941778
-1.99999942010
-1.99999941494
-1.99999941619
-1.99999940919
-1.99999940872
-1.99999941370
-1.99999941731
-1.99999941211
-1.99999940967
-1.99999940654
-1.99999941102
-1.99999941015
-1.99999941280
-1.99999941184
-1.99999941606
-1.99999941222
-1.99999941039
-1.99999940748
-1.99999941294
-1.99999941474
-1.99999942494
-1.99999941735
-1.99999941518
-1.99999940785
-1.99999940731
-1.99999941568
-1.99999941340
-1.99999941696
-1.99999942133
-1.99999941767
-1.99999941602
-1.99999941077
-1.99999940698
-1.99999941255
-1.99999941806
-1.99999941000
-1.99999941278
-1.99999940894
-1.99999940907
-1.99999940689
-1.99999940377
-1.99999940671
-1.99999940925
-1.99999941542
-1.99999940983
-1.99999940979
-1.99999940743
-1.99999941373
-1.99999941181
-1.99999940982
-1.99999941546
-1.99999941778
-1.99999941165
-1.99999940695
-1.99999940329
-1.99999940451
-1.99999941100
-1.99999942345
-1.99999942057
-1.99999941788
-1.99999941938
-1.99999941595
-1.99999941765
-1.99999941016
-1.99999941069
-1.99999940837
-1.99999940850
-1.99999941609
-1.99999941413
-1.99999941033
-1.99999941557
-1.99999941525
-1.99999941518
-1.99999940533
-1.99999940523
-1.99999940945
-1.99999941348
-1.99999941879
-1.99999941814
-1.99999941034
-1.99999941437
-1.99999940750
-1.99999940859
-1.99999940476
-1.99999941260
-1.99999941219
-1.99999941208
-1.99999941300
-1.99999941943
-1.99999941816
-1.99999941377
-1.99999941372
-1.99999941109
-1.99999941129
-1.99999941449
-1.99999940946
-1.99999941200
-1.99999940972
-1.99999941387
-1.99999940805
-1.99999940724
-1.99999940679
-1.99999941373
-1.99999940933
-1.99999941346
-1.99999941580
-1.99999941664
-1.99999941359
-1.99999940885
-1.99999940702
-1.99999940699
-1.99999941624
-1.99999942003
-1.99999941277
-1.99999941551
-1.99999941281
-1.99999941839
-1.99999941752
-1.99999941122
-1.99999941083
-1.99999940615
-1.99999940733
-1.99999940704
-1.99999939920
-1.99999940720
-1.99999943241
-1.99999943338
-1.99999941561
-1.99999941260
-1.99999941483
-1.99999940881
-1.99999940973
-1.99999942024
-1.99999941690
-1.99999941375
-1.99999940867
-1.99999941447
-1.99999941134
-1.99999940876
-1.99999941642
-1.99999942174
-1.99999942280
-1.99999941418
-1.99999940835
-1.99999939560
-1.99999938657
-1.99999939969
-1.99999941771
-1.99999942509
-1.99999942488
-1.99999942260
-1.99999941476
-1.99999941141
-1.99999940354
-1.99999940297
-1.99999941187
-1.99999942696
-1.99999942908
-1.99999941806
-1.99999940856
-1.99999940781
-1.99999940994
-1.99999940761
-1.99999940527
-1.99999940647
-1.99999941097
-1.99999941449
-1.99999941919
-1.99999941920
-1.99999941600
-1.99999941498
-1.99999940511
-1.99999940508
-1.99999940853
-1.99999941386
-1.99999941430
-1.99999941711
-1.99999940930
-1.99999940520
-1.99999941060
-1.99999941085
-1.99999942318
-1.99999942488
-1.99999942316
-1.99999941764
-1.99999942410
-1.99999941784
-1.99999940312
-1.99999941298
-1.99999941080
-1.99999941141
-1.99999941137
-1.99999942021
-1.99999941968
-1.99999941492
-1.99999941188
-1.99999940541
-1.99999939986
-1.99999941154
-1.99999942533
-1.99999943005
-1.99999941350
-1.99999940163
-1.99999939758
-1.99999940871
-1.99999941961
-1.99999941594
-1.99999941735
-1.99999941258
-1.99999941709
-1.99999941583
-1.99999941430
-1.99999941566
-1.99999940586
-1.99999940260
-1.99999941029
-1.99999940757
-1.99999940410
-1.99999940960
-1.99999940921
-1.99999942023
-1.99999942711
-1.99999941537
-1.99999940867
-1.99999941002
-1.99999941500
-1.99999941942
-1.99999941534
-1.99999941109
-1.99999941231
-1.99999940766
-1.99999940519
-1.99999940868
-1.99999941618
-1.99999941311
-1.99999940603
-1.99999940612
-1.99999940534
-1.99999940958
-1.99999940700
-1.99999941227
-1.99999941810
-1.99999941680
-1.99999941476
-1.99999940939
-1.99999940997
-1.99999941823
-1.99999941537
-1.99999940918
-1.99999941009
-1.99999941532
-1.99999940939
-1.99999940981
-1.99999941046
-1.99999942016
-1.99999941964
-1.99999940969
-1.99999940541
-1.99999941315
-1.99999942306
-1.99999941860
-1.99999942318
-1.99999941952
-1.99999941769
-1.99999940414
-1.99999940201
-1.99999941031
-1.99999942102
-1.99999941627
-1.99999941615
-1.99999941001
-1.99999940769
-1.99999941357
-1.99999940317
-1.99999940327
-1.99999940152
-1.99999941626
-1.99999943568
-1.99999943186
-1.99999940947
-1.99999940411
-1.99999940200
-1.99999940466
-1.99999941767
-1.99999942240
-1.99999942425
-1.99999941746
-1.99999941567
-1.99999940857
-1.99999941281
-1.99999941367
-1.99999940724
-1.99999941263
-1.99999941107
-1.99999941186
-1.99999941122
-1.99999941238
-1.99999940540
-1.99999940535
-1.99999940645
-1.99999941528
-1.99999941516
-1.99999941694
-1.99999941831
-1.99999941101
-1.99999941019
-1.99999940767
-1.99999940864
-1.99999941379
-1.99999940945
-1.99999941194
-1.99999941548
-1.99999941307
-1.99999940188
-1.99999941870
-1.99999942559
-1.99999941201
-1.99999940323
-1.99999941271
-1.99999942409
-1.99999942152
-1.99999942076
-1.99999941545
-1.99999941261
-1.99999941362
-1.99999940712
-1.99999941029
-1.99999940646
-1.99999940819
-1.99999940912
-1.99999941309
-1.99999941807
-1.99999941526
-1.99999941435
-1.99999941732
-1.99999941275
-1.99999940993
-1.99999940543
-1.99999941252
-1.99999941479
-1.99999941903
-1.99999942093
-1.99999941167
-1.99999941354
-1.99999941225
-1.99999940665
-1.99999941580
-1.99999941770
-1.99999941917
-1.99999941013
-1.99999940943
-1.99999941160
-1.99999940912
-1.99999941203
-1.99999941444
-1.99999940950
-1.99999941340
-1.99999941478
-1.99999941226
-1.99999941158
-1.99999940679
-1.99999940812
-1.99999941295
-1.99999941508
-1.99999941680
-1.99999941319
-1.99999941504
-1.99999941709
-1.99999941959
-1.99999941552
-1.99999941434
-1.99999940690
-1.99999940962
-1.99999941152
-1.99999941253
-1.99999941264
-1.99999941261
-1.99999940457
-1.99999941076
-1.99999941617
-1.99999941373
-1.99999940935
-1.99999940788
-1.99999940916
-1.99999940925
-1.99999941092
-1.99999940970
-1.99999941234
-1.99999940725
-1.99999940716
-1.99999941383
-1.99999941626
-1.99999941243
-1.99999941199
-1.99999941005
-1.99999941278
-1.99999941221
-1.99999941384
-1.99999941422
-1.99999940764
-1.99999941202
-1.99999941528
-1.99999941785
-1.99999940790
-1.99999940938
-1.99999941252
-1.99999941729
-1.99999942269
-1.99999942153
-1.99999941281
-1.99999940768
-1.99999941330
-1.99999941500
-1.99999940823
-1.99999941817
-1.99999941952
-1.99999941869
-1.99999941379
-1.99999940928
-1.99999940879
-1.99999940583
-1.99999941102
-1.99999941055
-1.99999940836
-1.99999939950
-1.99999941859
-1.99999942530
-1.99999942445
-1.99999941569
-1.99999941458
-1.99999941306
-1.99999940246
-1.99999940247
-1.99999941158
-1.99999940628
-1.99999941241
-1.99999941425
-1.99999941634
-1.99999941986
-1.99999941983
-1.99999942003
-1.99999941368
-1.99999940204
-1.99999940799
-1.99999941160
-1.99999941687
-1.99999941077
-1.99999940393
-1.99999940168
-1.99999941317
-1.99999941987
-1.99999942143
-1.99999941407
-1.99999941487
-1.99999940967
-1.99999941222
-1.99999940955
-1.99999940647
-1.99999940899
-1.99999940470
-1.99999940874
-1.99999941458
-1.99999942233
-1.99999941921
-1.99999941318
-1.99999940974
-1.99999940891
-1.99999940894
-1.99999941553
-1.99999941447
-1.99999941892
-1.99999941256
-1.99999940856
-1.99999941293
-1.99999940998
-1.99999941027
-1.99999941632
-1.99999941415
-1.99999940939
-1.99999941214
-1.99999941278
-1.99999941483
-1.99999941423
-1.99999941028
-1.99999940850
-1.99999940899
-1.99999941663
-1.99999942772
-1.99999942481
-1.99999941334
-1.99999941678
-1.99999941525
-1.99999941271
-1.99999941465
-1.99999940987
-1.99999941365
-1.99999942217
-1.99999941633
-1.99999941589
-1.99999941283
-1.99999941491
-1.99999941241
-1.99999940697
-1.99999941107
-1.99999940853
-1.99999940792
-1.99999941650
-1.99999942066
-1.99999941455
-1.99999941197
-1.99999940893
-1.99999941734
-1.99999942071
-1.99999941356
-1.99999941243
-1.99999940967
-1.99999940879
-1.99999940977
-1.99999941381
-1.99999941951
-1.99999942373
-1.99999941511
-1.99999941702
-1.99999941686
-1.99999941430
-1.99999940710
-1.99999940894
-1.99999941483
-1.99999941343
-1.99999941527
-1.99999941336
-1.99999941854
-1.99999942314
-1.99999941874
-1.99999940984
-1.99999941277
-1.99999941101
-1.99999941062
-1.99999941389
-1.99999940972
-1.99999941110
-1.99999941624
-1.99999941357
-1.99999941638
-1.99999941448
-1.99999941465
-1.99999941460
-1.99999940366
-1.99999940176
-1.99999940343
-1.99999941632
-1.99999942396
-1.99999942181
-1.99999942088
-1.99999941484
-1.99999941544
-1.99999941363
-1.99999941012
-1.99999941599
-1.99999940925
-1.99999941036
-1.99999940198
-1.99999940518
-1.99999940863
-1.99999941681
-1.99999941592
-1.99999941464
-1.99999941178
-1.99999941163
-1.99999941091
-1.99999940800
-1.99999941086
-1.99999940881
-1.99999942049
-1.99999941648
-1.99999942233
-1.99999941973
-1.99999941571
-1.99999941019
-1.99999940890
-1.99999941004
-1.99999941069
-1.99999940600
-1.99999940602
-1.99999941292
-1.99999942731
-1.99999941725
-1.99999940412
-1.99999940335
-1.99999940548
-1.99999941874
-1.99999942000
-1.99999941848
-1.99999940958
-1.99999940651
-1.99999941184
-1.99999940906
-1.99999940799
-1.99999941172
-1.99999941094
-1.99999941975
-1.99999941828
-1.99999940965
-1.99999941259
-1.99999941439
-1.99999941284
-1.99999940803
-1.99999941180
-1.99999941287
-1.99999941394
-1.99999941902
-1.99999942119
-1.99999941577
-1.99999940855
-1.99999941031
-1.99999941459
-1.99999941539
-1.99999941316
-1.99999940429
-1.99999941261
-1.99999941942
-1.99999941890
-1.99999941509
-1.99999940847
-1.99999941280
-1.99999941177
-1.99999940739
-1.99999940849
-1.99999940784
-1.99999940745
-1.99999941735
-1.99999942308
-1.99999941581
-1.99999941032
-1.99999941020
-1.99999940906
-1.99999940820
-1.99999940534
-1.99999940552
-1.99999941297
-1.99999940765
-1.99999941357
-1.99999941441
-1.99999941484
-1.99999941124
-1.99999941445
-1.99999941053
-1.99999941616
-1.99999942079
-1.99999942224
-1.99999941638
-1.99999941637
-1.99999940644
-1.99999940901
-1.99999941050
-1.99999941100
-1.99999941040
-1.99999941466
-1.99999941058
-1.99999941386
-1.99999941323
-1.99999941933
-1.99999941337
-1.99999940968
-1.99999940974
-1.99999941359
-1.99999942099
-1.99999941637
-1.99999941500
-1.99999941254
-1.99999941071
-1.99999941335
-1.99999941053
-1.99999940895
-1.99999941563
-1.99999941621
-1.99999941452
-1.99999940715
-1.99999940434
-1.99999940878
-1.99999940741
-1.99999941320
-1.99999942031
-1.99999942307
-1.99999941625
-1.99999941045
-1.99999940629
-1.99999940708
-1.99999942192
-1.99999941838
-1.99999941665
-1.99999941395
-1.99999940688
-1.99999940798
-1.99999940768
-1.99999941228
-1.99999941468
-1.99999941450
-1.99999941493
-1.99999940850
-1.99999941090
-1.99999941689
-1.99999941177
-1.99999941551
-1.99999941664
-1.99999941602
-1.99999941323
-1.99999940567
-1.99999940752
-1.99999940889
-1.99999941591
-1.99999941407
-1.99999940672
-1.99999941070
-1.99999942142
-1.99999941962
-1.99999941573
-1.99999941996
-1.99999942308
-1.99999942209
-1.99999940813
-1.99999941447
-1.99999941829
-1.99999942039
-1.99999941983
-1.99999942029
-1.99999941785
-1.99999940839
-1.99999941178
-1.99999941844
-1.99999941148
-1.99999941247
-1.99999940514
-1.99999940884
-1.99999941224
-1.99999941041
-1.99999941310
-1.99999941516
-1.99999940917
-1.99999941138
-1.99999941356
-1.99999940807
-1.99999941116
-1.99999941712
-1.99999941491
-1.99999941122
-1.99999941267
-1.99999941523
-1.99999940910
-1.99999941243
-1.99999941638
-1.99999941803
-1.99999941701
-1.99999942057
-1.99999941298
-1.99999941640
-1.99999941622
-1.99999941210
-1.99999940596
-1.99999941071
-1.99999941848
-1.99999941525
-1.99999941136
-1.99999940765
-1.99999940207
-1.99999940803
-1.99999941675
-1.99999941789
-1.99999941870
-1.99999941041
-1.99999940995
-1.99999941536
-1.99999941856
-1.99999941970
-1.99999941294
-1.99999941184
-1.99999941533
-1.99999941248
-1.99999940766
-1.99999941131
-1.99999941467
-1.99999941432
-1.99999941409
-1.99999941439
-1.99999941033
-1.99999941238
-1.99999941540
-1.99999941630
-1.99999940935
-1.99999941142
-1.99999941063
-1.99999940994
-1.99999941105
-1.99999941153
-1.99999941716
-1.99999941997
-1.99999941433
-1.99999940718
-1.99999940325
-1.99999940678
-1.99999941352
-1.99999941990
-1.99999941837
-1.99999941559
-1.99999941940
-1.99999942210
-1.99999942938
-1.99999942830
-1.99999941868
-1.99999940499
-1.99999940664
-1.99999940688
-1.99999941255
-1.99999941184
-1.99999941095
-1.99999940953
-1.99999940901
-1.99999941180
-1.99999940237
-1.99999940188
-1.99999940274
-1.99999941637
-1.99999943370
-1.99999943033
-1.99999942591
-1.99999941223
-1.99999940157
-1.99999940829
-1.99999941287
-1.99999941579
-1.99999941446
-1.99999941761
-1.99999941289
-1.99999940670
-1.99999939835
-1.99999941164
-1.99999941708
-1.99999941485
-1.99999941101
-1.99999941097
-1.99999941094
-1.99999941018
-1.99999941480
-1.99999941402
-1.99999941574
-1.99999941686
-1.99999942040
-1.99999942504
-1.99999941605
-1.99999941101
-1.99999941190
-1.99999941351
-1.99999941025
-1.99999941286
-1.99999940737
-1.99999941380
-1.99999942085
-1.99999942034
-1.99999941914
-1.99999941073
-1.99999941492
-1.99999942363
-1.99999941424
-1.99999941467
-1.99999941022
-1.99999941419
-1.99999941725
-1.99999942245
-1.99999942046
-1.99999941019
-1.99999940859
-1.99999940841
-1.99999941599
-1.99999941179
-1.99999941603
-1.99999941611
-1.99999941494
-1.99999940917
-1.99999941232
-1.99999941656
-1.99999941031
-1.99999940506
-1.99999941215
-1.99999941131
-1.99999941387
-1.99999941761
-1.99999941338
-1.99999941439
-1.99999941027
-1.99999940694
-1.99999940712
-1.99999941083
-1.99999941676
-1.99999941445
-1.99999941564
-1.99999941432
-1.99999941895
-1.99999941672
-1.99999941604
-1.99999941042
-1.99999941351
-1.99999941486
-1.99999941604
-1.99999941558
-1.99999941384
-1.99999940901
-1.99999941183
-1.99999941219
-1.99999941385
-1.99999941012
-1.99999940604
-1.99999940546
-1.99999941022
-1.99999941314
-1.99999942019
-1.99999941513
-1.99999941443
-1.99999940930
-1.99999940968
-1.99999941473
-1.99999942261
-1.99999941754
-1.99999941243
-1.99999941003
-1.99999941633
-1.99999941245
-1.99999940205
-1.99999940924
-1.99999942215
-1.99999943068
-1.99999941893
-1.99999941334
-1.99999941389
-1.99999941495
-1.99999940853
-1.99999941136
-1.99999941834
-1.99999940838
-1.99999940723
-1.99999941658
-1.99999941958
-1.99999942008
-1.99999940453
-1.99999940251
-1.99999940908
-1.99999941925
-1.99999942534
-1.99999941962
-1.99999941135
-1.99999940145
-1.99999941026
-1.99999941473
-1.99999941019
-1.99999941014
-1.99999941296
-1.99999941777
-1.99999941571
-1.99999940847
-1.99999940909
-1.99999941318
-1.99999941462
-1.99999941549
-1.99999941604
-1.99999940534
-1.99999939929
-1.99999941303
-1.99999942255
-1.99999942414
-1.99999942292
-1.99999941405
-1.99999941479
-1.99999941636
-1.99999941122
-1.99999940684
-1.99999941451
-1.99999941111
-1.99999941386
-1.99999941275
-1.99999942056
-1.99999942009
-1.99999941689
-1.99999941123
-1.99999941640
-1.99999940991
-1.99999940309
-1.99999941013
-1.99999940980
-1.99999941509
-1.99999941013
-1.99999941376
-1.99999940977
-1.99999940648
-1.99999941116
-1.99999940702
-1.99999940635
-1.99999941974
-1.99999942445
-1.99999942381
-1.99999941654
-1.99999940869
-1.99999940647
-1.99999941194
-1.99999940984
-1.99999940725
-1.99999941264
-1.99999940741
-1.99999941010
-1.99999941802
-1.99999941851
-1.99999940937
-1.99999941459
-1.99999941159
-1.99999941192
-1.99999941110
-1.99999940859
-1.99999941912
-1.99999942771
-1.99999941784
-1.99999941054
-1.99999940643
-1.99999940743
-1.99999940051
-1.99999941027
-1.99999941050
-1.99999942213
-1.99999942298
-1.99999941452
-1.99999941015
-1.99999941281
-1.99999941597
-1.99999941457
-1.99999940831
-1.99999940670
-1.99999940664
-1.99999940831
-1.99999941334
-1.99999940757
-1.99999940919
-1.99999941030
-1.99999940934
-1.99999940853
-1.99999940872
-1.99999941562
-1.99999941678
-1.99999941127
-1.99999940875
-1.99999941099
-1.99999941154
-1.99999941271
-1.99999940815
-1.99999940761
-1.99999940596
-1.99999941536
-1.99999942143
-1.99999942637
-1.99999942028
-1.99999941866
-1.99999941412
-1.99999940538
-1.99999941170
-1.99999941448
-1.99999941876
-1.99999941143
-1.99999941383
-1.99999940385
-1.99999941151
-1.99999942004
-1.99999941799
-1.99999941704
-1.99999941722
-1.99999941203
-1.99999941125
-1.99999941166
-1.99999940901
-1.99999941504
-1.99999941030
-1.99999940560
-1.99999941615
-1.99999941231
-1.99999940547
-1.99999941381
-1.99999941769
-1.99999942047
-1.99999941874
-1.99999941894
-1.99999941625
-1.99999940874
-1.99999940061
-1.99999941056
-1.99999940999
-1.99999941528
-1.99999941737
-1.99999941056
-1.99999941040
-1.99999941163
-1.99999941143
-1.99999940888
-1.99999941466
-1.99999941310
-1.99999941043
-1.99999941302
-1.99999941332
-1.99999941981
-1.99999942409
-1.99999941752
-1.99999941317
-1.99999941001
-1.99999940570
-1.99999941419
-1.99999941480
-1.99999941494
-1.99999940960
-1.99999941305
-1.99999941210
-1.99999942030
-1.99999942002
-1.99999941535
-1.99999941270
-1.99999940932
-1.99999941164
-1.99999941596
-1.99999941345
-1.99999941571
-1.99999941350
-1.99999941138
-1.99999941436
-1.99999941293
-1.99999940990
-1.99999940737
-1.99999940929
-1.99999941653
-1.99999941536
-1.99999941034
-1.99999941209
-1.99999941340
-1.99999941359
-1.99999941733
-1.99999941541
-1.99999941276
-1.99999941835
-1.99999941439
-1.99999940930
-1.99999941558
-1.99999941014
-1.99999940699
-1.99999941376
-1.99999941310
-1.99999941452
-1.99999942049
-1.99999941565
-1.99999941640
-1.99999941180
-1.99999941080
-1.99999940717
-1.99999941014
-1.99999942162
-1.99999942234
-1.99999941917
-1.99999941139
-1.99999940968
-1.99999940440
-1.99999940630
-1.99999941153
-1.99999940576
-1.99999940991
-1.99999942573
-1.99999943436
-1.99999942806
-1.99999941025
-1.99999940185
-1.99999940316
-1.99999941095
-1.99999941308
-1.99999941273
-1.99999940957
-1.99999941242
-1.99999940978
-1.99999941194
-1.99999941490
-1.99999941750
-1.99999942010
-1.99999941536
-1.99999941063
-1.99999940392
-1.99999940463
-1.99999941364
-1.99999941622
-1.99999941091
-1.99999941436
-1.99999940942
-1.99999940961
-1.99999940368
-1.99999940692
-1.99999941136
-1.99999941743
-1.99999941573
-1.99999941343
-1.99999940534
-1.99999940473
-1.99999941421
-1.99999941787
-1.99999941518
-1.99999941051
-1.99999941565
-1.99999941388
-1.99999940774
-1.99999941033
-1.99999941217
-1.99999941599
-1.99999941996
-1.99999941477
-1.99999940818
-1.99999940931
-1.99999941370
-1.99999941395
-1.99999941227
-1.99999941583
-1.99999941779
-1.99999941120
-1.99999940518
-1.99999940615
-1.99999941522
-1.99999941600
-1.99999941377
-1.99999941201
-1.99999941471
-1.99999941294
-1.99999940870
-1.99999940831
-1.99999941367
-1.99999941520
-1.99999941363
-1.99999941759
-1.99999941623
-1.99999941804
-1.99999941904
-1.99999941563
-1.99999941233
-1.99999940850
-1.99999940473
-1.99999940902
-1.99999941151
-1.99999941461
-1.99999941949
-1.99999941264
-1.99999940858
-1.99999941054
-1.99999940878
-1.99999941154
-1.99999940751
-1.99999940495
-1.99999941415
-1.99999940901
-1.99999941341
-1.99999941557
-1.99999941415
-1.99999941221
-1.99999941805
-1.99999942442
-1.99999942318
-1.99999942229
-1.99999941191
-1.99999941072
-1.99999940953
-1.99999940676
-1.99999941409
-1.99999940947
-1.99999940830
-1.99999940733
-1.99999940090
-1.99999940504
-1.99999942098
-1.99999942018
-1.99999941031
-1.99999941163
-1.99999941119
-1.99999941570
-1.99999942026
-1.99999941440
-1.99999941784
-1.99999941730
-1.99999941630
-1.99999941009
-1.99999940994
-1.99999940590
-1.99999941477
-1.99999941618
-1.99999942080
-1.99999942258
-1.99999940887
-1.99999940484
-1.99999940662
-1.99999941698
-1.99999941327
-1.99999941532
-1.99999941614
-1.99999941977
-1.99999941620
-1.99999941449
-1.99999941494
-1.99999941431
-1.99999941191
-1.99999941451
-1.99999941538
-1.99999940638
-1.99999940851
-1.99999940918
-1.99999941505
-1.99999941596
-1.99999941456
-1.99999940990
-1.99999941023
-1.99999941155
-1.99999941031
-1.99999940961
-1.99999940434
-1.99999941576
-1.99999942419
-1.99999942912
-1.99999941723
-1.99999940366
-1.99999939832
-1.99999940878
-1.99999941230
-1.99999941254
-1.99999941298
-1.99999940695
-1.99999940682
-1.99999941493
-1.99999940775
-1.99999940247
-1.99999941134
-1.99999942566
-1.99999942521
-1.99999941729
-1.99999941552
-1.99999941420
-1.99999941339
-1.99999941332
-1.99999941420
-1.99999941552
-1.99999941902
-1.99999941645
-1.99999941160
-1.99999940989
-1.99999940053
-1.99999941340
-1.99999943151
-1.99999942508
-1.99999941646
-1.99999941404
-1.99999940823
-1.99999941119
-1.99999941330
-1.99999941705
-1.99999941522
-1.99999941358
-1.99999941692
-1.99999941593
-1.99999941155
-1.99999941178
-1.99999941332
-1.99999941061
-1.99999940966
-1.99999940872
-1.99999941105
-1.99999940617
-1.99999941191
-1.99999941280
-1.99999941622
-1.99999941446
-1.99999941521
-1.99999941936
-1.99999941464
-1.99999941518
-1.99999941428
-1.99999941523
-1.99999940862
-1.99999940719
-1.99999941247
-1.99999941489
-1.99999941359
-1.99999941832
-1.99999941643
-1.99999941493
-1.99999941703
-1.99999941195
-1.99999940956
-1.99999941131
-1.99999941357
-1.99999941570
-1.99999940694
-1.99999940937
-1.99999941730
-1.99999941455
-1.99999940673
-1.99999941749
-1.99999941392
-1.99999941040
-1.99999941013
-1.99999941222
-1.99999941456
-1.99999941700
-1.99999941941
-1.99999941379
-1.99999941298
-1.99999941916
-1.99999942077
-1.99999941046
-1.99999941125
-1.99999941115
-1.99999941230
-1.99999941604
-1.99999941235
-1.99999940687
-1.99999941174
-1.99999941333
-1.99999941204
-1.99999941003
-1.99999940876
-1.99999941245
-1.99999941666
-1.99999942045
-1.99999941605
-1.99999941359
-1.99999941171
-1.99999941263
-1.99999941360
-1.99999941299
-1.99999941721
-1.99999941338
-1.99999941516
-1.99999941396
-1.99999941398
-1.99999941332
-1.99999941171
-1.99999941107
-1.99999941395
-1.99999940626
-1.99999940850
-1.99999940916
-1.99999941568
-1.99999942044
-1.99999941448
-1.99999940651
-1.99999940454
-1.99999941348
-1.99999941866
-1.99999942030
-1.99999941112
-1.99999940889
-1.99999940963
-1.99999941627
-1.99999941664
-1.99999941597
-1.99999941403
-1.99999941717
-1.99999941208
-1.99999941279
-1.99999941243
-1.99999941747
-1.99999941527
-1.99999941907
-1.99999941238
-1.99999941228
-1.99999940766
-1.99999941470
-1.99999941132
-1.99999941269
-1.99999940916
-1.99999941339
-1.99999940879
-1.99999941477
-1.99999940873
-1.99999941323
-1.99999940934
-1.99999940892
-1.99999941436
-1.99999941228
-1.99999941650
-1.99999941276
-1.99999941190
-1.99999941767
-1.99999941548
-1.99999941041
-1.99999941404
-1.99999941779
-1.99999941069
-1.99999941223
-1.99999940940
-1.99999941373
-1.99999941472
-1.99999941366
-1.99999941043
-1.99999940796
-1.99999941723
-1.99999941707
-1.99999941192
-1.99999941665
-1.99999941334
-1.99999941233
-1.99999940712
-1.99999941068
-1.99999940832
-1.99999940506
-1.99999941394
-1.99999941848
-1.99999942259
-1.99999942937
-1.99999942162
-1.99999940816
-1.99999940714
-1.99999941621
-1.99999941596
-1.99999941098
-1.99999941089
-1.99999940552
-1.99999940324
-1.99999941221
-1.99999941298
-1.99999941005
-1.99999941088
-1.99999940698
-1.99999940531
-1.99999940645
-1.99999941359
-1.99999941513
-1.99999941449
-1.99999941620
-1.99999941311
-1.99999941190
-1.99999940864
-1.99999941680
-1.99999941710
-1.99999941671
-1.99999941632
-1.99999940634
-1.99999941200
-1.99999941076
-1.99999941244
-1.99999940666
-1.99999940948
-1.99999941658
-1.99999941617
-1.99999942029
-1.99999941990
-1.99999941226
-1.99999941025
-1.99999940287
-1.99999940715
-1.99999940382
-1.99999940660
-1.99999941096
-1.99999941151
-1.99999940933
-1.99999940922
-1.99999940949
-1.99999941596
-1.99999941184
-1.99999941030
-1.99999941580
-1.99999941167
-1.99999940497
-1.99999940704
-1.99999941379
-1.99999942469
-1.99999942213
-1.99999941450
-1.99999941436
-1.99999940583
-1.99999939897
-1.99999941242
-1.99999942467
-1.99999942759
-1.99999941394
-1.99999940985
-1.99999941051
-1.99999941385
-1.99999940590
-1.99999941342
-1.99999941376
-1.99999941691
-1.99999941170
-1.99999941256
-1.99999941760
-1.99999941242
-1.99999941339
-1.99999941127
-1.99999940834
-1.99999941452
-1.99999941764
-1.99999941272
-1.99999941416
-1.99999941540
-1.99999940883
-1.99999940667
-1.99999941396
-1.99999941320
-1.99999941690
-1.99999941315
-1.99999940976
-1.99999940372
-1.99999940920
-1.99999941614
-1.99999941479
-1.99999941091
-1.99999940978
-1.99999941568
-1.99999941689
-1.99999941678
-1.99999941664
-1.99999941103
-1.99999940459
-1.99999940427
-1.99999940490
-1.99999940423
-1.99999941271
-1.99999941701
-1.99999941903
-1.99999941755
-1.99999940987
-1.99999941692
-1.99999942045
-1.99999941450
-1.99999940629
-1.99999940867
-1.99999941279
-1.99999940998
-1.99999940979
-1.99999941775
-1.99999941747
-1.99999941738
-1.99999941038
-1.99999941216
-1.99999941751
-1.99999941264
-1.99999940863
-1.99999940533
-1.99999940622
-1.99999940188
-1.99999940422
-1.99999942398
-1.99999942945
-1.99999941946
-1.99999941109
-1.99999941023
-1.99999941491
-1.99999941510
-1.99999941165
-1.99999941056
-1.99999941617
-1.99999941869
-1.99999942225
-1.99999941595
-1.99999941681
-1.99999941590
-1.99999942021
-1.99999941698
-1.99999941676
-1.99999941719
-1.99999940889
-1.99999940565
-1.99999940771
-1.99999940385
-1.99999940942
-1.99999941686
-1.99999941261
-1.99999941735
-1.99999942365
-1.99999941870
-1.99999941302
-1.99999940924
-1.99999940385
-1.99999940203
-1.99999941532
-1.99999941432
-1.99999941094
-1.99999941346
-1.99999941651
-1.99999941480
-1.99999941849
-1.99999941137
-1.99999940275
-1.99999940896
-1.99999941753
-1.99999941831
-1.99999942256
-1.99999942439
-1.99999942109
-1.99999941333
-1.99999941179
-1.99999940873
-1.99999941484
-1.99999941010
-1.99999941365
-1.99999942071
-1.99999941308
-1.99999941312
-1.99999940508
-1.99999940855
-1.99999941365
-1.99999941451
-1.99999941100
-1.99999941017
-1.99999941367
-1.99999941359
-1.99999941001
-1.99999940888
-1.99999941970
-1.99999942426
-1.99999941157
-1.99999940739
-1.99999940989
-1.99999940713
-1.99999940932
-1.99999941802
-1.99999942063
-1.99999941668
-1.99999940817
-1.99999940502
-1.99999941143
-1.99999941443
-1.99999940958
-1.99999941244
-1.99999941533
-1.99999941693
-1.99999941694
-1.99999941205
-1.99999940968
-1.99999940750
-1.99999941834
-1.99999942145
-1.99999941703
-1.99999941161
-1.99999940580
-1.99999940783
-1.99999940872
-1.99999941388
-1.99999941676
-1.99999941630
-1.99999940753
-1.99999941357
-1.99999941288
-1.99999941200
-1.99999940635
-1.99999941206
-1.99999941491
-1.99999941244
-1.99999941371
-1.99999940877
-1.99999940735
-1.99999941136
-1.99999940925
-1.99999941087
-1.99999940706
-1.99999940311
-1.99999941555
-1.99999942722
-1.99999942340
-1.99999941079
-1.99999941040
-1.99999940708
-1.99999941094
-1.99999941165
-1.99999940679
-1.99999940647
-1.99999940658
-1.99999941680
-1.99999942696
-1.99999942385
-1.99999941438
-1.99999941268
-1.99999941026
-1.99999940640
-1.99999940796
-1.99999941392
-1.99999941445
-1.99999941110
-1.99999940999
-1.99999941198
-1.99999941418
-1.99999940846
-1.99999941438
-1.99999940827
-1.99999941101
-1.99999941381
-1.99999940786
-1.99999941319
-1.99999941207
-1.99999940552
-1.99999940482
-1.99999941861
-1.99999942321
-1.99999941800
-1.99999940697
-1.99999941343
-1.99999942109
-1.99999941774
-1.99999941808
-1.99999940874
-1.99999941360
-1.99999940901
-1.99999941164
-1.99999941810
-1.99999942098
-1.99999941153
-1.99999940984
-1.99999940560
-1.99999941242
-1.99999941384
-1.99999941440
-1.99999941243
-1.99999940948
-1.99999941789
-1.99999941671
-1.99999940973
-1.99999940513
-1.99999940868
-1.99999940482
-1.99999940823
-1.99999941577
-1.99999942671
-1.99999942501
-1.99999941901
-1.99999941164
-1.99999940554
-1.99999940399
-1.99999940779
-1.99999941655
-1.99999941345
-1.99999940944
-1.99999941276
-1.99999941139
-1.99999941359
-1.99999941073
-1.99999941681
-1.99999941477
-1.99999941962
-1.99999941648
-1.99999940969
-1.99999940516
-1.99999941385
-1.99999941572
-1.99999941763
-1.99999941632
-1.99999941313
-1.99999941648
-1.99999941899
-1.99999940804
-1.99999941090
-1.99999941305
-1.99999941538
-1.99999941783
-1.99999941460
-1.99999941745
-1.99999941225
-1.99999941290
-1.99999941273
-1.99999941812
-1.99999942079
-1.99999941599
-1.99999941652
-1.99999941639
-1.99999941835
-1.99999941328
-1.99999941957
-1.99999941410
-1.99999941400
-1.99999940580
-1.99999940613
-1.99999941010
-1.99999940872
-1.99999941302
-1.99999941661
-1.99999940893
-1.99999940635
-1.99999940892
-1.99999941314
-1.99999941464
-1.99999940166
-1.99999940398
-1.99999942602
-1.99999943335
-1.99999943594
-1.99999942950
-1.99999941166
-1.99999940813
-1.99999940732
-1.99999940481
-1.99999940631
-1.99999941044
-1.99999940976
-1.99999941394
-1.99999942090
-1.99999942367
-1.99999942169
-1.99999940827
-1.99999941296
-1.99999942039
-1.99999941647
-1.99999941678
-1.99999941307
-1.99999940647
-1.99999940811
-1.99999940799
-1.99999941604
-1.99999941292
-1.99999941811
-1.99999941676
-1.99999941338
-1.99999941174
-1.99999941216
-1.99999940453
-1.99999940854
-1.99999941205
-1.99999940785
-1.99999941574
-1.99999942306
-1.99999941355
-1.99999941905
-1.99999941939
-1.99999941568
-1.99999941616
-1.99999941863
-1.99999941113
-1.99999940628
-1.99999940806
-1.99999940991
-1.99999941565
-1.99999941487
-1.99999941429
-1.99999941850
-1.99999941665
-1.99999941507
-1.99999941494
-1.99999940911
-1.99999940609
-1.99999940406
-1.99999940712
-1.99999941597
-1.99999941509
-1.99999941485
-1.99999941244
-1.99999940914
-1.99999940833
-1.99999940346
-1.99999940472
-1.99999941295
-1.99999941902
-1.99999941039
-1.99999940983
-1.99999941553
-1.99999941419
-1.99999941216
-1.99999940513
-1.99999940888
-1.99999941570
-1.99999941637
-1.99999941077
-1.99999940317
-1.99999940937
-1.99999941916
-1.99999941933
-1.99999941663
-1.99999941453
-1.99999941200
-1.99999940724
-1.99999940666
-1.99999940840
-1.99999940915
-1.99999940819
-1.99999941197
-1.99999941215
-1.99999941477
-1.99999941978
-1.99999941281
-1.99999941410
-1.99999941589
-1.99999941187
-1.99999941547
-1.99999941584
-1.99999940792
-1.99999940859
-1.99999940910
-1.99999940349
-1.99999940812
-1.99999942264
-1.99999942516
-1.99999941457
-1.99999941074
-1.99999941186
-1.99999940636
-1.99999940996
-1.99999941114
-1.99999941122
-1.99999940847
-1.99999940821
-1.99999940702
-1.99999941232
-1.99999941484
-1.99999941762
-1.99999941736
-1.99999941230
-1.99999940941
-1.99999941399
-1.99999941593
-1.99999941570
-1.99999940884
-1.99999941153
-1.99999941522
-1.99999941696
-1.99999941337
-1.99999941125
-1.99999941290
-1.99999941534
-1.99999941314
-1.99999941527
-1.99999941109
-1.99999940718
-1.99999940749
-1.99999940998
-1.99999941296
-1.99999941517
-1.99999941384
-1.99999941226
-1.99999941388
-1.99999941923
-1.99999941919
-1.99999941949
-1.99999941782
-1.99999941932
-1.99999941448
-1.99999941152
-1.99999940981
-1.99999941450
-1.99999940760
-1.99999940833
-1.99999941154
-1.99999940543
-1.99999940959
-1.99999941186
-1.99999941052
-1.99999940971
-1.99999939938
-1.99999939329
-1.99999941078
-1.99999942290
-1.99999942742
-1.99999941864
-1.99999941133
-1.99999940839
-1.99999940718
-1.99999940264
-1.99999939559
-1.99999941239
-1.99999942877
-1.99999942917
-1.99999942355
-1.99999942333
-1.99999941524
-1.99999940647
-1.99999940973
-1.99999940955
-1.99999941267
-1.99999941639
-1.99999941386
-1.99999940823
-1.99999940830
-1.99999941179
-1.99999941910
-1.99999941276
-1.99999941634
-1.99999941383
-1.99999941141
-1.99999940873
-1.99999940590
-1.99999940643
-1.99999941299
-1.99999941814
-1.99999941454
-1.99999941649
-1.99999941293
-1.99999940840
-1.99999940682
-1.99999941181
-1.99999941806
-1.99999941344
-1.99999941305
-1.99999941083
-1.99999941693
-1.99999941270
-1.99999941651
-1.99999941381
-1.99999940319
-1.99999940983
-1.99999941461
-1.99999941750
-1.99999941697
-1.99999940953
-1.99999941100
-1.99999941114
-1.99999941646
-1.99999941337
-1.99999940871
-1.99999941129
-1.99999941580
-1.99999941634
-1.99999941936
-1.99999941249
-1.99999941285
-1.99999940717
-1.99999940972
-1.99999941002
-1.99999941399
-1.99999941279
-1.99999941599
-1.99999941654
-1.99999941569
-1.99999941394
-1.99999940379
-1.99999941403
-1.99999941535
-1.99999941711
-1.99999941652
-1.99999941649
-1.99999941083
-1.99999941564
-1.99999941058
-1.99999940974
-1.99999940907
-1.99999941277
-1.99999940416
-1.99999940518
-1.99999941418
-1.99999941757
-1.99999941932
-1.99999941477
-1.99999940983
-1.99999941132
-1.99999940904
-1.99999941489
-1.99999942012
-1.99999941531
-1.99999940874
-1.99999940872
-1.99999941206
-1.99999940460
-1.99999940577
-1.99999941170
-1.99999941830
-1.99999942458
-1.99999941673
-1.99999940181
-1.99999939089
-1.99999939728
-1.99999940541
